Archive member included to satisfy reference by file (symbol)

/opt/arm-gnu-toolchain-15.2.rel1-x86_64-arm-none-eabi/bin/../lib/gcc/arm-none-eabi/15.2.1/../../../../arm-none-eabi/lib/thumb/v7e-m+fp/hard/libm.a(libm_a-wf_atan2.o)
                              build/Core/Src/ComplementaryFilter.o (atan2f)
/opt/arm-gnu-toolchain-15.2.rel1-x86_64-arm-none-eabi/bin/../lib/gcc/arm-none-eabi/15.2.1/../../../../arm-none-eabi/lib/thumb/v7e-m+fp/hard/libm.a(libm_a-wf_exp.o)
                              build/Core/Src/NeuralNetwork.o (expf)
/opt/arm-gnu-toolchain-15.2.rel1-x86_64-arm-none-eabi/bin/../lib/gcc/arm-none-eabi/15.2.1/../../../../arm-none-eabi/lib/thumb/v7e-m+fp/hard/libm.a(libm_a-wf_log.o)
                              build/Core/Src/NeuralNetwork.o (logf)
/opt/arm-gnu-toolchain-15.2.rel1-x86_64-arm-none-eabi/bin/../lib/gcc/arm-none-eabi/15.2.1/../../../../arm-none-eabi/lib/thumb/v7e-m+fp/hard/libm.a(libm_a-wf_sqrt.o)
                              build/Core/Src/FeatureExtractor.o (sqrtf)
/opt/arm-gnu-toolchain-15.2.rel1-x86_64-arm-none-eabi/bin/../lib/gcc/arm-none-eabi/15.2.1/../../../../arm-none-eabi/lib/thumb/v7e-m+fp/hard/libm.a(libm_a-sf_finite.o)
                              /opt/arm-gnu-toolchain-15.2.rel1-x86_64-arm-none-eabi/bin/../lib/gcc/arm-none-eabi/15.2.1/../../../../arm-none-eabi/lib/thumb/v7e-m+fp/hard/libm.a(libm_a-wf_exp.o) (finitef)
/opt/arm-gnu-toolchain-15.2.rel1-x86_64-arm-none-eabi/bin/../lib/gcc/arm-none-eabi/15.2.1/../../../../arm-none-eabi/lib/thumb/v7e-m+fp/hard/libm.a(libm_a-sf_nan.o)
                              /opt/arm-gnu-toolchain-15.2.rel1-x86_64-arm-none-eabi/bin/../lib/gcc/arm-none-eabi/15.2.1/../../../../arm-none-eabi/lib/thumb/v7e-m+fp/hard/libm.a(libm_a-wf_log.o) (nanf)
/opt/arm-gnu-toolchain-15.2.rel1-x86_64-arm-none-eabi/bin/../lib/gcc/arm-none-eabi/15.2.1/../../../../arm-none-eabi/lib/thumb/v7e-m+fp/hard/libm.a(libm_a-ef_sqrt.o)
                              /opt/arm-gnu-toolchain-15.2.rel1-x86_64-arm-none-eabi/bin/../lib/gcc/arm-none-eabi/15.2.1/../../../../arm-none-eabi/lib/thumb/v7e-m+fp/hard/libm.a(libm_a-wf_sqrt.o) (__ieee754_sqrtf)
/opt/arm-gnu-toolchain-15.2.rel1-x86_64-arm-none-eabi/bin/../lib/gcc/arm-none-eabi/15.2.1/../../../../arm-none-eabi/lib/thumb/v7e-m+fp/hard/libm.a(libm_a-ef_atan2.o)
                              /opt/arm-gnu-toolchain-15.2.rel1-x86_64-arm-none-eabi/bin/../lib/gcc/arm-none-eabi/15.2.1/../../../../arm-none-eabi/lib/thumb/v7e-m+fp/hard/libm.a(libm_a-wf_atan2.o) (__ieee754_atan2f)
/opt/arm-gnu-toolchain-15.2.rel1-x86_64-arm-none-eabi/bin/../lib/gcc/arm-none-eabi/15.2.1/../../../../arm-none-eabi/lib/thumb/v7e-m+fp/hard/libm.a(libm_a-ef_exp.o)
                              /opt/arm-gnu-toolchain-15.2.rel1-x86_64-arm-none-eabi/bin/../lib/gcc/arm-none-eabi/15.2.1/../../../../arm-none-eabi/lib/thumb/v7e-m+fp/hard/libm.a(libm_a-wf_exp.o) (__ieee754_expf)
/opt/arm-gnu-toolchain-15.2.rel1-x86_64-arm-none-eabi/bin/../lib/gcc/arm-none-eabi/15.2.1/../../../../arm-none-eabi/lib/thumb/v7e-m+fp/hard/libm.a(libm_a-ef_log.o)
                              /opt/arm-gnu-toolchain-15.2.rel1-x86_64-arm-none-eabi/bin/../lib/gcc/arm-none-eabi/15.2.1/../../../../arm-none-eabi/lib/thumb/v7e-m+fp/hard/libm.a(libm_a-wf_log.o) (__ieee754_logf)
/opt/arm-gnu-toolchain-15.2.rel1-x86_64-arm-none-eabi/bin/../lib/gcc/arm-none-eabi/15.2.1/../../../../arm-none-eabi/lib/thumb/v7e-m+fp/hard/libm.a(libm_a-sf_atan.o)
                              /opt/arm-gnu-toolchain-15.2.rel1-x86_64-arm-none-eabi/bin/../lib/gcc/arm-none-eabi/15.2.1/../../../../arm-none-eabi/lib/thumb/v7e-m+fp/hard/libm.a(libm_a-ef_atan2.o) (atanf)
/opt/arm-gnu-toolchain-15.2.rel1-x86_64-arm-none-eabi/bin/../lib/gcc/arm-none-eabi/15.2.1/../../../../arm-none-eabi/lib/thumb/v7e-m+fp/hard/libm.a(libm_a-sf_fabs.o)
                              /opt/arm-gnu-toolchain-15.2.rel1-x86_64-arm-none-eabi/bin/../lib/gcc/arm-none-eabi/15.2.1/../../../../arm-none-eabi/lib/thumb/v7e-m+fp/hard/libm.a(libm_a-ef_atan2.o) (fabsf)
/opt/arm-gnu-toolchain-15.2.rel1-x86_64-arm-none-eabi/bin/../lib/gcc/arm-none-eabi/15.2.1/../../../../arm-none-eabi/lib/thumb/v7e-m+fp/hard/libm.a(libm_a-math_errf.o)
                              /opt/arm-gnu-toolchain-15.2.rel1-x86_64-arm-none-eabi/bin/../lib/gcc/arm-none-eabi/15.2.1/../../../../arm-none-eabi/lib/thumb/v7e-m+fp/hard/libm.a(libm_a-ef_exp.o) (__math_uflowf)
/opt/arm-gnu-toolchain-15.2.rel1-x86_64-arm-none-eabi/bin/../lib/gcc/arm-none-eabi/15.2.1/../../../../arm-none-eabi/lib/thumb/v7e-m+fp/hard/libc_nano.a(libc_a-exit.o)
                              /opt/arm-gnu-toolchain-15.2.rel1-x86_64-arm-none-eabi/bin/../lib/gcc/arm-none-eabi/15.2.1/../../../../arm-none-eabi/lib/thumb/v7e-m+fp/hard/crt0.o (exit)
/opt/arm-gnu-toolchain-15.2.rel1-x86_64-arm-none-eabi/bin/../lib/gcc/arm-none-eabi/15.2.1/../../../../arm-none-eabi/lib/thumb/v7e-m+fp/hard/libc_nano.a(libc_a-nano-vfprintf_float.o)
                              (_printf_float)
[...]
Memory Configuration

Name             Origin             Length             Attributes
CCMRAM           0x10000000         0x00010000         xrw
FLASH            0x08000000         0x00100000         xr
RAM              0x20000000         0x00020000         xrw
SRAM2            0x2001c000         0x00004000         xrw
*default*        0x00000000         0xffffffff

Linker script and memory map

LOAD /opt/arm-gnu-toolchain-15.2.rel1-x86_64-arm-none-eabi/bin/../lib/gcc/arm-none-eabi/15.2.1/thumb/v7e-m+fp/hard/crti.o
LOAD /opt/arm-gnu-toolchain-15.2.rel1-x86_64-arm-none-eabi/bin/../lib/gcc/arm-none-eabi/15.2.1/thumb/v7e-m+fp/hard/crtbegin.o
LOAD /opt/arm-gnu-toolchain-15.2.rel1-x86_64-arm-none-eabi/bin/../lib/gcc/arm-none-eabi/15.2.1/../../../../arm-none-eabi/lib/thumb/v7e-m+fp/hard/crt0.o
LOAD build/Core/Src/main.o
LOAD build/Core/Src/MPU6050.o
LOAD build/Core/Src/ComplementaryFilter.o
LOAD build/Core/Src/FeatureExtractor.o
LOAD build/Core/Src/NeuralNetwork.o
LOAD build/Core/Src/Serialization.o
LOAD build/Core/Src/FederatedClient.o
LOAD build/Core/Src/Utils.o
LOAD build/Core/Src/AppModule.o
LOAD build/Core/Src/SDCard.o
LOAD build/Core/Src/diskio.o
LOAD build/Core/Src/DataLogger.o
LOAD build/Middlewares/Third_Party/FatFs/src/ff.o
LOAD build/Middlewares/Third_Party/FatFs/src/ffunicode.o
LOAD build/Drivers/STM32F4xx_HAL_Driver/Src/stm32f4xx_hal.o
LOAD build/Drivers/STM32F4xx_HAL_Driver/Src/stm32f4xx_hal_cortex.o
LOAD build/Drivers/STM32F4xx_HAL_Driver/Src/stm32f4xx_hal_rcc.o
LOAD build/Drivers/STM32F4xx_HAL_Driver/Src/stm32f4xx_hal_rcc_ex.o
LOAD build/Drivers/STM32F4xx_HAL_Driver/Src/stm32f4xx_hal_gpio.o
LOAD build/Drivers/STM32F4xx_HAL_Driver/Src/stm32f4xx_hal_uart.o
LOAD build/Drivers/STM32F4xx_HAL_Driver/Src/stm32f4xx_hal_i2c.o
LOAD build/Drivers/STM32F4xx_HAL_Driver/Src/stm32f4xx_hal_tim.o
LOAD build/Drivers/STM32F4xx_HAL_Driver/Src/stm32f4xx_hal_tim_ex.o
LOAD build/Drivers/STM32F4xx_HAL_Driver/Src/stm32f4xx_hal_pwr.o
LOAD build/Drivers/STM32F4xx_HAL_Driver/Src/stm32f4xx_hal_pwr_ex.o
LOAD build/Drivers/STM32F4xx_HAL_Driver/Src/stm32f4xx_hal_dma.o
LOAD build/Drivers/STM32F4xx_HAL_Driver/Src/stm32f4xx_hal_flash.o
LOAD build/Drivers/STM32F4xx_HAL_Driver/Src/stm32f4xx_hal_flash_ex.o
LOAD build/Drivers/STM32F4xx_HAL_Driver/Src/stm32f4xx_hal_sd.o
LOAD build/Drivers/STM32F4xx_HAL_Driver/Src/stm32f4xx_ll_sdmmc.o
LOAD build/Core/Src/stm32f4xx_hal_msp.o
LOAD build/Core/Src/stm32f4xx_it.o
LOAD build/Core/Src/system_stm32f4xx.o
LOAD build/startup_stm32f405xx.o
LOAD /opt/arm-gnu-toolchain-15.2.rel1-x86_64-arm-none-eabi/bin/../lib/gcc/arm-none-eabi/15.2.1/../../../../arm-none-eabi/lib/thumb/v7e-m+fp/hard/libm.a
LOAD /opt/arm-gnu-toolchain-15.2.rel1-x86_64-arm-none-eabi/bin/../lib/gcc/arm-none-eabi/15.2.1/../../../../arm-none-eabi/lib/thumb/v7e-m+fp/hard/libc_nano.a
START GROUP
LOAD /opt/arm-gnu-toolchain-15.2.rel1-x86_64-arm-none-eabi/bin/../lib/gcc/arm-none-eabi/15.2.1/thumb/v7e-m+fp/hard/libgcc.a
LOAD /opt/arm-gnu-toolchain-15.2.rel1-x86_64-arm-none-eabi/bin/../lib/gcc/arm-none-eabi/15.2.1/../../../../arm-none-eabi/lib/thumb/v7e-m+fp/hard/libc_nano.a
END GROUP
START GROUP
LOAD /opt/arm-gnu-toolchain-15.2.rel1-x86_64-arm-none-eabi/bin/../lib/gcc/arm-none-eabi/15.2.1/thumb/v7e-m+fp/hard/libgcc.a
LOAD /opt/arm-gnu-toolchain-15.2.rel1-x86_64-arm-none-eabi/bin/../lib/gcc/arm-none-eabi/15.2.1/../../../../arm-none-eabi/lib/thumb/v7e-m+fp/hard/libc_nano.a
LOAD /opt/arm-gnu-toolchain-15.2.rel1-x86_64-arm-none-eabi/bin/../lib/gcc/arm-none-eabi/15.2.1/../../../../arm-none-eabi/lib/thumb/v7e-m+fp/hard/libnosys.a
END GROUP
START GROUP
LOAD /opt/arm-gnu-toolchain-15.2.rel1-x86_64-arm-none-eabi/bin/../lib/gcc/arm-none-eabi/15.2.1/thumb/v7e-m+fp/hard/libgcc.a
LOAD /opt/arm-gnu-toolchain-15.2.rel1-x86_64-arm-none-eabi/bin/../lib/gcc/arm-none-eabi/15.2.1/../../../../arm-none-eabi/lib/thumb/v7e-m+fp/hard/libc_nano.a
LOAD /opt/arm-gnu-toolchain-15.2.rel1-x86_64-arm-none-eabi/bin/../lib/gcc/arm-none-eabi/15.2.1/../../../../arm-none-eabi/lib/thumb/v7e-m+fp/hard/libnosys.a
END GROUP
LOAD /opt/arm-gnu-toolchain-15.2.rel1-x86_64-arm-none-eabi/bin/../lib/gcc/arm-none-eabi/15.2.1/thumb/v7e-m+fp/hard/crtend.o
LOAD /opt/arm-gnu-toolchain-15.2.rel1-x86_64-arm-none-eabi/bin/../lib/gcc/arm-none-eabi/15.2.1/thumb/v7e-m+fp/hard/crtn.o
                0x20020000                        _estack = (ORIGIN (RAM) + LENGTH (RAM))
                0x00000000                        _Min_Heap_Size = 0x0
                0x00000800                        _Min_Stack_Size = 0x800

.isr_vector     0x08000000      0x188
                0x08000000                        . = ALIGN (0x4)
 *(.isr_vector)
 .isr_vector    0x08000000      0x188 build/startup_stm32f405xx.o
                0x08000000                g_pfnVectors
                0x08000188                        . = ALIGN (0x4)

.text           0x08000190     0xc0d0
                0x08000190                        . = ALIGN (0x4)
 *(.text)
 .text          0x08000190       0xa0 /opt/arm-gnu-toolchain-15.2.rel1-x86_64-arm-none-eabi/bin/../lib/gcc/arm-none-eabi/15.2.1/../../../../arm-none-eabi/lib/thumb/v7e-m+fp/hard/libc_nano.a(libc_a-memchr.o)
                0x08000190                memchr
 .text          0x08000230       0x10 /opt/arm-gnu-toolchain-15.2.rel1-x86_64-arm-none-eabi/bin/../lib/gcc/arm-none-eabi/15.2.1/../../../../arm-none-eabi/lib/thumb/v7e-m+fp/hard/libc_nano.a(libc_a-strlen.o)
                0x08000230                strlen
 .text          0x08000240      0x378 /opt/arm-gnu-toolchain-15.2.rel1-x86_64-arm-none-eabi/bin/../lib/gcc/arm-none-eabi/15.2.1/thumb/v7e-m+fp/hard/libgcc.a(_arm_addsubdf3.o)
                0x08000240                __aeabi_drsub
                0x08000248                __aeabi_dsub
                0x08000248                __subdf3
                0x0800024c                __adddf3
                0x0800024c                __aeabi_dadd
                0x080004c4                __aeabi_ui2d
                0x080004c4                __floatunsidf
                0x080004e4                __floatsidf
                0x080004e4                __aeabi_i2d
                0x08000508                __extendsfdf2
                0x08000508                __aeabi_f2d
                0x0800054c                __aeabi_ul2d
                0x0800054c                __floatundidf
                0x0800055c                __floatdidf
                0x0800055c                __aeabi_l2d
 .text          0x080005b8      0x424 /opt/arm-gnu-toolchain-15.2.rel1-x86_64-arm-none-eabi/bin/../lib/gcc/arm-none-eabi/15.2.1/thumb/v7e-m+fp/hard/libgcc.a(_arm_muldivdf3.o)
                0x080005b8                __aeabi_dmul
                0x080005b8                __muldf3
                0x0800080c                __aeabi_ddiv
                0x0800080c                __divdf3
 .text          0x080009dc      0x110 /opt/arm-gnu-toolchain-15.2.rel1-x86_64-arm-none-eabi/bin/../lib/gcc/arm-none-eabi/15.2.1/thumb/v7e-m+fp/hard/libgcc.a(_arm_cmpdf2.o)
                0x080009dc                __gtdf2
                0x080009dc                __gedf2
                0x080009e4                __ltdf2
                0x080009e4                __ledf2
                0x080009ec                __cmpdf2
                0x080009ec                __eqdf2
                0x080009ec                __nedf2
                0x08000a68                __aeabi_cdrcmple
                0x08000a78                __aeabi_cdcmple
                0x08000a78                __aeabi_cdcmpeq
                0x08000a88                __aeabi_dcmpeq
                0x08000a9c                __aeabi_dcmplt
                0x08000ab0                __aeabi_dcmple
                0x08000ac4                __aeabi_dcmpge
                0x08000ad8                __aeabi_dcmpgt
 .text          0x08000aec       0x2c /opt/arm-gnu-toolchain-15.2.rel1-x86_64-arm-none-eabi/bin/../lib/gcc/arm-none-eabi/15.2.1/thumb/v7e-m+fp/hard/libgcc.a(_arm_unorddf2.o)
                0x08000aec                __aeabi_dcmpun
                0x08000aec                __unorddf2
 .text          0x08000b18       0x50 /opt/arm-gnu-toolchain-15.2.rel1-x86_64-arm-none-eabi/bin/../lib/gcc/arm-none-eabi/15.2.1/thumb/v7e-m+fp/hard/libgcc.a(_arm_fixdfsi.o)
                0x08000b18                __fixdfsi
                0x08000b18                __aeabi_d2iz
 .text          0x08000b68       0x30 /opt/arm-gnu-toolchain-15.2.rel1-x86_64-arm-none-eabi/bin/../lib/gcc/arm-none-eabi/15.2.1/thumb/v7e-m+fp/hard/libgcc.a(_aeabi_uldivmod.o)
                0x08000b68                __aeabi_uldivmod
 .text          0x08000b98        0x4 /opt/arm-gnu-toolchain-15.2.rel1-x86_64-arm-none-eabi/bin/../lib/gcc/arm-none-eabi/15.2.1/thumb/v7e-m+fp/hard/libgcc.a(_dvmd_tls.o)
                0x08000b98                __aeabi_ldiv0
                0x08000b98                __aeabi_idiv0
 *(.text*)
 .text.deregister_tm_clones
                0x08000b9c       0x1c /opt/arm-gnu-toolchain-15.2.rel1-x86_64-arm-none-eabi/bin/../lib/gcc/arm-none-eabi/15.2.1/thumb/v7e-m+fp/hard/crtbegin.o
 .text.register_tm_clones
                0x08000bb8       0x24 /opt/arm-gnu-toolchain-15.2.rel1-x86_64-arm-none-eabi/bin/../lib/gcc/arm-none-eabi/15.2.1/thumb/v7e-m+fp/hard/crtbegin.o
 .text.__do_global_dtors_aux
                0x08000bdc       0x28 /opt/arm-gnu-toolchain-15.2.rel1-x86_64-arm-none-eabi/bin/../lib/gcc/arm-none-eabi/15.2.1/thumb/v7e-m+fp/hard/crtbegin.o
 .text.frame_dummy
                0x08000c04       0x24 /opt/arm-gnu-toolchain-15.2.rel1-x86_64-arm-none-eabi/bin/../lib/gcc/arm-none-eabi/15.2.1/thumb/v7e-m+fp/hard/crtbegin.o
 .text.App_UpdateLEDs
                0x08000c28       0x4c build/Core/Src/main.o
 .text.Mod_FeatureWindow_Tick
                0x08000c74      0x198 build/Core/Src/main.o
 .text.Mod_UartCommand_Tick
                0x08000e0c      0x200 build/Core/Src/main.o
 .text.Mod_FLC_Tick
                0x0800100c       0x64 build/Core/Src/main.o
 .text.Mod_ImuSample_Tick
                0x08001070       0x7c build/Core/Src/main.o
 .text.startup.main
                0x080010ec      0x4b8 build/Core/Src/main.o
                0x080010ec                main
 .text.HAL_TIM_PeriodElapsedCallback
                0x080015a4       0x1c build/Core/Src/main.o
                0x080015a4                HAL_TIM_PeriodElapsedCallback
 .text.HAL_UART_RxCpltCallback
                0x080015c0       0x1c build/Core/Src/main.o
                0x080015c0                HAL_UART_RxCpltCallback
 .text.MPU6050_ReadRaw.part.0.isra.0
                0x080015dc       0x94 build/Core/Src/MPU6050.o
 .text.MPU6050_ReadReg
                0x08001670       0x48 build/Core/Src/MPU6050.o
                0x08001670                MPU6050_ReadReg
 .text.MPU6050_Init
                0x080016b8       0xc8 build/Core/Src/MPU6050.o
                0x080016b8                MPU6050_Init
 .text.MPU6050_ConvertToPhysical
                0x08001780       0xf0 build/Core/Src/MPU6050.o
                0x08001780                MPU6050_ConvertToPhysical
 .text.MPU6050_ReadScaled
                0x08001870       0x3c build/Core/Src/MPU6050.o
                0x08001870                MPU6050_ReadScaled
 .text.CF_Init  0x080018ac       0x20 build/Core/Src/ComplementaryFilter.o
                0x080018ac                CF_Init
 .text.CF_Update
                0x080018cc      0x14c build/Core/Src/ComplementaryFilter.o
                0x080018cc                CF_Update
 .text.FE_ZScoreNormalize.part.0
                0x08001a18      0x100 build/Core/Src/FeatureExtractor.o
 .text.FE_Init  0x08001b18        0xc build/Core/Src/FeatureExtractor.o
                0x08001b18                FE_Init
 .text.FE_Push  0x08001b24       0x58 build/Core/Src/FeatureExtractor.o
                0x08001b24                FE_Push
 .text.FE_BuildFeatureVector
                0x08001b7c       0x74 build/Core/Src/FeatureExtractor.o
                0x08001b7c                FE_BuildFeatureVector
 .text.NN_Init  0x08001bf0       0xec build/Core/Src/NeuralNetwork.o
                0x08001bf0                NN_Init
 .text.NN_Forward
                0x08001cdc      0x148 build/Core/Src/NeuralNetwork.o
                0x08001cdc                NN_Forward
 .text.NN_Backward
                0x08001e24      0x16c build/Core/Src/NeuralNetwork.o
                0x08001e24                NN_Backward
 .text.NN_UpdateWeights
                0x08001f90       0xa8 build/Core/Src/NeuralNetwork.o
                0x08001f90                NN_UpdateWeights
 .text.NN_TrainStep
                0x08002038       0x80 build/Core/Src/NeuralNetwork.o
                0x08002038                NN_TrainStep
 .text.NN_Predict
                0x080020b8       0x40 build/Core/Src/NeuralNetwork.o
                0x080020b8                NN_Predict
 .text.NN_PrintWeightStats
                0x080020f8      0x150 build/Core/Src/NeuralNetwork.o
                0x080020f8                NN_PrintWeightStats
 .text.FLC_Init
                0x08002248       0x4c build/Core/Src/FederatedClient.o
                0x08002248                FLC_Init
 .text.FLC_SubmitSample
                0x08002294      0x130 build/Core/Src/FederatedClient.o
                0x08002294                FLC_SubmitSample
 .text.FLC_DoTraining
                0x080023c4      0x140 build/Core/Src/FederatedClient.o
                0x080023c4                FLC_DoTraining
 .text.FLC_TriggerUpload
                0x08002504       0x60 build/Core/Src/FederatedClient.o
                0x08002504                FLC_TriggerUpload
 .text.FLC_Reset
                0x08002564       0x60 build/Core/Src/FederatedClient.o
                0x08002564                FLC_Reset
 .text.FLC_PrintStatus
                0x080025c4       0x74 build/Core/Src/FederatedClient.o
                0x080025c4                FLC_PrintStatus
 .text.FLC_Tick
                0x08002638      0x120 build/Core/Src/FederatedClient.o
                0x08002638                FLC_Tick
 .text.Utils_LogWrite
                0x08002758       0x10 build/Core/Src/Utils.o
                0x08002758                Utils_LogWrite
 .text.Utils_TimerInit
                0x08002768       0x54 build/Core/Src/Utils.o
                0x08002768                Utils_TimerInit
 .text.Utils_VecClip
                0x080027bc       0x38 build/Core/Src/Utils.o
                0x080027bc                Utils_VecClip
 .text.Utils_PrintMemoryStats
                0x080027f4      0x13c build/Core/Src/Utils.o
                0x080027f4                Utils_PrintMemoryStats
 .text.Utils_SeedRNG
                0x08002930       0x14 build/Core/Src/Utils.o
                0x08002930                Utils_SeedRNG
 .text.Utils_RandF
                0x08002944       0x2c build/Core/Src/Utils.o
                0x08002944                Utils_RandF
 .text.AppModule_Register
                0x08002970       0x94 build/Core/Src/AppModule.o
                0x08002970                AppModule_Register
 .text.AppModule_InitAll
                0x08002a04       0x2c build/Core/Src/AppModule.o
                0x08002a04                AppModule_InitAll
 .text.AppModule_TickAll
                0x08002a30       0x2c build/Core/Src/AppModule.o
                0x08002a30                AppModule_TickAll
 .text.AppModule_Count
                0x08002a5c        0xc build/Core/Src/AppModule.o
                0x08002a5c                AppModule_Count
 .text.SDCard_IsPresent
                0x08002a68        0x4 build/Core/Src/SDCard.o
                0x08002a68                SDCard_IsPresent
 .text.SDCard_ReadBlocks
                0x08002a6c       0x80 build/Core/Src/SDCard.o
                0x08002a6c                SDCard_ReadBlocks
 .text.SDCard_WriteBlocks
                0x08002aec       0x80 build/Core/Src/SDCard.o
                0x08002aec                SDCard_WriteBlocks
 .text.SDCard_GetBlockCount
                0x08002b6c       0x20 build/Core/Src/SDCard.o
                0x08002b6c                SDCard_GetBlockCount
 .text.SDCard_PrintInfo
                0x08002b8c       0xac build/Core/Src/SDCard.o
                0x08002b8c                SDCard_PrintInfo
 .text.SDCard_Init
                0x08002c38      0x18c build/Core/Src/SDCard.o
                0x08002c38                SDCard_Init
 .text.disk_initialize
                0x08002dc4       0x34 build/Core/Src/diskio.o
                0x08002dc4                disk_initialize
 .text.disk_status
                0x08002df8       0x24 build/Core/Src/diskio.o
                0x08002df8                disk_status
 .text.disk_read
                0x08002e1c       0x2c build/Core/Src/diskio.o
                0x08002e1c                disk_read
 .text.disk_write
                0x08002e48       0x2c build/Core/Src/diskio.o
                0x08002e48                disk_write
 .text.disk_ioctl
                0x08002e74       0x54 build/Core/Src/diskio.o
                0x08002e74                disk_ioctl
 .text.DataLogger_ModuleInit
                0x08002ec8      0x194 build/Core/Src/DataLogger.o
 .text.DataLogger_Enqueue
                0x0800305c       0x78 build/Core/Src/DataLogger.o
 .text.DataLogger_ModuleTick
                0x080030d4       0xe4 build/Core/Src/DataLogger.o
 .text.DataLogger_LogWindow
                0x080031b8       0xa8 build/Core/Src/DataLogger.o
                0x080031b8                DataLogger_LogWindow
 .text.DataLogger_LogFLRound
                0x08003260       0x68 build/Core/Src/DataLogger.o
                0x08003260                DataLogger_LogFLRound
 .text.DataLogger_Flush
                0x080032c8       0x28 build/Core/Src/DataLogger.o
                0x080032c8                DataLogger_Flush
 .text.DataLogger_GetStats
                0x080032f0       0x40 build/Core/Src/DataLogger.o
                0x080032f0                DataLogger_GetStats
 .text.get_ldnumber
                0x08003330       0x3c build/Middlewares/Third_Party/FatFs/src/ff.o
 .text.validate
                0x0800336c       0x48 build/Middlewares/Third_Party/FatFs/src/ff.o
 .text.sync_window
                0x080033b4       0x5c build/Middlewares/Third_Party/FatFs/src/ff.o
 .text.sync_fs  0x08003410       0x80 build/Middlewares/Third_Party/FatFs/src/ff.o
 .text.move_window
                0x08003490       0x3c build/Middlewares/Third_Party/FatFs/src/ff.o
 .text.get_fileinfo.part.0.constprop.0
                0x080034cc       0x6c build/Middlewares/Third_Party/FatFs/src/ff.o
 .text.check_fs
                0x08003538       0x8c build/Middlewares/Third_Party/FatFs/src/ff.o
 .text.find_volume
                0x080035c4      0x25c build/Middlewares/Third_Party/FatFs/src/ff.o
 .text.put_fat.part.0
                0x08003820      0x19c build/Middlewares/Third_Party/FatFs/src/ff.o
 .text.get_fat.isra.0
                0x080039bc      0x140 build/Middlewares/Third_Party/FatFs/src/ff.o
 .text.dir_sdi.constprop.0
                0x08003afc       0x70 build/Middlewares/Third_Party/FatFs/src/ff.o
 .text.remove_chain
                0x08003b6c       0x88 build/Middlewares/Third_Party/FatFs/src/ff.o
 .text.create_chain
                0x08003bf4       0xd4 build/Middlewares/Third_Party/FatFs/src/ff.o
 .text.dir_next
                0x08003cc8      0x154 build/Middlewares/Third_Party/FatFs/src/ff.o
 .text.follow_path
                0x08003e1c      0x1ec build/Middlewares/Third_Party/FatFs/src/ff.o
 .text.dir_register
                0x08004008       0xc4 build/Middlewares/Third_Party/FatFs/src/ff.o
 .text.f_mount  0x080040cc       0x50 build/Middlewares/Third_Party/FatFs/src/ff.o
                0x080040cc                f_mount
 .text.f_open   0x0800411c      0x1ec build/Middlewares/Third_Party/FatFs/src/ff.o
                0x0800411c                f_open
 .text.f_write  0x08004308      0x200 build/Middlewares/Third_Party/FatFs/src/ff.o
                0x08004308                f_write
 .text.f_sync   0x08004508       0xc0 build/Middlewares/Third_Party/FatFs/src/ff.o
                0x08004508                f_sync
 .text.f_close  0x080045c8       0x28 build/Middlewares/Third_Party/FatFs/src/ff.o
                0x080045c8                f_close
 .text.f_stat   0x080045f0       0x50 build/Middlewares/Third_Party/FatFs/src/ff.o
                0x080045f0                f_stat
 .text.f_mkdir  0x08004640      0x1f8 build/Middlewares/Third_Party/FatFs/src/ff.o
                0x08004640                f_mkdir
 .text.HAL_InitTick
                0x08004838       0x50 build/Drivers/STM32F4xx_HAL_Driver/Src/stm32f4xx_hal.o
                0x08004838                HAL_InitTick
 .text.HAL_Init
                0x08004888       0x34 build/Drivers/STM32F4xx_HAL_Driver/Src/stm32f4xx_hal.o
                0x08004888                HAL_Init
 .text.HAL_IncTick
                0x080048bc       0x18 build/Drivers/STM32F4xx_HAL_Driver/Src/stm32f4xx_hal.o
                0x080048bc                HAL_IncTick
 .text.HAL_GetTick
                0x080048d4        0xc build/Drivers/STM32F4xx_HAL_Driver/Src/stm32f4xx_hal.o
                0x080048d4                HAL_GetTick
 .text.HAL_Delay
                0x080048e0       0x24 build/Drivers/STM32F4xx_HAL_Driver/Src/stm32f4xx_hal.o
                0x080048e0                HAL_Delay
 .text.HAL_NVIC_SetPriorityGrouping
                0x08004904       0x24 build/Drivers/STM32F4xx_HAL_Driver/Src/stm32f4xx_hal_cortex.o
                0x08004904                HAL_NVIC_SetPriorityGrouping
 .text.HAL_NVIC_SetPriority
                0x08004928       0x64 build/Drivers/STM32F4xx_HAL_Driver/Src/stm32f4xx_hal_cortex.o
                0x08004928                HAL_NVIC_SetPriority
 .text.HAL_NVIC_EnableIRQ
                0x0800498c       0x1c build/Drivers/STM32F4xx_HAL_Driver/Src/stm32f4xx_hal_cortex.o
                0x0800498c                HAL_NVIC_EnableIRQ
 .text.HAL_SYSTICK_Config
                0x080049a8       0x2c build/Drivers/STM32F4xx_HAL_Driver/Src/stm32f4xx_hal_cortex.o
                0x080049a8                HAL_SYSTICK_Config
 .text.HAL_RCC_OscConfig
                0x080049d4      0x3d4 build/Drivers/STM32F4xx_HAL_Driver/Src/stm32f4xx_hal_rcc.o
                0x080049d4                HAL_RCC_OscConfig
 .text.HAL_RCC_GetSysClockFreq
                0x08004da8       0x68 build/Drivers/STM32F4xx_HAL_Driver/Src/stm32f4xx_hal_rcc.o
                0x08004da8                HAL_RCC_GetSysClockFreq
 .text.HAL_RCC_ClockConfig
                0x08004e10      0x13c build/Drivers/STM32F4xx_HAL_Driver/Src/stm32f4xx_hal_rcc.o
                0x08004e10                HAL_RCC_ClockConfig
 .text.HAL_RCC_GetPCLK1Freq
                0x08004f4c       0x20 build/Drivers/STM32F4xx_HAL_Driver/Src/stm32f4xx_hal_rcc.o
                0x08004f4c                HAL_RCC_GetPCLK1Freq
 .text.HAL_RCC_GetPCLK2Freq
                0x08004f6c       0x20 build/Drivers/STM32F4xx_HAL_Driver/Src/stm32f4xx_hal_rcc.o
                0x08004f6c                HAL_RCC_GetPCLK2Freq
 .text.HAL_GPIO_Init
                0x08004f8c      0x228 build/Drivers/STM32F4xx_HAL_Driver/Src/stm32f4xx_hal_gpio.o
                0x08004f8c                HAL_GPIO_Init
 .text.HAL_GPIO_DeInit
                0x080051b4      0x148 build/Drivers/STM32F4xx_HAL_Driver/Src/stm32f4xx_hal_gpio.o
                0x080051b4                HAL_GPIO_DeInit
 .text.HAL_GPIO_WritePin
                0x080052fc        0x8 build/Drivers/STM32F4xx_HAL_Driver/Src/stm32f4xx_hal_gpio.o
                0x080052fc                HAL_GPIO_WritePin
 .text.HAL_GPIO_TogglePin
                0x08005304       0x14 build/Drivers/STM32F4xx_HAL_Driver/Src/stm32f4xx_hal_gpio.o
                0x08005304                HAL_GPIO_TogglePin
 .text.UART_EndRxTransfer
                0x08005318       0x5c build/Drivers/STM32F4xx_HAL_Driver/Src/stm32f4xx_hal_uart.o
 .text.UART_SetConfig
                0x08005374       0xd4 build/Drivers/STM32F4xx_HAL_Driver/Src/stm32f4xx_hal_uart.o
 .text.HAL_UART_Init
                0x08005448       0x68 build/Drivers/STM32F4xx_HAL_Driver/Src/stm32f4xx_hal_uart.o
                0x08005448                HAL_UART_Init
 .text.HAL_UART_Transmit
                0x080054b0       0xf8 build/Drivers/STM32F4xx_HAL_Driver/Src/stm32f4xx_hal_uart.o
                0x080054b0                HAL_UART_Transmit
 .text.HAL_UART_Receive_IT
                0x080055a8       0x50 build/Drivers/STM32F4xx_HAL_Driver/Src/stm32f4xx_hal_uart.o
                0x080055a8                HAL_UART_Receive_IT
 .text.HAL_UART_TxCpltCallback
                0x080055f8        0x4 build/Drivers/STM32F4xx_HAL_Driver/Src/stm32f4xx_hal_uart.o
                0x080055f8                HAL_UART_TxCpltCallback
 .text.HAL_UART_ErrorCallback
                0x080055fc        0x4 build/Drivers/STM32F4xx_HAL_Driver/Src/stm32f4xx_hal_uart.o
                0x080055fc                HAL_UART_ErrorCallback
 .text.UART_DMAAbortOnError
                0x08005600       0x10 build/Drivers/STM32F4xx_HAL_Driver/Src/stm32f4xx_hal_uart.o
 .text.HAL_UARTEx_RxEventCallback
                0x08005610        0x4 build/Drivers/STM32F4xx_HAL_Driver/Src/stm32f4xx_hal_uart.o
                0x08005610                HAL_UARTEx_RxEventCallback
 .text.UART_Receive_IT.isra.0
                0x08005614       0xc4 build/Drivers/STM32F4xx_HAL_Driver/Src/stm32f4xx_hal_uart.o
 .text.HAL_UART_IRQHandler
                0x080056d8      0x394 build/Drivers/STM32F4xx_HAL_Driver/Src/stm32f4xx_hal_uart.o
                0x080056d8                HAL_UART_IRQHandler
 .text.I2C_WaitOnFlagUntilTimeout
                0x08005a6c       0xb0 build/Drivers/STM32F4xx_HAL_Driver/Src/stm32f4xx_hal_i2c.o
 .text.I2C_WaitOnMasterAddressFlagUntilTimeout
                0x08005b1c       0xbc build/Drivers/STM32F4xx_HAL_Driver/Src/stm32f4xx_hal_i2c.o
 .text.I2C_WaitOnRXNEFlagUntilTimeout
                0x08005bd8       0x70 build/Drivers/STM32F4xx_HAL_Driver/Src/stm32f4xx_hal_i2c.o
 .text.I2C_WaitOnTXEFlagUntilTimeout
                0x08005c48       0x88 build/Drivers/STM32F4xx_HAL_Driver/Src/stm32f4xx_hal_i2c.o
 .text.I2C_RequestMemoryRead
                0x08005cd0      0x14c build/Drivers/STM32F4xx_HAL_Driver/Src/stm32f4xx_hal_i2c.o
 .text.HAL_I2C_Init
                0x08005e1c      0x18c build/Drivers/STM32F4xx_HAL_Driver/Src/stm32f4xx_hal_i2c.o
                0x08005e1c                HAL_I2C_Init
 .text.HAL_I2C_Mem_Read
                0x08005fa8      0x28c build/Drivers/STM32F4xx_HAL_Driver/Src/stm32f4xx_hal_i2c.o
                0x08005fa8                HAL_I2C_Mem_Read
 .text.HAL_I2C_MasterTxCpltCallback
                0x08006234        0x4 build/Drivers/STM32F4xx_HAL_Driver/Src/stm32f4xx_hal_i2c.o
                0x08006234                HAL_I2C_MasterTxCpltCallback
 .text.HAL_I2C_MasterRxCpltCallback
                0x08006238        0x4 build/Drivers/STM32F4xx_HAL_Driver/Src/stm32f4xx_hal_i2c.o
                0x08006238                HAL_I2C_MasterRxCpltCallback
 .text.HAL_I2C_SlaveTxCpltCallback
                0x0800623c        0x4 build/Drivers/STM32F4xx_HAL_Driver/Src/stm32f4xx_hal_i2c.o
                0x0800623c                HAL_I2C_SlaveTxCpltCallback
 .text.HAL_I2C_SlaveRxCpltCallback
                0x08006240        0x4 build/Drivers/STM32F4xx_HAL_Driver/Src/stm32f4xx_hal_i2c.o
                0x08006240                HAL_I2C_SlaveRxCpltCallback
 .text.HAL_I2C_AddrCallback
                0x08006244        0x4 build/Drivers/STM32F4xx_HAL_Driver/Src/stm32f4xx_hal_i2c.o
                0x08006244                HAL_I2C_AddrCallback
 .text.HAL_I2C_ListenCpltCallback
                0x08006248        0x4 build/Drivers/STM32F4xx_HAL_Driver/Src/stm32f4xx_hal_i2c.o
                0x08006248                HAL_I2C_ListenCpltCallback
 .text.HAL_I2C_MemTxCpltCallback
                0x0800624c        0x4 build/Drivers/STM32F4xx_HAL_Driver/Src/stm32f4xx_hal_i2c.o
                0x0800624c                HAL_I2C_MemTxCpltCallback
 .text.I2C_MemoryTransmit_TXE_BTF
                0x08006250       0xd4 build/Drivers/STM32F4xx_HAL_Driver/Src/stm32f4xx_hal_i2c.o
 .text.HAL_I2C_MemRxCpltCallback
                0x08006324        0x4 build/Drivers/STM32F4xx_HAL_Driver/Src/stm32f4xx_hal_i2c.o
                0x08006324                HAL_I2C_MemRxCpltCallback
 .text.HAL_I2C_ErrorCallback
                0x08006328        0x4 build/Drivers/STM32F4xx_HAL_Driver/Src/stm32f4xx_hal_i2c.o
                0x08006328                HAL_I2C_ErrorCallback
 .text.HAL_I2C_AbortCpltCallback
                0x0800632c        0x4 build/Drivers/STM32F4xx_HAL_Driver/Src/stm32f4xx_hal_i2c.o
                0x0800632c                HAL_I2C_AbortCpltCallback
 .text.I2C_DMAAbort
                0x08006330       0xe4 build/Drivers/STM32F4xx_HAL_Driver/Src/stm32f4xx_hal_i2c.o
 .text.I2C_ITError
                0x08006414      0x170 build/Drivers/STM32F4xx_HAL_Driver/Src/stm32f4xx_hal_i2c.o
 .text.HAL_I2C_EV_IRQHandler
                0x08006584      0xa18 build/Drivers/STM32F4xx_HAL_Driver/Src/stm32f4xx_hal_i2c.o
                0x08006584                HAL_I2C_EV_IRQHandler
 .text.HAL_I2C_ER_IRQHandler
                0x08006f9c      0x240 build/Drivers/STM32F4xx_HAL_Driver/Src/stm32f4xx_hal_i2c.o
                0x08006f9c                HAL_I2C_ER_IRQHandler
 .text.HAL_TIM_Base_Start
                0x080071dc       0x6c build/Drivers/STM32F4xx_HAL_Driver/Src/stm32f4xx_hal_tim.o
                0x080071dc                HAL_TIM_Base_Start
 .text.HAL_TIM_Base_Start_IT
                0x08007248       0x78 build/Drivers/STM32F4xx_HAL_Driver/Src/stm32f4xx_hal_tim.o
                0x08007248                HAL_TIM_Base_Start_IT
 .text.HAL_TIM_OC_DelayElapsedCallback
                0x080072c0        0x4 build/Drivers/STM32F4xx_HAL_Driver/Src/stm32f4xx_hal_tim.o
                0x080072c0                HAL_TIM_OC_DelayElapsedCallback
 .text.HAL_TIM_IC_CaptureCallback
                0x080072c4        0x4 build/Drivers/STM32F4xx_HAL_Driver/Src/stm32f4xx_hal_tim.o
                0x080072c4                HAL_TIM_IC_CaptureCallback
 .text.HAL_TIM_PWM_PulseFinishedCallback
                0x080072c8        0x4 build/Drivers/STM32F4xx_HAL_Driver/Src/stm32f4xx_hal_tim.o
                0x080072c8                HAL_TIM_PWM_PulseFinishedCallback
 .text.HAL_TIM_TriggerCallback
                0x080072cc        0x4 build/Drivers/STM32F4xx_HAL_Driver/Src/stm32f4xx_hal_tim.o
                0x080072cc                HAL_TIM_TriggerCallback
 .text.HAL_TIM_IRQHandler
                0x080072d0      0x140 build/Drivers/STM32F4xx_HAL_Driver/Src/stm32f4xx_hal_tim.o
                0x080072d0                HAL_TIM_IRQHandler
 .text.TIM_Base_SetConfig
                0x08007410       0xec build/Drivers/STM32F4xx_HAL_Driver/Src/stm32f4xx_hal_tim.o
                0x08007410                TIM_Base_SetConfig
 .text.HAL_TIM_Base_Init
                0x080074fc       0x5c build/Drivers/STM32F4xx_HAL_Driver/Src/stm32f4xx_hal_tim.o
                0x080074fc                HAL_TIM_Base_Init
 .text.HAL_TIMEx_CommutCallback
                0x08007558        0x4 build/Drivers/STM32F4xx_HAL_Driver/Src/stm32f4xx_hal_tim_ex.o
                0x08007558                HAL_TIMEx_CommutCallback
 .text.HAL_TIMEx_BreakCallback
                0x0800755c        0x4 build/Drivers/STM32F4xx_HAL_Driver/Src/stm32f4xx_hal_tim_ex.o
                0x0800755c                HAL_TIMEx_BreakCallback
 .text.HAL_DMA_Abort
                0x08007560       0x9c build/Drivers/STM32F4xx_HAL_Driver/Src/stm32f4xx_hal_dma.o
                0x08007560                HAL_DMA_Abort
 .text.HAL_DMA_Abort_IT
                0x080075fc       0x24 build/Drivers/STM32F4xx_HAL_Driver/Src/stm32f4xx_hal_dma.o
                0x080075fc                HAL_DMA_Abort_IT
 .text.HAL_DMA_GetState
                0x08007620        0x8 build/Drivers/STM32F4xx_HAL_Driver/Src/stm32f4xx_hal_dma.o
                0x08007620                HAL_DMA_GetState
 .text.SD_FindSCR.constprop.0
                0x08007628       0xdc build/Drivers/STM32F4xx_HAL_Driver/Src/stm32f4xx_hal_sd.o
 .text.HAL_SD_MspInit
                0x08007704        0x4 build/Drivers/STM32F4xx_HAL_Driver/Src/stm32f4xx_hal_sd.o
                0x08007704                HAL_SD_MspInit
 .text.HAL_SD_ReadBlocks
                0x08007708      0x204 build/Drivers/STM32F4xx_HAL_Driver/Src/stm32f4xx_hal_sd.o
                0x08007708                HAL_SD_ReadBlocks
 .text.HAL_SD_WriteBlocks
                0x0800790c      0x1e0 build/Drivers/STM32F4xx_HAL_Driver/Src/stm32f4xx_hal_sd.o
                0x0800790c                HAL_SD_WriteBlocks
 .text.HAL_SD_GetCardCSD
                0x08007aec      0x1c0 build/Drivers/STM32F4xx_HAL_Driver/Src/stm32f4xx_hal_sd.o
                0x08007aec                HAL_SD_GetCardCSD
 .text.HAL_SD_InitCard
                0x08007cac      0x238 build/Drivers/STM32F4xx_HAL_Driver/Src/stm32f4xx_hal_sd.o
                0x08007cac                HAL_SD_InitCard
 .text.HAL_SD_Init
                0x08007ee4       0x3c build/Drivers/STM32F4xx_HAL_Driver/Src/stm32f4xx_hal_sd.o
                0x08007ee4                HAL_SD_Init
 .text.HAL_SD_GetCardInfo
                0x08007f20       0x24 build/Drivers/STM32F4xx_HAL_Driver/Src/stm32f4xx_hal_sd.o
                0x08007f20                HAL_SD_GetCardInfo
 .text.HAL_SD_ConfigWideBusOperation
                0x08007f44      0x150 build/Drivers/STM32F4xx_HAL_Driver/Src/stm32f4xx_hal_sd.o
                0x08007f44                HAL_SD_ConfigWideBusOperation
 .text.HAL_SD_GetCardState
                0x08008094       0x28 build/Drivers/STM32F4xx_HAL_Driver/Src/stm32f4xx_hal_sd.o
                0x08008094                HAL_SD_GetCardState
 .text.SDIO_Init
                0x080080bc       0x38 build/Drivers/STM32F4xx_HAL_Driver/Src/stm32f4xx_ll_sdmmc.o
                0x080080bc                SDIO_Init
 .text.SDIO_ReadFIFO
                0x080080f4        0x8 build/Drivers/STM32F4xx_HAL_Driver/Src/stm32f4xx_ll_sdmmc.o
                0x080080f4                SDIO_ReadFIFO
 .text.SDIO_WriteFIFO
                0x080080fc        0xc build/Drivers/STM32F4xx_HAL_Driver/Src/stm32f4xx_ll_sdmmc.o
                0x080080fc                SDIO_WriteFIFO
 .text.SDIO_PowerState_ON
                0x08008108        0x8 build/Drivers/STM32F4xx_HAL_Driver/Src/stm32f4xx_ll_sdmmc.o
                0x08008108                SDIO_PowerState_ON
 .text.SDIO_GetPowerState
                0x08008110        0x8 build/Drivers/STM32F4xx_HAL_Driver/Src/stm32f4xx_ll_sdmmc.o
                0x08008110                SDIO_GetPowerState
 .text.SDIO_GetResponse
                0x08008118        0x8 build/Drivers/STM32F4xx_HAL_Driver/Src/stm32f4xx_ll_sdmmc.o
                0x08008118                SDIO_GetResponse
 .text.SDIO_ConfigData
                0x08008120       0x2c build/Drivers/STM32F4xx_HAL_Driver/Src/stm32f4xx_ll_sdmmc.o
                0x08008120                SDIO_ConfigData
 .text.SDMMC_CmdGoIdleState
                0x0800814c       0x48 build/Drivers/STM32F4xx_HAL_Driver/Src/stm32f4xx_ll_sdmmc.o
                0x0800814c                SDMMC_CmdGoIdleState
 .text.SDMMC_CmdAppOperCommand
                0x08008194       0x6c build/Drivers/STM32F4xx_HAL_Driver/Src/stm32f4xx_ll_sdmmc.o
                0x08008194                SDMMC_CmdAppOperCommand
 .text.SDMMC_GetCmdResp1
                0x08008200      0x124 build/Drivers/STM32F4xx_HAL_Driver/Src/stm32f4xx_ll_sdmmc.o
                0x08008200                SDMMC_GetCmdResp1
 .text.SDMMC_CmdBlockLength
                0x08008324       0x18 build/Drivers/STM32F4xx_HAL_Driver/Src/stm32f4xx_ll_sdmmc.o
                0x08008324                SDMMC_CmdBlockLength
 .text.SDMMC_CmdReadSingleBlock
                0x0800833c       0x1c build/Drivers/STM32F4xx_HAL_Driver/Src/stm32f4xx_ll_sdmmc.o
                0x0800833c                SDMMC_CmdReadSingleBlock
 .text.SDMMC_CmdReadMultiBlock
                0x08008358       0x1c build/Drivers/STM32F4xx_HAL_Driver/Src/stm32f4xx_ll_sdmmc.o
                0x08008358                SDMMC_CmdReadMultiBlock
 .text.SDMMC_CmdWriteSingleBlock
                0x08008374       0x18 build/Drivers/STM32F4xx_HAL_Driver/Src/stm32f4xx_ll_sdmmc.o
                0x08008374                SDMMC_CmdWriteSingleBlock
 .text.SDMMC_CmdWriteMultiBlock
                0x0800838c       0x1c build/Drivers/STM32F4xx_HAL_Driver/Src/stm32f4xx_ll_sdmmc.o
                0x0800838c                SDMMC_CmdWriteMultiBlock
 .text.SDMMC_CmdStopTransfer
                0x080083a8       0x20 build/Drivers/STM32F4xx_HAL_Driver/Src/stm32f4xx_ll_sdmmc.o
                0x080083a8                SDMMC_CmdStopTransfer
 .text.SDMMC_CmdSelDesel
                0x080083c8       0x1c build/Drivers/STM32F4xx_HAL_Driver/Src/stm32f4xx_ll_sdmmc.o
                0x080083c8                SDMMC_CmdSelDesel
 .text.SDMMC_CmdAppCommand
                0x080083e4       0x1c build/Drivers/STM32F4xx_HAL_Driver/Src/stm32f4xx_ll_sdmmc.o
                0x080083e4                SDMMC_CmdAppCommand
 .text.SDMMC_CmdBusWidth
                0x08008400       0x1c build/Drivers/STM32F4xx_HAL_Driver/Src/stm32f4xx_ll_sdmmc.o
                0x08008400                SDMMC_CmdBusWidth
 .text.SDMMC_CmdSendSCR
                0x0800841c       0x20 build/Drivers/STM32F4xx_HAL_Driver/Src/stm32f4xx_ll_sdmmc.o
                0x0800841c                SDMMC_CmdSendSCR
 .text.SDMMC_CmdSendStatus
                0x0800843c       0x1c build/Drivers/STM32F4xx_HAL_Driver/Src/stm32f4xx_ll_sdmmc.o
                0x0800843c                SDMMC_CmdSendStatus
 .text.SDMMC_GetCmdResp2
                0x08008458       0x54 build/Drivers/STM32F4xx_HAL_Driver/Src/stm32f4xx_ll_sdmmc.o
                0x08008458                SDMMC_GetCmdResp2
 .text.SDMMC_CmdSendCID
                0x080084ac       0x18 build/Drivers/STM32F4xx_HAL_Driver/Src/stm32f4xx_ll_sdmmc.o
                0x080084ac                SDMMC_CmdSendCID
 .text.SDMMC_CmdSendCSD
                0x080084c4       0x18 build/Drivers/STM32F4xx_HAL_Driver/Src/stm32f4xx_ll_sdmmc.o
                0x080084c4                SDMMC_CmdSendCSD
 .text.SDMMC_GetCmdResp6
                0x080084dc       0x98 build/Drivers/STM32F4xx_HAL_Driver/Src/stm32f4xx_ll_sdmmc.o
                0x080084dc                SDMMC_GetCmdResp6
 .text.SDMMC_CmdSetRelAdd
                0x08008574       0x1c build/Drivers/STM32F4xx_HAL_Driver/Src/stm32f4xx_ll_sdmmc.o
                0x08008574                SDMMC_CmdSetRelAdd
 .text.SDMMC_GetCmdResp7
                0x08008590       0x5c build/Drivers/STM32F4xx_HAL_Driver/Src/stm32f4xx_ll_sdmmc.o
                0x08008590                SDMMC_GetCmdResp7
 .text.SDMMC_CmdOperCond
                0x080085ec       0x18 build/Drivers/STM32F4xx_HAL_Driver/Src/stm32f4xx_ll_sdmmc.o
                0x080085ec                SDMMC_CmdOperCond
 .text.HAL_MspInit
                0x08008604       0x38 build/Core/Src/stm32f4xx_hal_msp.o
                0x08008604                HAL_MspInit
 *fill*         0x0800863c        0x4 
 .text.HAL_UART_MspInit
                0x08008640       0xf8 build/Core/Src/stm32f4xx_hal_msp.o
                0x08008640                HAL_UART_MspInit
 .text.HAL_I2C_MspInit
                0x08008738       0xa8 build/Core/Src/stm32f4xx_hal_msp.o
                0x08008738                HAL_I2C_MspInit
 .text.HAL_TIM_Base_MspInit
                0x080087e0       0x68 build/Core/Src/stm32f4xx_hal_msp.o
                0x080087e0                HAL_TIM_Base_MspInit
 .text.NMI_Handler
                0x08008848        0x4 build/Core/Src/stm32f4xx_it.o
                0x08008848                NMI_Handler
 .text.HardFault_Handler
                0x0800884c        0x4 build/Core/Src/stm32f4xx_it.o
                0x0800884c                HardFault_Handler
 .text.MemManage_Handler
                0x08008850        0x4 build/Core/Src/stm32f4xx_it.o
                0x08008850                MemManage_Handler
 .text.BusFault_Handler
                0x08008854        0x4 build/Core/Src/stm32f4xx_it.o
                0x08008854                BusFault_Handler
 .text.UsageFault_Handler
                0x08008858        0x4 build/Core/Src/stm32f4xx_it.o
                0x08008858                UsageFault_Handler
 .text.SVC_Handler
                0x0800885c        0x4 build/Core/Src/stm32f4xx_it.o
                0x0800885c                SVC_Handler
 .text.DebugMon_Handler
                0x08008860        0x4 build/Core/Src/stm32f4xx_it.o
                0x08008860                DebugMon_Handler
 .text.PendSV_Handler
                0x08008864        0x4 build/Core/Src/stm32f4xx_it.o
                0x08008864                PendSV_Handler
 .text.SysTick_Handler
                0x08008868        0x4 build/Core/Src/stm32f4xx_it.o
                0x08008868                SysTick_Handler
 .text.TIM3_IRQHandler
                0x0800886c        0xc build/Core/Src/stm32f4xx_it.o
                0x0800886c                TIM3_IRQHandler
 .text.USART1_IRQHandler
                0x08008878        0xc build/Core/Src/stm32f4xx_it.o
                0x08008878                USART1_IRQHandler
 .text.USART2_IRQHandler
                0x08008884        0xc build/Core/Src/stm32f4xx_it.o
                0x08008884                USART2_IRQHandler
 .text.I2C1_EV_IRQHandler
                0x08008890        0xc build/Core/Src/stm32f4xx_it.o
                0x08008890                I2C1_EV_IRQHandler
 .text.I2C1_ER_IRQHandler
                0x0800889c        0xc build/Core/Src/stm32f4xx_it.o
                0x0800889c                I2C1_ER_IRQHandler
 .text.SystemInit
                0x080088a8       0x14 build/Core/Src/system_stm32f4xx.o
                0x080088a8                SystemInit
 .text.Reset_Handler
                0x080088bc       0x50 build/startup_stm32f405xx.o
                0x080088bc                Reset_Handler
 .text.Default_Handler
                0x0800890c        0x2 build/startup_stm32f405xx.o
                0x0800890c                RTC_Alarm_IRQHandler
                0x0800890c                HASH_RNG_IRQHandler
                0x0800890c                EXTI2_IRQHandler
                0x0800890c                TIM8_CC_IRQHandler
                0x0800890c                TIM1_CC_IRQHandler
                0x0800890c                DMA2_Stream5_IRQHandler
                0x0800890c                DMA1_Stream5_IRQHandler
                0x0800890c                PVD_IRQHandler
                0x0800890c                SDIO_IRQHandler
                0x0800890c                TAMP_STAMP_IRQHandler
                0x0800890c                CAN2_RX1_IRQHandler
                0x0800890c                EXTI3_IRQHandler
                0x0800890c                TIM8_TRG_COM_TIM14_IRQHandler
                0x0800890c                TIM1_UP_TIM10_IRQHandler
                0x0800890c                TIM8_UP_TIM13_IRQHandler
                0x0800890c                I2C3_ER_IRQHandler
                0x0800890c                EXTI0_IRQHandler
                0x0800890c                I2C2_EV_IRQHandler
                0x0800890c                DMA1_Stream2_IRQHandler
                0x0800890c                CAN1_RX0_IRQHandler
                0x0800890c                FPU_IRQHandler
                0x0800890c                OTG_HS_WKUP_IRQHandler
                0x0800890c                CAN2_SCE_IRQHandler
                0x0800890c                DMA2_Stream2_IRQHandler
                0x0800890c                SPI1_IRQHandler
                0x0800890c                TIM6_DAC_IRQHandler
                0x0800890c                TIM1_BRK_TIM9_IRQHandler
                0x0800890c                CAN2_RX0_IRQHandler
                0x0800890c                DMA2_Stream3_IRQHandler
                0x0800890c                USART6_IRQHandler
                0x0800890c                USART3_IRQHandler
                0x0800890c                CAN1_RX1_IRQHandler
                0x0800890c                UART5_IRQHandler
                0x0800890c                DMA2_Stream0_IRQHandler
                0x0800890c                TIM4_IRQHandler
                0x0800890c                DMA1_Stream6_IRQHandler
                0x0800890c                DMA1_Stream1_IRQHandler
                0x0800890c                UART4_IRQHandler
                0x0800890c                RCC_IRQHandler
                0x0800890c                TIM8_BRK_TIM12_IRQHandler
                0x0800890c                Default_Handler
                0x0800890c                EXTI15_10_IRQHandler
                0x0800890c                ADC_IRQHandler
                0x0800890c                DMA1_Stream7_IRQHandler
                0x0800890c                TIM7_IRQHandler
                0x0800890c                CAN2_TX_IRQHandler
                0x0800890c                TIM5_IRQHandler
                0x0800890c                DMA2_Stream7_IRQHandler
                0x0800890c                I2C3_EV_IRQHandler
                0x0800890c                EXTI9_5_IRQHandler
                0x0800890c                RTC_WKUP_IRQHandler
                0x0800890c                SPI2_IRQHandler
                0x0800890c                OTG_HS_EP1_IN_IRQHandler
                0x0800890c                DMA1_Stream0_IRQHandler
                0x0800890c                CAN1_TX_IRQHandler
                0x0800890c                EXTI4_IRQHandler
                0x0800890c                FSMC_IRQHandler
                0x0800890c                OTG_HS_EP1_OUT_IRQHandler
                0x0800890c                WWDG_IRQHandler
                0x0800890c                TIM2_IRQHandler
                0x0800890c                OTG_FS_WKUP_IRQHandler
                0x0800890c                TIM1_TRG_COM_TIM11_IRQHandler
                0x0800890c                OTG_HS_IRQHandler
                0x0800890c                EXTI1_IRQHandler
                0x0800890c                I2C2_ER_IRQHandler
                0x0800890c                DMA2_Stream1_IRQHandler
                0x0800890c                CAN1_SCE_IRQHandler
                0x0800890c                FLASH_IRQHandler
                0x0800890c                DMA2_Stream4_IRQHandler
                0x0800890c                OTG_FS_IRQHandler
                0x0800890c                SPI3_IRQHandler
                0x0800890c                DMA1_Stream4_IRQHandler
                0x0800890c                DMA2_Stream6_IRQHandler
                0x0800890c                DMA1_Stream3_IRQHandler
 *fill*         0x0800890e        0x2 
 .text.atan2f   0x08008910        0x4 /opt/arm-gnu-toolchain-15.2.rel1-x86_64-arm-none-eabi/bin/../lib/gcc/arm-none-eabi/15.2.1/../../../../arm-none-eabi/lib/thumb/v7e-m+fp/hard/libm.a(libm_a-wf_atan2.o)
                0x08008910                atan2f
 .text.expf     0x08008914       0x78 /opt/arm-gnu-toolchain-15.2.rel1-x86_64-arm-none-eabi/bin/../lib/gcc/arm-none-eabi/15.2.1/../../../../arm-none-eabi/lib/thumb/v7e-m+fp/hard/libm.a(libm_a-wf_exp.o)
                0x08008914                expf
 .text.logf     0x0800898c       0x60 /opt/arm-gnu-toolchain-15.2.rel1-x86_64-arm-none-eabi/bin/../lib/gcc/arm-none-eabi/15.2.1/../../../../arm-none-eabi/lib/thumb/v7e-m+fp/hard/libm.a(libm_a-wf_log.o)
                0x0800898c                logf
 .text.sqrtf    0x080089ec       0x50 /opt/arm-gnu-toolchain-15.2.rel1-x86_64-arm-none-eabi/bin/../lib/gcc/arm-none-eabi/15.2.1/../../../../arm-none-eabi/lib/thumb/v7e-m+fp/hard/libm.a(libm_a-wf_sqrt.o)
                0x080089ec                sqrtf
 .text.finitef  0x08008a3c       0x14 /opt/arm-gnu-toolchain-15.2.rel1-x86_64-arm-none-eabi/bin/../lib/gcc/arm-none-eabi/15.2.1/../../../../arm-none-eabi/lib/thumb/v7e-m+fp/hard/libm.a(libm_a-sf_finite.o)
                0x08008a3c                finitef
 .text.nanf     0x08008a50        0xc /opt/arm-gnu-toolchain-15.2.rel1-x86_64-arm-none-eabi/bin/../lib/gcc/arm-none-eabi/15.2.1/../../../../arm-none-eabi/lib/thumb/v7e-m+fp/hard/libm.a(libm_a-sf_nan.o)
                0x08008a50                nanf
 .text.__ieee754_sqrtf
                0x08008a5c        0x8 /opt/arm-gnu-toolchain-15.2.rel1-x86_64-arm-none-eabi/bin/../lib/gcc/arm-none-eabi/15.2.1/../../../../arm-none-eabi/lib/thumb/v7e-m+fp/hard/libm.a(libm_a-ef_sqrt.o)
                0x08008a5c                __ieee754_sqrtf
 .text.__ieee754_atan2f
                0x08008a64      0x144 /opt/arm-gnu-toolchain-15.2.rel1-x86_64-arm-none-eabi/bin/../lib/gcc/arm-none-eabi/15.2.1/../../../../arm-none-eabi/lib/thumb/v7e-m+fp/hard/libm.a(libm_a-ef_atan2.o)
                0x08008a64                __ieee754_atan2f
 .text.__ieee754_expf
                0x08008ba8      0x1e8 /opt/arm-gnu-toolchain-15.2.rel1-x86_64-arm-none-eabi/bin/../lib/gcc/arm-none-eabi/15.2.1/../../../../arm-none-eabi/lib/thumb/v7e-m+fp/hard/libm.a(libm_a-ef_exp.o)
                0x08008ba8                __ieee754_expf
 .text.__ieee754_logf
                0x08008d90      0x1f4 /opt/arm-gnu-toolchain-15.2.rel1-x86_64-arm-none-eabi/bin/../lib/gcc/arm-none-eabi/15.2.1/../../../../arm-none-eabi/lib/thumb/v7e-m+fp/hard/libm.a(libm_a-ef_log.o)
                0x08008d90                __ieee754_logf
 .text.atanf    0x08008f84      0x1b8 /opt/arm-gnu-toolchain-15.2.rel1-x86_64-arm-none-eabi/bin/../lib/gcc/arm-none-eabi/15.2.1/../../../../arm-none-eabi/lib/thumb/v7e-m+fp/hard/libm.a(libm_a-sf_atan.o)
                0x08008f84                atanf
 .text.fabsf    0x0800913c       0x10 /opt/arm-gnu-toolchain-15.2.rel1-x86_64-arm-none-eabi/bin/../lib/gcc/arm-none-eabi/15.2.1/../../../../arm-none-eabi/lib/thumb/v7e-m+fp/hard/libm.a(libm_a-sf_fabs.o)
                0x0800913c                fabsf
 .text.with_errnof
                0x0800914c       0x18 /opt/arm-gnu-toolchain-15.2.rel1-x86_64-arm-none-eabi/bin/../lib/gcc/arm-none-eabi/15.2.1/../../../../arm-none-eabi/lib/thumb/v7e-m+fp/hard/libm.a(libm_a-math_errf.o)
 .text.xflowf   0x08009164       0x20 /opt/arm-gnu-toolchain-15.2.rel1-x86_64-arm-none-eabi/bin/../lib/gcc/arm-none-eabi/15.2.1/../../../../arm-none-eabi/lib/thumb/v7e-m+fp/hard/libm.a(libm_a-math_errf.o)
 .text.__math_uflowf
                0x08009184        0xc /opt/arm-gnu-toolchain-15.2.rel1-x86_64-arm-none-eabi/bin/../lib/gcc/arm-none-eabi/15.2.1/../../../../arm-none-eabi/lib/thumb/v7e-m+fp/hard/libm.a(libm_a-math_errf.o)
                0x08009184                __math_uflowf
 .text.__math_oflowf
                0x08009190        0xc /opt/arm-gnu-toolchain-15.2.rel1-x86_64-arm-none-eabi/bin/../lib/gcc/arm-none-eabi/15.2.1/../../../../arm-none-eabi/lib/thumb/v7e-m+fp/hard/libm.a(libm_a-math_errf.o)
                0x08009190                __math_oflowf
 .text.__cvt    0x0800919c       0xbe /opt/arm-gnu-toolchain-15.2.rel1-x86_64-arm-none-eabi/bin/../lib/gcc/arm-none-eabi/15.2.1/../../../../arm-none-eabi/lib/thumb/v7e-m+fp/hard/libc_nano.a(libc_a-nano-vfprintf_float.o)
                0x0800919c                __cvt
 .text.__exponent
                0x0800925a       0x76 /opt/arm-gnu-toolchain-15.2.rel1-x86_64-arm-none-eabi/bin/../lib/gcc/arm-none-eabi/15.2.1/../../../../arm-none-eabi/lib/thumb/v7e-m+fp/hard/libc_nano.a(libc_a-nano-vfprintf_float.o)
                0x0800925a                __exponent
 .text._printf_float
                0x080092d0      0x448 /opt/arm-gnu-toolchain-15.2.rel1-x86_64-arm-none-eabi/bin/../lib/gcc/arm-none-eabi/15.2.1/../../../../arm-none-eabi/lib/thumb/v7e-m+fp/hard/libc_nano.a(libc_a-nano-vfprintf_float.o)
                0x080092d0                _printf_float
 .text._printf_common
                0x08009718       0xea /opt/arm-gnu-toolchain-15.2.rel1-x86_64-arm-none-eabi/bin/../lib/gcc/arm-none-eabi/15.2.1/../../../../arm-none-eabi/lib/thumb/v7e-m+fp/hard/libc_nano.a(libc_a-nano-vfprintf_i.o)
                0x08009718                _printf_common
 *fill*         0x08009802        0x2 
 .text._printf_i
                0x08009804      0x254 /opt/arm-gnu-toolchain-15.2.rel1-x86_64-arm-none-eabi/bin/../lib/gcc/arm-none-eabi/15.2.1/../../../../arm-none-eabi/lib/thumb/v7e-m+fp/hard/libc_nano.a(libc_a-nano-vfprintf_i.o)
                0x08009804                _printf_i
 .text.std      0x08009a58       0x6c /opt/arm-gnu-toolchain-15.2.rel1-x86_64-arm-none-eabi/bin/../lib/gcc/arm-none-eabi/15.2.1/../../../../arm-none-eabi/lib/thumb/v7e-m+fp/hard/libc_nano.a(libc_a-findfp.o)
 .text.stdio_exit_handler
                0x08009ac4       0x18 /opt/arm-gnu-toolchain-15.2.rel1-x86_64-arm-none-eabi/bin/../lib/gcc/arm-none-eabi/15.2.1/../../../../arm-none-eabi/lib/thumb/v7e-m+fp/hard/libc_nano.a(libc_a-findfp.o)
 .text.cleanup_stdio
                0x08009adc       0x40 /opt/arm-gnu-toolchain-15.2.rel1-x86_64-arm-none-eabi/bin/../lib/gcc/arm-none-eabi/15.2.1/../../../../arm-none-eabi/lib/thumb/v7e-m+fp/hard/libc_nano.a(libc_a-findfp.o)
 .text.global_stdio_init.part.0
                0x08009b1c       0x40 /opt/arm-gnu-toolchain-15.2.rel1-x86_64-arm-none-eabi/bin/../lib/gcc/arm-none-eabi/15.2.1/../../../../arm-none-eabi/lib/thumb/v7e-m+fp/hard/libc_nano.a(libc_a-findfp.o)
 .text.__sfp_lock_acquire
                0x08009b5c        0xc /opt/arm-gnu-toolchain-15.2.rel1-x86_64-arm-none-eabi/bin/../lib/gcc/arm-none-eabi/15.2.1/../../../../arm-none-eabi/lib/thumb/v7e-m+fp/hard/libc_nano.a(libc_a-findfp.o)
                0x08009b5c                __sfp_lock_acquire
 .text.__sfp_lock_release
                0x08009b68        0xc /opt/arm-gnu-toolchain-15.2.rel1-x86_64-arm-none-eabi/bin/../lib/gcc/arm-none-eabi/15.2.1/../../../../arm-none-eabi/lib/thumb/v7e-m+fp/hard/libc_nano.a(libc_a-findfp.o)
                0x08009b68                __sfp_lock_release
 .text.__sinit  0x08009b74       0x30 /opt/arm-gnu-toolchain-15.2.rel1-x86_64-arm-none-eabi/bin/../lib/gcc/arm-none-eabi/15.2.1/../../../../arm-none-eabi/lib/thumb/v7e-m+fp/hard/libc_nano.a(libc_a-findfp.o)
                0x08009b74                __sinit
 .text._fwalk_sglue
                0x08009ba4       0x3a /opt/arm-gnu-toolchain-15.2.rel1-x86_64-arm-none-eabi/bin/../lib/gcc/arm-none-eabi/15.2.1/../../../../arm-none-eabi/lib/thumb/v7e-m+fp/hard/libc_nano.a(libc_a-fwalk.o)
                0x08009ba4                _fwalk_sglue
 *fill*         0x08009bde        0x2 
 .text.snprintf
                0x08009be0       0x64 /opt/arm-gnu-toolchain-15.2.rel1-x86_64-arm-none-eabi/bin/../lib/gcc/arm-none-eabi/15.2.1/../../../../arm-none-eabi/lib/thumb/v7e-m+fp/hard/libc_nano.a(libc_a-snprintf.o)
                0x08009be0                snprintf
                0x08009be0                sniprintf
 .text.__sread  0x08009c44       0x22 /opt/arm-gnu-toolchain-15.2.rel1-x86_64-arm-none-eabi/bin/../lib/gcc/arm-none-eabi/15.2.1/../../../../arm-none-eabi/lib/thumb/v7e-m+fp/hard/libc_nano.a(libc_a-stdio.o)
                0x08009c44                __sread
 .text.__swrite
                0x08009c66       0x38 /opt/arm-gnu-toolchain-15.2.rel1-x86_64-arm-none-eabi/bin/../lib/gcc/arm-none-eabi/15.2.1/../../../../arm-none-eabi/lib/thumb/v7e-m+fp/hard/libc_nano.a(libc_a-stdio.o)
                0x08009c66                __swrite
 .text.__sseek  0x08009c9e       0x26 /opt/arm-gnu-toolchain-15.2.rel1-x86_64-arm-none-eabi/bin/../lib/gcc/arm-none-eabi/15.2.1/../../../../arm-none-eabi/lib/thumb/v7e-m+fp/hard/libc_nano.a(libc_a-stdio.o)
                0x08009c9e                __sseek
 .text.__sclose
                0x08009cc4        0x8 /opt/arm-gnu-toolchain-15.2.rel1-x86_64-arm-none-eabi/bin/../lib/gcc/arm-none-eabi/15.2.1/../../../../arm-none-eabi/lib/thumb/v7e-m+fp/hard/libc_nano.a(libc_a-stdio.o)
                0x08009cc4                __sclose
 .text.memset   0x08009ccc       0x10 /opt/arm-gnu-toolchain-15.2.rel1-x86_64-arm-none-eabi/bin/../lib/gcc/arm-none-eabi/15.2.1/../../../../arm-none-eabi/lib/thumb/v7e-m+fp/hard/libc_nano.a(libc_a-memset.o)
                0x08009ccc                memset
 .text._localeconv_r
                0x08009cdc        0x8 /opt/arm-gnu-toolchain-15.2.rel1-x86_64-arm-none-eabi/bin/../lib/gcc/arm-none-eabi/15.2.1/../../../../arm-none-eabi/lib/thumb/v7e-m+fp/hard/libc_nano.a(libc_a-localeconv.o)
                0x08009cdc                _localeconv_r
 .text._close_r
                0x08009ce4       0x20 /opt/arm-gnu-toolchain-15.2.rel1-x86_64-arm-none-eabi/bin/../lib/gcc/arm-none-eabi/15.2.1/../../../../arm-none-eabi/lib/thumb/v7e-m+fp/hard/libc_nano.a(libc_a-closer.o)
                0x08009ce4                _close_r
 .text._lseek_r
                0x08009d04       0x24 /opt/arm-gnu-toolchain-15.2.rel1-x86_64-arm-none-eabi/bin/../lib/gcc/arm-none-eabi/15.2.1/../../../../arm-none-eabi/lib/thumb/v7e-m+fp/hard/libc_nano.a(libc_a-lseekr.o)
                0x08009d04                _lseek_r
 .text._read_r  0x08009d28       0x24 /opt/arm-gnu-toolchain-15.2.rel1-x86_64-arm-none-eabi/bin/../lib/gcc/arm-none-eabi/15.2.1/../../../../arm-none-eabi/lib/thumb/v7e-m+fp/hard/libc_nano.a(libc_a-readr.o)
                0x08009d28                _read_r
 .text._write_r
                0x08009d4c       0x24 /opt/arm-gnu-toolchain-15.2.rel1-x86_64-arm-none-eabi/bin/../lib/gcc/arm-none-eabi/15.2.1/../../../../arm-none-eabi/lib/thumb/v7e-m+fp/hard/libc_nano.a(libc_a-writer.o)
                0x08009d4c                _write_r
 .text.__errno  0x08009d70        0xc /opt/arm-gnu-toolchain-15.2.rel1-x86_64-arm-none-eabi/bin/../lib/gcc/arm-none-eabi/15.2.1/../../../../arm-none-eabi/lib/thumb/v7e-m+fp/hard/libc_nano.a(libc_a-errno.o)
                0x08009d70                __errno
 .text.__libc_init_array
                0x08009d7c       0x48 /opt/arm-gnu-toolchain-15.2.rel1-x86_64-arm-none-eabi/bin/../lib/gcc/arm-none-eabi/15.2.1/../../../../arm-none-eabi/lib/thumb/v7e-m+fp/hard/libc_nano.a(libc_a-init.o)
                0x08009d7c                __libc_init_array
 .text.__retarget_lock_init_recursive
                0x08009dc4        0x2 /opt/arm-gnu-toolchain-15.2.rel1-x86_64-arm-none-eabi/bin/../lib/gcc/arm-none-eabi/15.2.1/../../../../arm-none-eabi/lib/thumb/v7e-m+fp/hard/libc_nano.a(libc_a-lock.o)
                0x08009dc4                __retarget_lock_init_recursive
 .text.__retarget_lock_acquire_recursive
                0x08009dc6        0x2 /opt/arm-gnu-toolchain-15.2.rel1-x86_64-arm-none-eabi/bin/../lib/gcc/arm-none-eabi/15.2.1/../../../../arm-none-eabi/lib/thumb/v7e-m+fp/hard/libc_nano.a(libc_a-lock.o)
                0x08009dc6                __retarget_lock_acquire_recursive
 .text.__retarget_lock_release_recursive
                0x08009dc8        0x2 /opt/arm-gnu-toolchain-15.2.rel1-x86_64-arm-none-eabi/bin/../lib/gcc/arm-none-eabi/15.2.1/../../../../arm-none-eabi/lib/thumb/v7e-m+fp/hard/libc_nano.a(libc_a-lock.o)
                0x08009dc8                __retarget_lock_release_recursive
 .text.memcpy   0x08009dca       0x1c /opt/arm-gnu-toolchain-15.2.rel1-x86_64-arm-none-eabi/bin/../lib/gcc/arm-none-eabi/15.2.1/../../../../arm-none-eabi/lib/thumb/v7e-m+fp/hard/libc_nano.a(libc_a-memcpy-stub.o)
                0x08009dca                memcpy
 .text.quorem   0x08009de6      0x110 /opt/arm-gnu-toolchain-15.2.rel1-x86_64-arm-none-eabi/bin/../lib/gcc/arm-none-eabi/15.2.1/../../../../arm-none-eabi/lib/thumb/v7e-m+fp/hard/libc_nano.a(libc_a-dtoa.o)
 *fill*         0x08009ef6        0x2 
 .text._dtoa_r  0x08009ef8      0xbac /opt/arm-gnu-toolchain-15.2.rel1-x86_64-arm-none-eabi/bin/../lib/gcc/arm-none-eabi/15.2.1/../../../../arm-none-eabi/lib/thumb/v7e-m+fp/hard/libc_nano.a(libc_a-dtoa.o)
                0x08009ef8                _dtoa_r
 .text._free_r  0x0800aaa4       0x98 /opt/arm-gnu-toolchain-15.2.rel1-x86_64-arm-none-eabi/bin/../lib/gcc/arm-none-eabi/15.2.1/../../../../arm-none-eabi/lib/thumb/v7e-m+fp/hard/libc_nano.a(libc_a-freer.o)
                0x0800aaa4                _free_r
 .text.malloc   0x0800ab3c       0x10 /opt/arm-gnu-toolchain-15.2.rel1-x86_64-arm-none-eabi/bin/../lib/gcc/arm-none-eabi/15.2.1/../../../../arm-none-eabi/lib/thumb/v7e-m+fp/hard/libc_nano.a(libc_a-malloc.o)
                0x0800ab3c                malloc
 .text.sbrk_aligned
                0x0800ab4c       0x44 /opt/arm-gnu-toolchain-15.2.rel1-x86_64-arm-none-eabi/bin/../lib/gcc/arm-none-eabi/15.2.1/../../../../arm-none-eabi/lib/thumb/v7e-m+fp/hard/libc_nano.a(libc_a-mallocr.o)
 .text._malloc_r
                0x0800ab90       0xf8 /opt/arm-gnu-toolchain-15.2.rel1-x86_64-arm-none-eabi/bin/../lib/gcc/arm-none-eabi/15.2.1/../../../../arm-none-eabi/lib/thumb/v7e-m+fp/hard/libc_nano.a(libc_a-mallocr.o)
                0x0800ab90                _malloc_r
 .text.__malloc_lock
                0x0800ac88        0xc /opt/arm-gnu-toolchain-15.2.rel1-x86_64-arm-none-eabi/bin/../lib/gcc/arm-none-eabi/15.2.1/../../../../arm-none-eabi/lib/thumb/v7e-m+fp/hard/libc_nano.a(libc_a-mlock.o)
                0x0800ac88                __malloc_lock
 .text.__malloc_unlock
                0x0800ac94        0xc /opt/arm-gnu-toolchain-15.2.rel1-x86_64-arm-none-eabi/bin/../lib/gcc/arm-none-eabi/15.2.1/../../../../arm-none-eabi/lib/thumb/v7e-m+fp/hard/libc_nano.a(libc_a-mlock.o)
                0x0800ac94                __malloc_unlock
 .text._Balloc  0x0800aca0       0x7c /opt/arm-gnu-toolchain-15.2.rel1-x86_64-arm-none-eabi/bin/../lib/gcc/arm-none-eabi/15.2.1/../../../../arm-none-eabi/lib/thumb/v7e-m+fp/hard/libc_nano.a(libc_a-mprec.o)
                0x0800aca0                _Balloc
 .text._Bfree   0x0800ad1c       0x44 /opt/arm-gnu-toolchain-15.2.rel1-x86_64-arm-none-eabi/bin/../lib/gcc/arm-none-eabi/15.2.1/../../../../arm-none-eabi/lib/thumb/v7e-m+fp/hard/libc_nano.a(libc_a-mprec.o)
                0x0800ad1c                _Bfree
 .text.__multadd
                0x0800ad60       0x8c /opt/arm-gnu-toolchain-15.2.rel1-x86_64-arm-none-eabi/bin/../lib/gcc/arm-none-eabi/15.2.1/../../../../arm-none-eabi/lib/thumb/v7e-m+fp/hard/libc_nano.a(libc_a-mprec.o)
                0x0800ad60                __multadd
 .text.__hi0bits
                0x0800adec       0x3c /opt/arm-gnu-toolchain-15.2.rel1-x86_64-arm-none-eabi/bin/../lib/gcc/arm-none-eabi/15.2.1/../../../../arm-none-eabi/lib/thumb/v7e-m+fp/hard/libc_nano.a(libc_a-mprec.o)
                0x0800adec                __hi0bits
 .text.__lo0bits
                0x0800ae28       0x5c /opt/arm-gnu-toolchain-15.2.rel1-x86_64-arm-none-eabi/bin/../lib/gcc/arm-none-eabi/15.2.1/../../../../arm-none-eabi/lib/thumb/v7e-m+fp/hard/libc_nano.a(libc_a-mprec.o)
                0x0800ae28                __lo0bits
 .text.__i2b    0x0800ae84       0x2c /opt/arm-gnu-toolchain-15.2.rel1-x86_64-arm-none-eabi/bin/../lib/gcc/arm-none-eabi/15.2.1/../../../../arm-none-eabi/lib/thumb/v7e-m+fp/hard/libc_nano.a(libc_a-mprec.o)
                0x0800ae84                __i2b
 .text.__multiply
                0x0800aeb0      0x16c /opt/arm-gnu-toolchain-15.2.rel1-x86_64-arm-none-eabi/bin/../lib/gcc/arm-none-eabi/15.2.1/../../../../arm-none-eabi/lib/thumb/v7e-m+fp/hard/libc_nano.a(libc_a-mprec.o)
                0x0800aeb0                __multiply
 .text.__pow5mult
                0x0800b01c       0xb8 /opt/arm-gnu-toolchain-15.2.rel1-x86_64-arm-none-eabi/bin/../lib/gcc/arm-none-eabi/15.2.1/../../../../arm-none-eabi/lib/thumb/v7e-m+fp/hard/libc_nano.a(libc_a-mprec.o)
                0x0800b01c                __pow5mult
 .text.__lshift
                0x0800b0d4       0xe4 /opt/arm-gnu-toolchain-15.2.rel1-x86_64-arm-none-eabi/bin/../lib/gcc/arm-none-eabi/15.2.1/../../../../arm-none-eabi/lib/thumb/v7e-m+fp/hard/libc_nano.a(libc_a-mprec.o)
                0x0800b0d4                __lshift
 .text.__mcmp   0x0800b1b8       0x36 /opt/arm-gnu-toolchain-15.2.rel1-x86_64-arm-none-eabi/bin/../lib/gcc/arm-none-eabi/15.2.1/../../../../arm-none-eabi/lib/thumb/v7e-m+fp/hard/libc_nano.a(libc_a-mprec.o)
                0x0800b1b8                __mcmp
 *fill*         0x0800b1ee        0x2 
 .text.__mdiff  0x0800b1f0      0x130 /opt/arm-gnu-toolchain-15.2.rel1-x86_64-arm-none-eabi/bin/../lib/gcc/arm-none-eabi/15.2.1/../../../../arm-none-eabi/lib/thumb/v7e-m+fp/hard/libc_nano.a(libc_a-mprec.o)
                0x0800b1f0                __mdiff
 .text.__d2b    0x0800b320       0xb0 /opt/arm-gnu-toolchain-15.2.rel1-x86_64-arm-none-eabi/bin/../lib/gcc/arm-none-eabi/15.2.1/../../../../arm-none-eabi/lib/thumb/v7e-m+fp/hard/libc_nano.a(libc_a-mprec.o)
                0x0800b320                __d2b
 .text.__ssputs_r
                0x0800b3d0       0xc0 /opt/arm-gnu-toolchain-15.2.rel1-x86_64-arm-none-eabi/bin/../lib/gcc/arm-none-eabi/15.2.1/../../../../arm-none-eabi/lib/thumb/v7e-m+fp/hard/libc_nano.a(libc_a-nano-svfprintf.o)
                0x0800b3d0                __ssputs_r
 .text._svfprintf_r
                0x0800b490      0x1f0 /opt/arm-gnu-toolchain-15.2.rel1-x86_64-arm-none-eabi/bin/../lib/gcc/arm-none-eabi/15.2.1/../../../../arm-none-eabi/lib/thumb/v7e-m+fp/hard/libc_nano.a(libc_a-nano-svfprintf.o)
                0x0800b490                _svfprintf_r
                0x0800b490                _svfiprintf_r
 .text.__sflush_r
                0x0800b680      0x100 /opt/arm-gnu-toolchain-15.2.rel1-x86_64-arm-none-eabi/bin/../lib/gcc/arm-none-eabi/15.2.1/../../../../arm-none-eabi/lib/thumb/v7e-m+fp/hard/libc_nano.a(libc_a-fflush.o)
                0x0800b680                __sflush_r
 .text._fflush_r
                0x0800b780       0x50 /opt/arm-gnu-toolchain-15.2.rel1-x86_64-arm-none-eabi/bin/../lib/gcc/arm-none-eabi/15.2.1/../../../../arm-none-eabi/lib/thumb/v7e-m+fp/hard/libc_nano.a(libc_a-fflush.o)
                0x0800b780                _fflush_r
 .text.memmove  0x0800b7d0       0x32 /opt/arm-gnu-toolchain-15.2.rel1-x86_64-arm-none-eabi/bin/../lib/gcc/arm-none-eabi/15.2.1/../../../../arm-none-eabi/lib/thumb/v7e-m+fp/hard/libc_nano.a(libc_a-memmove.o)
                0x0800b7d0                memmove
 *fill*         0x0800b802        0x2 
 .text._sbrk_r  0x0800b804       0x20 /opt/arm-gnu-toolchain-15.2.rel1-x86_64-arm-none-eabi/bin/../lib/gcc/arm-none-eabi/15.2.1/../../../../arm-none-eabi/lib/thumb/v7e-m+fp/hard/libc_nano.a(libc_a-sbrkr.o)
                0x0800b804                _sbrk_r
 .text.__assert_func
                0x0800b824       0x3c /opt/arm-gnu-toolchain-15.2.rel1-x86_64-arm-none-eabi/bin/../lib/gcc/arm-none-eabi/15.2.1/../../../../arm-none-eabi/lib/thumb/v7e-m+fp/hard/libc_nano.a(libc_a-assert.o)
                0x0800b824                __assert_func
 .text._calloc_r
                0x0800b860       0x28 /opt/arm-gnu-toolchain-15.2.rel1-x86_64-arm-none-eabi/bin/../lib/gcc/arm-none-eabi/15.2.1/../../../../arm-none-eabi/lib/thumb/v7e-m+fp/hard/libc_nano.a(libc_a-callocr.o)
                0x0800b860                _calloc_r
 .text.__ascii_mbtowc
                0x0800b888       0x24 /opt/arm-gnu-toolchain-15.2.rel1-x86_64-arm-none-eabi/bin/../lib/gcc/arm-none-eabi/15.2.1/../../../../arm-none-eabi/lib/thumb/v7e-m+fp/hard/libc_nano.a(libc_a-mbtowc_r.o)
                0x0800b888                __ascii_mbtowc
 .text._realloc_r
                0x0800b8ac       0x5c /opt/arm-gnu-toolchain-15.2.rel1-x86_64-arm-none-eabi/bin/../lib/gcc/arm-none-eabi/15.2.1/../../../../arm-none-eabi/lib/thumb/v7e-m+fp/hard/libc_nano.a(libc_a-reallocr.o)
                0x0800b8ac                _realloc_r
 .text.__ascii_wctomb
                0x0800b908       0x1a /opt/arm-gnu-toolchain-15.2.rel1-x86_64-arm-none-eabi/bin/../lib/gcc/arm-none-eabi/15.2.1/../../../../arm-none-eabi/lib/thumb/v7e-m+fp/hard/libc_nano.a(libc_a-wctomb_r.o)
                0x0800b908                __ascii_wctomb
 *fill*         0x0800b922        0x2 
 .text.fprintf  0x0800b924       0x24 /opt/arm-gnu-toolchain-15.2.rel1-x86_64-arm-none-eabi/bin/../lib/gcc/arm-none-eabi/15.2.1/../../../../arm-none-eabi/lib/thumb/v7e-m+fp/hard/libc_nano.a(libc_a-fprintf.o)
                0x0800b924                fprintf
                0x0800b924                fiprintf
 .text.abort    0x0800b948        0xe /opt/arm-gnu-toolchain-15.2.rel1-x86_64-arm-none-eabi/bin/../lib/gcc/arm-none-eabi/15.2.1/../../../../arm-none-eabi/lib/thumb/v7e-m+fp/hard/libc_nano.a(libc_a-abort.o)
                0x0800b948                abort
 .text._malloc_usable_size_r
                0x0800b956       0x10 /opt/arm-gnu-toolchain-15.2.rel1-x86_64-arm-none-eabi/bin/../lib/gcc/arm-none-eabi/15.2.1/../../../../arm-none-eabi/lib/thumb/v7e-m+fp/hard/libc_nano.a(libc_a-msizer.o)
                0x0800b956                _malloc_usable_size_r
 .text.__sfputc_r
                0x0800b966       0x2a /opt/arm-gnu-toolchain-15.2.rel1-x86_64-arm-none-eabi/bin/../lib/gcc/arm-none-eabi/15.2.1/../../../../arm-none-eabi/lib/thumb/v7e-m+fp/hard/libc_nano.a(libc_a-nano-vfprintf.o)
 .text.__sfputs_r
                0x0800b990       0x24 /opt/arm-gnu-toolchain-15.2.rel1-x86_64-arm-none-eabi/bin/../lib/gcc/arm-none-eabi/15.2.1/../../../../arm-none-eabi/lib/thumb/v7e-m+fp/hard/libc_nano.a(libc_a-nano-vfprintf.o)
                0x0800b990                __sfputs_r
 .text._vfprintf_r
                0x0800b9b4      0x228 /opt/arm-gnu-toolchain-15.2.rel1-x86_64-arm-none-eabi/bin/../lib/gcc/arm-none-eabi/15.2.1/../../../../arm-none-eabi/lib/thumb/v7e-m+fp/hard/libc_nano.a(libc_a-nano-vfprintf.o)
                0x0800b9b4                _vfiprintf_r
                0x0800b9b4                _vfprintf_r
 .text.__swbuf_r
                0x0800bbdc       0x7a /opt/arm-gnu-toolchain-15.2.rel1-x86_64-arm-none-eabi/bin/../lib/gcc/arm-none-eabi/15.2.1/../../../../arm-none-eabi/lib/thumb/v7e-m+fp/hard/libc_nano.a(libc_a-wbuf.o)
                0x0800bbdc                __swbuf_r
 *fill*         0x0800bc56        0x2 
 .text.__swsetup_r
                0x0800bc58       0xa8 /opt/arm-gnu-toolchain-15.2.rel1-x86_64-arm-none-eabi/bin/../lib/gcc/arm-none-eabi/15.2.1/../../../../arm-none-eabi/lib/thumb/v7e-m+fp/hard/libc_nano.a(libc_a-wsetup.o)
                0x0800bc58                __swsetup_r
 .text._raise_r
                0x0800bd00       0x50 /opt/arm-gnu-toolchain-15.2.rel1-x86_64-arm-none-eabi/bin/../lib/gcc/arm-none-eabi/15.2.1/../../../../arm-none-eabi/lib/thumb/v7e-m+fp/hard/libc_nano.a(libc_a-signal.o)
                0x0800bd00                _raise_r
 .text.raise    0x0800bd50       0x10 /opt/arm-gnu-toolchain-15.2.rel1-x86_64-arm-none-eabi/bin/../lib/gcc/arm-none-eabi/15.2.1/../../../../arm-none-eabi/lib/thumb/v7e-m+fp/hard/libc_nano.a(libc_a-signal.o)
                0x0800bd50                raise
 .text._kill_r  0x0800bd60       0x24 /opt/arm-gnu-toolchain-15.2.rel1-x86_64-arm-none-eabi/bin/../lib/gcc/arm-none-eabi/15.2.1/../../../../arm-none-eabi/lib/thumb/v7e-m+fp/hard/libc_nano.a(libc_a-signalr.o)
                0x0800bd60                _kill_r
 .text._getpid_r
                0x0800bd84        0x4 /opt/arm-gnu-toolchain-15.2.rel1-x86_64-arm-none-eabi/bin/../lib/gcc/arm-none-eabi/15.2.1/../../../../arm-none-eabi/lib/thumb/v7e-m+fp/hard/libc_nano.a(libc_a-signalr.o)
                0x0800bd84                _getpid_r
 .text.__swhatbuf_r
                0x0800bd88       0x48 /opt/arm-gnu-toolchain-15.2.rel1-x86_64-arm-none-eabi/bin/../lib/gcc/arm-none-eabi/15.2.1/../../../../arm-none-eabi/lib/thumb/v7e-m+fp/hard/libc_nano.a(libc_a-makebuf.o)
                0x0800bd88                __swhatbuf_r
 .text.__smakebuf_r
                0x0800bdd0       0x72 /opt/arm-gnu-toolchain-15.2.rel1-x86_64-arm-none-eabi/bin/../lib/gcc/arm-none-eabi/15.2.1/../../../../arm-none-eabi/lib/thumb/v7e-m+fp/hard/libc_nano.a(libc_a-makebuf.o)
                0x0800bdd0                __smakebuf_r
 *fill*         0x0800be42        0x2 
 .text._fstat_r
                0x0800be44       0x24 /opt/arm-gnu-toolchain-15.2.rel1-x86_64-arm-none-eabi/bin/../lib/gcc/arm-none-eabi/15.2.1/../../../../arm-none-eabi/lib/thumb/v7e-m+fp/hard/libc_nano.a(libc_a-fstatr.o)
                0x0800be44                _fstat_r
 .text._isatty_r
                0x0800be68       0x20 /opt/arm-gnu-toolchain-15.2.rel1-x86_64-arm-none-eabi/bin/../lib/gcc/arm-none-eabi/15.2.1/../../../../arm-none-eabi/lib/thumb/v7e-m+fp/hard/libc_nano.a(libc_a-isattyr.o)
                0x0800be68                _isatty_r
 .text.__udivmoddi4
                0x0800be88      0x320 /opt/arm-gnu-toolchain-15.2.rel1-x86_64-arm-none-eabi/bin/../lib/gcc/arm-none-eabi/15.2.1/thumb/v7e-m+fp/hard/libgcc.a(_udivmoddi4.o)
                0x0800be88                __udivmoddi4
 .text._close   0x0800c1a8       0x10 /opt/arm-gnu-toolchain-15.2.rel1-x86_64-arm-none-eabi/bin/../lib/gcc/arm-none-eabi/15.2.1/../../../../arm-none-eabi/lib/thumb/v7e-m+fp/hard/libnosys.a(close.o)
                0x0800c1a8                _close
 .text._fstat   0x0800c1b8       0x10 /opt/arm-gnu-toolchain-15.2.rel1-x86_64-arm-none-eabi/bin/../lib/gcc/arm-none-eabi/15.2.1/../../../../arm-none-eabi/lib/thumb/v7e-m+fp/hard/libnosys.a(fstat.o)
                0x0800c1b8                _fstat
 .text._getpid  0x0800c1c8       0x10 /opt/arm-gnu-toolchain-15.2.rel1-x86_64-arm-none-eabi/bin/../lib/gcc/arm-none-eabi/15.2.1/../../../../arm-none-eabi/lib/thumb/v7e-m+fp/hard/libnosys.a(getpid.o)
                0x0800c1c8                _getpid
 .text._isatty  0x0800c1d8       0x10 /opt/arm-gnu-toolchain-15.2.rel1-x86_64-arm-none-eabi/bin/../lib/gcc/arm-none-eabi/15.2.1/../../../../arm-none-eabi/lib/thumb/v7e-m+fp/hard/libnosys.a(isatty.o)
                0x0800c1d8                _isatty
 .text._kill    0x0800c1e8       0x10 /opt/arm-gnu-toolchain-15.2.rel1-x86_64-arm-none-eabi/bin/../lib/gcc/arm-none-eabi/15.2.1/../../../../arm-none-eabi/lib/thumb/v7e-m+fp/hard/libnosys.a(kill.o)
                0x0800c1e8                _kill
 .text._lseek   0x0800c1f8       0x10 /opt/arm-gnu-toolchain-15.2.rel1-x86_64-arm-none-eabi/bin/../lib/gcc/arm-none-eabi/15.2.1/../../../../arm-none-eabi/lib/thumb/v7e-m+fp/hard/libnosys.a(lseek.o)
                0x0800c1f8                _lseek
 .text._read    0x0800c208       0x10 /opt/arm-gnu-toolchain-15.2.rel1-x86_64-arm-none-eabi/bin/../lib/gcc/arm-none-eabi/15.2.1/../../../../arm-none-eabi/lib/thumb/v7e-m+fp/hard/libnosys.a(read.o)
                0x0800c208                _read
 .text._sbrk    0x0800c218       0x1c /opt/arm-gnu-toolchain-15.2.rel1-x86_64-arm-none-eabi/bin/../lib/gcc/arm-none-eabi/15.2.1/../../../../arm-none-eabi/lib/thumb/v7e-m+fp/hard/libnosys.a(sbrk.o)
                0x0800c218                _sbrk
 .text._write   0x0800c234       0x10 /opt/arm-gnu-toolchain-15.2.rel1-x86_64-arm-none-eabi/bin/../lib/gcc/arm-none-eabi/15.2.1/../../../../arm-none-eabi/lib/thumb/v7e-m+fp/hard/libnosys.a(write.o)
                0x0800c234                _write
 .text._exit    0x0800c244        0x4 /opt/arm-gnu-toolchain-15.2.rel1-x86_64-arm-none-eabi/bin/../lib/gcc/arm-none-eabi/15.2.1/../../../../arm-none-eabi/lib/thumb/v7e-m+fp/hard/libnosys.a(_exit.o)
                0x0800c244                _exit
 *(.glue_7)
 .glue_7        0x0800c248        0x0 linker stubs
 *(.glue_7t)
 .glue_7t       0x0800c248        0x0 linker stubs
 *(.eh_frame)
 .eh_frame      0x0800c248        0x0 /opt/arm-gnu-toolchain-15.2.rel1-x86_64-arm-none-eabi/bin/../lib/gcc/arm-none-eabi/15.2.1/thumb/v7e-m+fp/hard/crtbegin.o
 *(.init)
 .init          0x0800c248        0x4 /opt/arm-gnu-toolchain-15.2.rel1-x86_64-arm-none-eabi/bin/../lib/gcc/arm-none-eabi/15.2.1/thumb/v7e-m+fp/hard/crti.o
                0x0800c248                _init
 .init          0x0800c24c        0x8 /opt/arm-gnu-toolchain-15.2.rel1-x86_64-arm-none-eabi/bin/../lib/gcc/arm-none-eabi/15.2.1/thumb/v7e-m+fp/hard/crtn.o
 *(.fini)
 .fini          0x0800c254        0x4 /opt/arm-gnu-toolchain-15.2.rel1-x86_64-arm-none-eabi/bin/../lib/gcc/arm-none-eabi/15.2.1/thumb/v7e-m+fp/hard/crti.o
                0x0800c254                _fini
 .fini          0x0800c258        0x8 /opt/arm-gnu-toolchain-15.2.rel1-x86_64-arm-none-eabi/bin/../lib/gcc/arm-none-eabi/15.2.1/thumb/v7e-m+fp/hard/crtn.o
                0x0800c260                        . = ALIGN (0x4)
                0x0800c260                        _etext = .

.vfp11_veneer   0x0800c260        0x0
 .vfp11_veneer  0x0800c260        0x0 linker stubs

.v4_bx          0x0800c260        0x0
 .v4_bx         0x0800c260        0x0 linker stubs

.iplt           0x0800c260        0x0
 .iplt          0x0800c260        0x0 /opt/arm-gnu-toolchain-15.2.rel1-x86_64-arm-none-eabi/bin/../lib/gcc/arm-none-eabi/15.2.1/thumb/v7e-m+fp/hard/crtbegin.o

.rodata         0x0800c260     0x137c
                0x0800c260                        . = ALIGN (0x4)
 *(.rodata)
 *(.rodata*)
 .rodata.Mod_FeatureWindow_Tick.str1.4
                0x0800c260      0xe6b build/Core/Src/main.o
                                 0xb5 (size before relaxing)
 .rodata.Mod_UartCommand_Tick.str1.4
                0x0800d0cb        0x0 build/Core/Src/main.o
                                 0xd6 (size before relaxing)
 .rodata.Mod_ImuSample_Tick.str1.4
                0x0800d0cb        0x0 build/Core/Src/main.o
                                 0x28 (size before relaxing)
 .rodata.main.str1.4
                0x0800d0cb        0x0 build/Core/Src/main.o
                                0x173 (size before relaxing)
 .rodata.str1.4
                0x0800d0cb        0x0 build/Core/Src/main.o
                                 0x32 (size before relaxing)
 *fill*         0x0800d0cb        0x1 
 .rodata.s_mod_uart
                0x0800d0cc        0xc build/Core/Src/main.o
 .rodata.s_mod_flc
                0x0800d0d8        0xc build/Core/Src/main.o
 .rodata.s_mod_feature
                0x0800d0e4        0xc build/Core/Src/main.o
 .rodata.s_mod_imu
                0x0800d0f0        0xc build/Core/Src/main.o
 .rodata.MPU6050_ReadRaw.part.0.isra.0.str1.4
                0x0800d0fc        0x0 build/Core/Src/MPU6050.o
                                 0x2a (size before relaxing)
 .rodata.MPU6050_ReadReg.str1.4
                0x0800d0fc        0x0 build/Core/Src/MPU6050.o
                                 0x2e (size before relaxing)
 .rodata.MPU6050_Init.str1.4
                0x0800d0fc        0x0 build/Core/Src/MPU6050.o
                                 0xa1 (size before relaxing)
 .rodata.NN_Init.str1.4
                0x0800d0fc        0x0 build/Core/Src/NeuralNetwork.o
                                 0x3e (size before relaxing)
 .rodata.NN_PrintWeightStats.str1.4
                0x0800d0fc        0x0 build/Core/Src/NeuralNetwork.o
                                 0xaa (size before relaxing)
 .rodata.FLC_StateStr.str1.4
                0x0800d0fc        0x0 build/Core/Src/FederatedClient.o
                                  0x8 (size before relaxing)
 .rodata.FLC_Init.str1.4
                0x0800d0fc        0x0 build/Core/Src/FederatedClient.o
                                 0x77 (size before relaxing)
 .rodata.FLC_SubmitSample.str1.4
                0x0800d0fc        0x0 build/Core/Src/FederatedClient.o
                                 0xb3 (size before relaxing)
 .rodata.FLC_DoTraining.str1.4
                0x0800d0fc        0x0 build/Core/Src/FederatedClient.o
                                 0xe3 (size before relaxing)
 .rodata.FLC_TriggerUpload.str1.4
                0x0800d0fc        0x0 build/Core/Src/FederatedClient.o
                                 0x24 (size before relaxing)
 .rodata.FLC_Reset.str1.4
                0x0800d0fc        0x0 build/Core/Src/FederatedClient.o
                                 0x1a (size before relaxing)
 .rodata.FLC_PrintStatus.str1.4
                0x0800d0fc        0x0 build/Core/Src/FederatedClient.o
                                 0x4f (size before relaxing)
 .rodata.FLC_Tick.str1.4
                0x0800d0fc        0x0 build/Core/Src/FederatedClient.o
                                 0x8d (size before relaxing)
 .rodata.str1.4
                0x0800d0fc        0x0 build/Core/Src/FederatedClient.o
                                 0x3e (size before relaxing)
 .rodata.CSWTCH.2
                0x0800d0fc       0x18 build/Core/Src/FederatedClient.o
 .rodata.Utils_TimerInit.str1.4
                0x0800d114        0x0 build/Core/Src/Utils.o
                                 0x27 (size before relaxing)
 .rodata.Utils_PrintMemoryStats.str1.4
                0x0800d114        0x0 build/Core/Src/Utils.o
                                0x105 (size before relaxing)
 .rodata.AppModule_Register.str1.4
                0x0800d114        0x0 build/Core/Src/AppModule.o
                                 0x8f (size before relaxing)
 .rodata.SDCard_ReadBlocks.str1.4
                0x0800d114        0x0 build/Core/Src/SDCard.o
                                 0x32 (size before relaxing)
 .rodata.SDCard_WriteBlocks.str1.4
                0x0800d114        0x0 build/Core/Src/SDCard.o
                                 0x33 (size before relaxing)
 .rodata.SDCard_PrintInfo.str1.4
                0x0800d114        0x0 build/Core/Src/SDCard.o
                                 0x82 (size before relaxing)
 .rodata.SDCard_Init.str1.4
                0x0800d114        0x0 build/Core/Src/SDCard.o
                                 0x59 (size before relaxing)
 .rodata.DataLogger_ModuleInit.str1.4
                0x0800d114        0x0 build/Core/Src/DataLogger.o
                                0x213 (size before relaxing)
 .rodata.DataLogger_ModuleTick.str1.4
                0x0800d114        0x0 build/Core/Src/DataLogger.o
                                 0x30 (size before relaxing)
 .rodata.DataLogger_LogWindow.str1.4
                0x0800d114        0x0 build/Core/Src/DataLogger.o
                                 0x2b (size before relaxing)
 .rodata.DataLogger_LogFLRound.str1.4
                0x0800d114        0x0 build/Core/Src/DataLogger.o
                                 0x1d (size before relaxing)
 .rodata.header.0
                0x0800d114       0x6c build/Core/Src/DataLogger.o
 .rodata.str1.4
                0x0800d180        0x0 build/Core/Src/DataLogger.o
                                  0xb (size before relaxing)
 .rodata.follow_path.str1.4
                0x0800d180        0x0 build/Middlewares/Third_Party/FatFs/src/ff.o
                                  0xf (size before relaxing)
 .rodata.ExCvt  0x0800d180       0x80 build/Middlewares/Third_Party/FatFs/src/ff.o
 .rodata.APBPrescTable
                0x0800d200        0x8 build/Core/Src/system_stm32f4xx.o
                0x0800d200                APBPrescTable
 .rodata.AHBPrescTable
                0x0800d208       0x10 build/Core/Src/system_stm32f4xx.o
                0x0800d208                AHBPrescTable
 .rodata.logf.str1.4
                0x0800d218        0x0 /opt/arm-gnu-toolchain-15.2.rel1-x86_64-arm-none-eabi/bin/../lib/gcc/arm-none-eabi/15.2.1/../../../../arm-none-eabi/lib/thumb/v7e-m+fp/hard/libm.a(libm_a-wf_log.o)
                                  0x1 (size before relaxing)
 .rodata.CSWTCH.7
                0x0800d218        0xc /opt/arm-gnu-toolchain-15.2.rel1-x86_64-arm-none-eabi/bin/../lib/gcc/arm-none-eabi/15.2.1/../../../../arm-none-eabi/lib/thumb/v7e-m+fp/hard/libm.a(libm_a-ef_atan2.o)
 .rodata.CSWTCH.6
                0x0800d224        0xc /opt/arm-gnu-toolchain-15.2.rel1-x86_64-arm-none-eabi/bin/../lib/gcc/arm-none-eabi/15.2.1/../../../../arm-none-eabi/lib/thumb/v7e-m+fp/hard/libm.a(libm_a-ef_atan2.o)
 .rodata.ln2LO  0x0800d230        0x8 /opt/arm-gnu-toolchain-15.2.rel1-x86_64-arm-none-eabi/bin/../lib/gcc/arm-none-eabi/15.2.1/../../../../arm-none-eabi/lib/thumb/v7e-m+fp/hard/libm.a(libm_a-ef_exp.o)
 .rodata.ln2HI  0x0800d238        0x8 /opt/arm-gnu-toolchain-15.2.rel1-x86_64-arm-none-eabi/bin/../lib/gcc/arm-none-eabi/15.2.1/../../../../arm-none-eabi/lib/thumb/v7e-m+fp/hard/libm.a(libm_a-ef_exp.o)
 .rodata.halF   0x0800d240        0x8 /opt/arm-gnu-toolchain-15.2.rel1-x86_64-arm-none-eabi/bin/../lib/gcc/arm-none-eabi/15.2.1/../../../../arm-none-eabi/lib/thumb/v7e-m+fp/hard/libm.a(libm_a-ef_exp.o)
 .rodata.atanlo
                0x0800d248       0x10 /opt/arm-gnu-toolchain-15.2.rel1-x86_64-arm-none-eabi/bin/../lib/gcc/arm-none-eabi/15.2.1/../../../../arm-none-eabi/lib/thumb/v7e-m+fp/hard/libm.a(libm_a-sf_atan.o)
 .rodata.atanhi
                0x0800d258       0x10 /opt/arm-gnu-toolchain-15.2.rel1-x86_64-arm-none-eabi/bin/../lib/gcc/arm-none-eabi/15.2.1/../../../../arm-none-eabi/lib/thumb/v7e-m+fp/hard/libm.a(libm_a-sf_atan.o)
 .rodata._printf_float.str1.1
                0x0800d268      0x173 /opt/arm-gnu-toolchain-15.2.rel1-x86_64-arm-none-eabi/bin/../lib/gcc/arm-none-eabi/15.2.1/../../../../arm-none-eabi/lib/thumb/v7e-m+fp/hard/libc_nano.a(libc_a-nano-vfprintf_float.o)
                                 0x12 (size before relaxing)
 .rodata._printf_i.str1.1
                0x0800d3db        0x0 /opt/arm-gnu-toolchain-15.2.rel1-x86_64-arm-none-eabi/bin/../lib/gcc/arm-none-eabi/15.2.1/../../../../arm-none-eabi/lib/thumb/v7e-m+fp/hard/libc_nano.a(libc_a-nano-vfprintf_i.o)
                                 0x22 (size before relaxing)
 .rodata._dtoa_r.str1.1
                0x0800d3db        0x0 /opt/arm-gnu-toolchain-15.2.rel1-x86_64-arm-none-eabi/bin/../lib/gcc/arm-none-eabi/15.2.1/../../../../arm-none-eabi/lib/thumb/v7e-m+fp/hard/libc_nano.a(libc_a-dtoa.o)
                                 0x90 (size before relaxing)
 .rodata._Balloc.str1.1
                0x0800d3db        0x0 /opt/arm-gnu-toolchain-15.2.rel1-x86_64-arm-none-eabi/bin/../lib/gcc/arm-none-eabi/15.2.1/../../../../arm-none-eabi/lib/thumb/v7e-m+fp/hard/libc_nano.a(libc_a-mprec.o)
                                 0x71 (size before relaxing)
 .rodata.__multadd.str1.1
                0x0800d3db        0x0 /opt/arm-gnu-toolchain-15.2.rel1-x86_64-arm-none-eabi/bin/../lib/gcc/arm-none-eabi/15.2.1/../../../../arm-none-eabi/lib/thumb/v7e-m+fp/hard/libc_nano.a(libc_a-mprec.o)
                                 0x11 (size before relaxing)
 *fill*         0x0800d3db        0x1 
 .rodata.p05.0  0x0800d3dc        0xc /opt/arm-gnu-toolchain-15.2.rel1-x86_64-arm-none-eabi/bin/../lib/gcc/arm-none-eabi/15.2.1/../../../../arm-none-eabi/lib/thumb/v7e-m+fp/hard/libc_nano.a(libc_a-mprec.o)
 .rodata.__mprec_bigtens
                0x0800d3e8       0x28 /opt/arm-gnu-toolchain-15.2.rel1-x86_64-arm-none-eabi/bin/../lib/gcc/arm-none-eabi/15.2.1/../../../../arm-none-eabi/lib/thumb/v7e-m+fp/hard/libc_nano.a(libc_a-mprec.o)
                0x0800d3e8                __mprec_bigtens
 .rodata.__mprec_tens
                0x0800d410       0xc8 /opt/arm-gnu-toolchain-15.2.rel1-x86_64-arm-none-eabi/bin/../lib/gcc/arm-none-eabi/15.2.1/../../../../arm-none-eabi/lib/thumb/v7e-m+fp/hard/libc_nano.a(libc_a-mprec.o)
                0x0800d410                __mprec_tens
 .rodata._svfprintf_r.str1.1
                0x0800d4d8        0x0 /opt/arm-gnu-toolchain-15.2.rel1-x86_64-arm-none-eabi/bin/../lib/gcc/arm-none-eabi/15.2.1/../../../../arm-none-eabi/lib/thumb/v7e-m+fp/hard/libc_nano.a(libc_a-nano-svfprintf.o)
                                 0x11 (size before relaxing)
 .rodata._setlocale_r.str1.1
                0x0800d4d8        0x0 /opt/arm-gnu-toolchain-15.2.rel1-x86_64-arm-none-eabi/bin/../lib/gcc/arm-none-eabi/15.2.1/../../../../arm-none-eabi/lib/thumb/v7e-m+fp/hard/libc_nano.a(libc_a-locale.o)
                                  0x9 (size before relaxing)
 .rodata.str1.1
                0x0800d4d8        0x0 /opt/arm-gnu-toolchain-15.2.rel1-x86_64-arm-none-eabi/bin/../lib/gcc/arm-none-eabi/15.2.1/../../../../arm-none-eabi/lib/thumb/v7e-m+fp/hard/libc_nano.a(libc_a-locale.o)
                                  0x2 (size before relaxing)
 .rodata.__assert_func.str1.1
                0x0800d4d8        0x0 /opt/arm-gnu-toolchain-15.2.rel1-x86_64-arm-none-eabi/bin/../lib/gcc/arm-none-eabi/15.2.1/../../../../arm-none-eabi/lib/thumb/v7e-m+fp/hard/libc_nano.a(libc_a-assert.o)
                                 0x3d (size before relaxing)
 .rodata._ctype_
                0x0800d4d8      0x101 /opt/arm-gnu-toolchain-15.2.rel1-x86_64-arm-none-eabi/bin/../lib/gcc/arm-none-eabi/15.2.1/../../../../arm-none-eabi/lib/thumb/v7e-m+fp/hard/libc_nano.a(libc_a-ctype_.o)
                0x0800d4d8                _ctype_
 .rodata._vfprintf_r.str1.1
                0x0800d5d9        0x0 /opt/arm-gnu-toolchain-15.2.rel1-x86_64-arm-none-eabi/bin/../lib/gcc/arm-none-eabi/15.2.1/../../../../arm-none-eabi/lib/thumb/v7e-m+fp/hard/libc_nano.a(libc_a-nano-vfprintf.o)
                                 0x11 (size before relaxing)
                0x0800d5dc                        . = ALIGN (0x4)
 *fill*         0x0800d5d9        0x3 

.ARM.extab
 *(.ARM.extab* .gnu.linkonce.armextab.*)

.ARM            0x0800d5dc        0x8
                0x0800d5dc                        __exidx_start = .
 *(.ARM.exidx*)
 .ARM.exidx     0x0800d5dc        0x8 /opt/arm-gnu-toolchain-15.2.rel1-x86_64-arm-none-eabi/bin/../lib/gcc/arm-none-eabi/15.2.1/../../../../arm-none-eabi/lib/thumb/v7e-m+fp/hard/libc_nano.a(libc_a-memchr.o)
 .ARM.exidx     0x0800d5e4        0x0 /opt/arm-gnu-toolchain-15.2.rel1-x86_64-arm-none-eabi/bin/../lib/gcc/arm-none-eabi/15.2.1/../../../../arm-none-eabi/lib/thumb/v7e-m+fp/hard/libc_nano.a(libc_a-strlen.o)
                                  0x8 (size before relaxing)
 .ARM.exidx.text.__udivmoddi4
                0x0800d5e4        0x0 /opt/arm-gnu-toolchain-15.2.rel1-x86_64-arm-none-eabi/bin/../lib/gcc/arm-none-eabi/15.2.1/thumb/v7e-m+fp/hard/libgcc.a(_udivmoddi4.o)
                                  0x8 (size before relaxing)
                0x0800d5e4                        __exidx_end = .

.rel.dyn        0x0800d5e4        0x0
 .rel.iplt      0x0800d5e4        0x0 /opt/arm-gnu-toolchain-15.2.rel1-x86_64-arm-none-eabi/bin/../lib/gcc/arm-none-eabi/15.2.1/thumb/v7e-m+fp/hard/crtbegin.o

.preinit_array  0x0800d5e4        0x0
                0x0800d5e4                        PROVIDE (__preinit_array_start = .)
 *(.preinit_array*)
                0x0800d5e4                        PROVIDE (__preinit_array_end = .)

.init_array     0x0800d5e4        0x4
                0x0800d5e4                        PROVIDE (__init_array_start = .)
 *(SORT_BY_NAME(.init_array.*))
 *(.init_array*)
 .init_array    0x0800d5e4        0x4 /opt/arm-gnu-toolchain-15.2.rel1-x86_64-arm-none-eabi/bin/../lib/gcc/arm-none-eabi/15.2.1/thumb/v7e-m+fp/hard/crtbegin.o
                0x0800d5e8                        PROVIDE (__init_array_end = .)

.fini_array     0x0800d5e8        0x4
                [!provide]                        PROVIDE (__fini_array_start = .)
 *(SORT_BY_NAME(.fini_array.*))
 *(.fini_array*)
 .fini_array    0x0800d5e8        0x4 /opt/arm-gnu-toolchain-15.2.rel1-x86_64-arm-none-eabi/bin/../lib/gcc/arm-none-eabi/15.2.1/thumb/v7e-m+fp/hard/crtbegin.o
                [!provide]                        PROVIDE (__fini_array_end = .)
                0x0800d5ec                        _sidata = LOADADDR (.data)

.data           0x20000000      0x1e8 load address 0x0800d5ec
                0x20000000                        . = ALIGN (0x4)
                0x20000000                        _sdata = .
 *(.data)
 *(.data*)
 .data._lcg_state
                0x20000000        0x4 build/Core/Src/Utils.o
 .data.s_status
                0x20000004        0x1 build/Core/Src/diskio.o
 *fill*         0x20000005        0x3 
 .data.g_datalogger_module
                0x20000008        0xc build/Core/Src/DataLogger.o
                0x20000008                g_datalogger_module
 .data.uwTickFreq
                0x20000014        0x1 build/Drivers/STM32F4xx_HAL_Driver/Src/stm32f4xx_hal.o
                0x20000014                uwTickFreq
 *fill*         0x20000015        0x3 
 .data.uwTickPrio
                0x20000018        0x4 build/Drivers/STM32F4xx_HAL_Driver/Src/stm32f4xx_hal.o
                0x20000018                uwTickPrio
 .data.SystemCoreClock
                0x2000001c        0x4 build/Core/Src/system_stm32f4xx.o
                0x2000001c                SystemCoreClock
 .data.__sglue  0x20000020        0xc /opt/arm-gnu-toolchain-15.2.rel1-x86_64-arm-none-eabi/bin/../lib/gcc/arm-none-eabi/15.2.1/../../../../arm-none-eabi/lib/thumb/v7e-m+fp/hard/libc_nano.a(libc_a-findfp.o)
                0x20000020                __sglue
 .data._impure_ptr
                0x2000002c        0x4 /opt/arm-gnu-toolchain-15.2.rel1-x86_64-arm-none-eabi/bin/../lib/gcc/arm-none-eabi/15.2.1/../../../../arm-none-eabi/lib/thumb/v7e-m+fp/hard/libc_nano.a(libc_a-impure.o)
                0x2000002c                _impure_ptr
 .data._impure_data
                0x20000030       0x4c /opt/arm-gnu-toolchain-15.2.rel1-x86_64-arm-none-eabi/bin/../lib/gcc/arm-none-eabi/15.2.1/../../../../arm-none-eabi/lib/thumb/v7e-m+fp/hard/libc_nano.a(libc_a-impure.o)
                0x20000030                _impure_data
 .data.__global_locale
                0x2000007c      0x16c /opt/arm-gnu-toolchain-15.2.rel1-x86_64-arm-none-eabi/bin/../lib/gcc/arm-none-eabi/15.2.1/../../../../arm-none-eabi/lib/thumb/v7e-m+fp/hard/libc_nano.a(libc_a-locale.o)
                0x2000007c                __global_locale
                0x200001e8                        . = ALIGN (0x4)
                0x200001e8                        _edata = .
                0x0800d7d4                        _siccmram = LOADADDR (.ccmram)

.tm_clone_table
                0x200001e8        0x0 load address 0x0800d7d4
 .tm_clone_table
                0x200001e8        0x0 /opt/arm-gnu-toolchain-15.2.rel1-x86_64-arm-none-eabi/bin/../lib/gcc/arm-none-eabi/15.2.1/thumb/v7e-m+fp/hard/crtbegin.o
 .tm_clone_table
                0x200001e8        0x0 /opt/arm-gnu-toolchain-15.2.rel1-x86_64-arm-none-eabi/bin/../lib/gcc/arm-none-eabi/15.2.1/thumb/v7e-m+fp/hard/crtend.o

.igot.plt       0x200001e8        0x0 load address 0x0800d7d4
 .igot.plt      0x200001e8        0x0 /opt/arm-gnu-toolchain-15.2.rel1-x86_64-arm-none-eabi/bin/../lib/gcc/arm-none-eabi/15.2.1/thumb/v7e-m+fp/hard/crtbegin.o

.ccmram         0x10000000        0x0 load address 0x0800d7d4
                0x10000000                        . = ALIGN (0x4)
                0x10000000                        _sccmram = .
 *(.ccmram)
 *(.ccmram*)
                0x10000000                        . = ALIGN (0x4)
                0x10000000                        _eccmram = .

.bss            0x200001e8    0x16e84
                0x200001e8                        . = ALIGN (0x4)
                0x200001e8                        _sbss = .
 *(.bss)
 *(.bss*)
 .bss.completed.1
                0x200001e8        0x1 /opt/arm-gnu-toolchain-15.2.rel1-x86_64-arm-none-eabi/bin/../lib/gcc/arm-none-eabi/15.2.1/thumb/v7e-m+fp/hard/crtbegin.o
 *fill*         0x200001e9        0x3 
 .bss.object.0  0x200001ec       0x18 /opt/arm-gnu-toolchain-15.2.rel1-x86_64-arm-none-eabi/bin/../lib/gcc/arm-none-eabi/15.2.1/thumb/v7e-m+fp/hard/crtbegin.o
 .bss.s_last_window_ms
                0x20000204        0x4 build/Core/Src/main.o
 .bss.s_window_count
                0x20000208        0x4 build/Core/Src/main.o
 .bss.s_current_label