Archive member included to satisfy reference by file (symbol)

/opt/arm-gnu-toolchain-15.2.rel1-x86_64-arm-none-eabi/bin/../lib/gcc/arm-none-eabi/15.2.1/../../../../arm-none-eabi/lib/thumb/v7e-m+fp/hard/libm.a(libm_a-wf_atan2.o)
                              build/Core/Src/ComplementaryFilter.o (atan2f)
/opt/arm-gnu-toolchain-15.2.rel1-x86_64-arm-none-eabi/bin/../lib/gcc/arm-none-eabi/15.2.1/../../../../arm-none-eabi/lib/thumb/v7e-m+fp/hard/libm.a(libm_a-wf_exp.o)
                              build/Core/Src/NeuralNetwork.o (expf)
/opt/arm-gnu-toolchain-15.2.rel1-x86_64-arm-none-eabi/bin/../lib/gcc/arm-none-eabi/15.2.1/../../../../arm-none-eabi/lib/thumb/v7e-m+fp/hard/libm.a(libm_a-wf_log.o)
                              build/Core/Src/NeuralNetwork.o (logf)
/opt/arm-gnu-toolchain-15.2.rel1-x86_64-arm-none-eabi/bin/../lib/gcc/arm-none-eabi/15.2.1/../../../../arm-none-eabi/lib/thumb/v7e-m+fp/hard/libm.a(libm_a-wf_sqrt.o)
                              build/Core/Src/FeatureExtractor.o (sqrtf)
/opt/arm-gnu-toolchain-15.2.rel1-x86_64-arm-none-eabi/bin/../lib/gcc/arm-none-eabi/15.2.1/../../../../arm-none-eabi/lib/thumb/v7e-m+fp/hard/libm.a(libm_a-sf_finite.o)
                              /opt/arm-gnu-toolchain-15.2.rel1-x86_64-arm-none-eabi/bin/../lib/gcc/arm-none-eabi/15.2.1/../../../../arm-none-eabi/lib/thumb/v7e-m+fp/hard/libm.a(libm_a-wf_exp.o) (finitef)
/opt/arm-gnu-toolchain-15.2.rel1-x86_64-arm-none-eabi/bin/../lib/gcc/arm-none-eabi/15.2.1/../../../../arm-none-eabi/lib/thumb/v7e-m+fp/hard/libm.a(libm_a-sf_nan.o)
                              /opt/arm-gnu-toolchain-15.2.rel1-x86_64-arm-none-eabi/bin/../lib/gcc/arm-none-eabi/15.2.1/../../../../arm-none-eabi/lib/thumb/v7e-m+fp/hard/libm.a(libm_a-wf_log.o) (nanf)
/opt/arm-gnu-toolchain-15.2.rel1-x86_64-arm-none-eabi/bin/../lib/gcc/arm-none-eabi/15.2.1/../../../../arm-none-eabi/lib/thumb/v7e-m+fp/hard/libm.a(libm_a-ef_sqrt.o)
                              /opt/arm-gnu-toolchain-15.2.rel1-x86_64-arm-none-eabi/bin/../lib/gcc/arm-none-eabi/15.2.1/../../../../arm-none-eabi/lib/thumb/v7e-m+fp/hard/libm.a(libm_a-wf_sqrt.o) (__ieee754_sqrtf)
/opt/arm-gnu-toolchain-15.2.rel1-x86_64-arm-none-eabi/bin/../lib/gcc/arm-none-eabi/15.2.1/../../../../arm-none-eabi/lib/thumb/v7e-m+fp/hard/libm.a(libm_a-ef_atan2.o)
                              /opt/arm-gnu-toolchain-15.2.rel1-x86_64-arm-none-eabi/bin/../lib/gcc/arm-none-eabi/15.2.1/../../../../arm-none-eabi/lib/thumb/v7e-m+fp/hard/libm.a(libm_a-wf_atan2.o) (__ieee754_atan2f)
/opt/arm-gnu-toolchain-15.2.rel1-x86_64-arm-none-eabi/bin/../lib/gcc/arm-none-eabi/15.2.1/../../../../arm-none-eabi/lib/thumb/v7e-m+fp/hard/libm.a(libm_a-ef_exp.o)
                              /opt/arm-gnu-toolchain-15.2.rel1-x86_64-arm-none-eabi/bin/../lib/gcc/arm-none-eabi/15.2.1/../../../../arm-none-eabi/lib/thumb/v7e-m+fp/hard/libm.a(libm_a-wf_exp.o) (__ieee754_expf)
/opt/arm-gnu-toolchain-15.2.rel1-x86_64-arm-none-eabi/bin/../lib/gcc/arm-none-eabi/15.2.1/../../../../arm-none-eabi/lib/thumb/v7e-m+fp/hard/libm.a(libm_a-ef_log.o)
                              /opt/arm-gnu-toolchain-15.2.rel1-x86_64-arm-none-eabi/bin/../lib/gcc/arm-none-eabi/15.2.1/../../../../arm-none-eabi/lib/thumb/v7e-m+fp/hard/libm.a(libm_a-wf_log.o) (__ieee754_logf)
/opt/arm-gnu-toolchain-15.2.rel1-x86_64-arm-none-eabi/bin/../lib/gcc/arm-none-eabi/15.2.1/../../../../arm-none-eabi/lib/thumb/v7e-m+fp/hard/libm.a(libm_a-sf_atan.o)
                              /opt/arm-gnu-toolchain-15.2.rel1-x86_64-arm-none-eabi/bin/../lib/gcc/arm-none-eabi/15.2.1/../../../../arm-none-eabi/lib/thumb/v7e-m+fp/hard/libm.a(libm_a-ef_atan2.o) (atanf)
/opt/arm-gnu-toolchain-15.2.rel1-x86_64-arm-none-eabi/bin/../lib/gcc/arm-none-eabi/15.2.1/../../../../arm-none-eabi/lib/thumb/v7e-m+fp/hard/libm.a(libm_a-sf_fabs.o)
                              /opt/arm-gnu-toolchain-15.2.rel1-x86_64-arm-none-eabi/bin/../lib/gcc/arm-none-eabi/15.2.1/../../../../arm-none-eabi/lib/thumb/v7e-m+fp/hard/libm.a(libm_a-ef_atan2.o) (fabsf)
/opt/arm-gnu-toolchain-15.2.rel1-x86_64-arm-none-eabi/bin/../lib/gcc/arm-none-eabi/15.2.1/../../../../arm-none-eabi/lib/thumb/v7e-m+fp/hard/libm.a(libm_a-math_errf.o)
                              /opt/arm-gnu-toolchain-15.2.rel1-x86_64-arm-none-eabi/bin/../lib/gcc/arm-none-eabi/15.2.1/../../../../arm-none-eabi/lib/thumb/v7e-m+fp/hard/libm.a(libm_a-ef_exp.o) (__math_uflowf)
/opt/arm-gnu-toolchain-15.2.rel1-x86_64-arm-none-eabi/bin/../lib/gcc/arm-none-eabi/15.2.1/../../../../arm-none-eabi/lib/thumb/v7e-m+fp/hard/libc_nano.a(libc_a-exit.o)
                              /opt/arm-gnu-toolchain-15.2.rel1-x86_64-arm-none-eabi/bin/../lib/gcc/arm-none-eabi/15.2.1/../../../../arm-none-eabi/lib/thumb/v7e-m+fp/hard/crt0.o (exit)
/opt/arm-gnu-toolchain-15.2.rel1-x86_64-arm-none-eabi/bin/../lib/gcc/arm-none-eabi/15.2.1/../../../../arm-none-eabi/lib/thumb/v7e-m+fp/hard/libc_nano.a(libc_a-nano-vfprintf_float.o)
                              (_printf_float)
[...]
Memory Configuration

Name             Origin             Length             Attributes
CCMRAM           0x10000000         0x00010000         xrw
FLASH            0x08000000         0x00100000         xr
RAM              0x20000000         0x00020000         xrw
SRAM2            0x2001c000         0x00004000         xrw
*default*        0x00000000         0xffffffff

Linker script and memory map

LOAD /opt/arm-gnu-toolchain-15.2.rel1-x86_64-arm-none-eabi/bin/../lib/gcc/arm-none-eabi/15.2.1/thumb/v7e-m+fp/hard/crti.o
LOAD /opt/arm-gnu-toolchain-15.2.rel1-x86_64-arm-none-eabi/bin/../lib/gcc/arm-none-eabi/15.2.1/thumb/v7e-m+fp/hard/crtbegin.o
LOAD /opt/arm-gnu-toolchain-15.2.rel1-x86_64-arm-none-eabi/bin/../lib/gcc/arm-none-eabi/15.2.1/../../../../arm-none-eabi/lib/thumb/v7e-m+fp/hard/crt0.o
LOAD build/Core/Src/main.o
LOAD build/Core/Src/MPU6050.o
LOAD build/Core/Src/ComplementaryFilter.o
LOAD build/Core/Src/FeatureExtractor.o
LOAD build/Core/Src/NeuralNetwork.o
LOAD build/Core/Src/Serialization.o
LOAD build/Core/Src/FederatedClient.o
LOAD build/Core/Src/Utils.o
LOAD build/Drivers/STM32F4xx_HAL_Driver/Src/stm32f4xx_hal.o
LOAD build/Drivers/STM32F4xx_HAL_Driver/Src/stm32f4xx_hal_cortex.o
LOAD build/Drivers/STM32F4xx_HAL_Driver/Src/stm32f4xx_hal_rcc.o
LOAD build/Drivers/STM32F4xx_HAL_Driver/Src/stm32f4xx_hal_rcc_ex.o
LOAD build/Drivers/STM32F4xx_HAL_Driver/Src/stm32f4xx_hal_gpio.o
LOAD build/Drivers/STM32F4xx_HAL_Driver/Src/stm32f4xx_hal_uart.o
LOAD build/Drivers/STM32F4xx_HAL_Driver/Src/stm32f4xx_hal_i2c.o
LOAD build/Drivers/STM32F4xx_HAL_Driver/Src/stm32f4xx_hal_tim.o
LOAD build/Drivers/STM32F4xx_HAL_Driver/Src/stm32f4xx_hal_tim_ex.o
LOAD build/Drivers/STM32F4xx_HAL_Driver/Src/stm32f4xx_hal_pwr.o
LOAD build/Drivers/STM32F4xx_HAL_Driver/Src/stm32f4xx_hal_pwr_ex.o
LOAD build/Drivers/STM32F4xx_HAL_Driver/Src/stm32f4xx_hal_dma.o
LOAD build/Drivers/STM32F4xx_HAL_Driver/Src/stm32f4xx_hal_flash.o
LOAD build/Drivers/STM32F4xx_HAL_Driver/Src/stm32f4xx_hal_flash_ex.o
LOAD build/Core/Src/stm32f4xx_hal_msp.o
LOAD build/Core/Src/stm32f4xx_it.o
LOAD build/Core/Src/system_stm32f4xx.o
LOAD build/startup_stm32f405xx.o
LOAD /opt/arm-gnu-toolchain-15.2.rel1-x86_64-arm-none-eabi/bin/../lib/gcc/arm-none-eabi/15.2.1/../../../../arm-none-eabi/lib/thumb/v7e-m+fp/hard/libm.a
LOAD /opt/arm-gnu-toolchain-15.2.rel1-x86_64-arm-none-eabi/bin/../lib/gcc/arm-none-eabi/15.2.1/../../../../arm-none-eabi/lib/thumb/v7e-m+fp/hard/libc_nano.a
START GROUP
LOAD /opt/arm-gnu-toolchain-15.2.rel1-x86_64-arm-none-eabi/bin/../lib/gcc/arm-none-eabi/15.2.1/thumb/v7e-m+fp/hard/libgcc.a
LOAD /opt/arm-gnu-toolchain-15.2.rel1-x86_64-arm-none-eabi/bin/../lib/gcc/arm-none-eabi/15.2.1/../../../../arm-none-eabi/lib/thumb/v7e-m+fp/hard/libc_nano.a
END GROUP
START GROUP
LOAD /opt/arm-gnu-toolchain-15.2.rel1-x86_64-arm-none-eabi/bin/../lib/gcc/arm-none-eabi/15.2.1/thumb/v7e-m+fp/hard/libgcc.a
LOAD /opt/arm-gnu-toolchain-15.2.rel1-x86_64-arm-none-eabi/bin/../lib/gcc/arm-none-eabi/15.2.1/../../../../arm-none-eabi/lib/thumb/v7e-m+fp/hard/libc_nano.a
LOAD /opt/arm-gnu-toolchain-15.2.rel1-x86_64-arm-none-eabi/bin/../lib/gcc/arm-none-eabi/15.2.1/../../../../arm-none-eabi/lib/thumb/v7e-m+fp/hard/libnosys.a
END GROUP
START GROUP
LOAD /opt/arm-gnu-toolchain-15.2.rel1-x86_64-arm-none-eabi/bin/../lib/gcc/arm-none-eabi/15.2.1/thumb/v7e-m+fp/hard/libgcc.a
LOAD /opt/arm-gnu-toolchain-15.2.rel1-x86_64-arm-none-eabi/bin/../lib/gcc/arm-none-eabi/15.2.1/../../../../arm-none-eabi/lib/thumb/v7e-m+fp/hard/libc_nano.a
LOAD /opt/arm-gnu-toolchain-15.2.rel1-x86_64-arm-none-eabi/bin/../lib/gcc/arm-none-eabi/15.2.1/../../../../arm-none-eabi/lib/thumb/v7e-m+fp/hard/libnosys.a
END GROUP
LOAD /opt/arm-gnu-toolchain-15.2.rel1-x86_64-arm-none-eabi/bin/../lib/gcc/arm-none-eabi/15.2.1/thumb/v7e-m+fp/hard/crtend.o
LOAD /opt/arm-gnu-toolchain-15.2.rel1-x86_64-arm-none-eabi/bin/../lib/gcc/arm-none-eabi/15.2.1/thumb/v7e-m+fp/hard/crtn.o
                0x20020000                        _estack = (ORIGIN (RAM) + LENGTH (RAM))
                0x00000000                        _Min_Heap_Size = 0x0
                0x00000800                        _Min_Stack_Size = 0x800

.isr_vector     0x08000000      0x188
                0x08000000                        . = ALIGN (0x4)
 *(.isr_vector)
 .isr_vector    0x08000000      0x188 build/startup_stm32f405xx.o
                0x08000000                g_pfnVectors
                0x08000188                        . = ALIGN (0x4)

.text           0x08000190     0x8f28
                0x08000190                        . = ALIGN (0x4)
 *(.text)
 .text          0x08000190       0xa0 /opt/arm-gnu-toolchain-15.2.rel1-x86_64-arm-none-eabi/bin/../lib/gcc/arm-none-eabi/15.2.1/../../../../arm-none-eabi/lib/thumb/v7e-m+fp/hard/libc_nano.a(libc_a-memchr.o)
                0x08000190                memchr
 .text          0x08000230       0x10 /opt/arm-gnu-toolchain-15.2.rel1-x86_64-arm-none-eabi/bin/../lib/gcc/arm-none-eabi/15.2.1/../../../../arm-none-eabi/lib/thumb/v7e-m+fp/hard/libc_nano.a(libc_a-strlen.o)
                0x08000230                strlen
 .text          0x08000240      0x378 /opt/arm-gnu-toolchain-15.2.rel1-x86_64-arm-none-eabi/bin/../lib/gcc/arm-none-eabi/15.2.1/thumb/v7e-m+fp/hard/libgcc.a(_arm_addsubdf3.o)
                0x08000240                __aeabi_drsub
                0x08000248                __aeabi_dsub
                0x08000248                __subdf3
                0x0800024c                __adddf3
                0x0800024c                __aeabi_dadd
                0x080004c4                __aeabi_ui2d
                0x080004c4                __floatunsidf
                0x080004e4                __floatsidf
                0x080004e4                __aeabi_i2d
                0x08000508                __extendsfdf2
                0x08000508                __aeabi_f2d
                0x0800054c                __aeabi_ul2d
                0x0800054c                __floatundidf
                0x0800055c                __floatdidf
                0x0800055c                __aeabi_l2d
 .text          0x080005b8      0x424 /opt/arm-gnu-toolchain-15.2.rel1-x86_64-arm-none-eabi/bin/../lib/gcc/arm-none-eabi/15.2.1/thumb/v7e-m+fp/hard/libgcc.a(_arm_muldivdf3.o)
                0x080005b8                __aeabi_dmul
                0x080005b8                __muldf3
                0x0800080c                __aeabi_ddiv
                0x0800080c                __divdf3
 .text          0x080009dc      0x110 /opt/arm-gnu-toolchain-15.2.rel1-x86_64-arm-none-eabi/bin/../lib/gcc/arm-none-eabi/15.2.1/thumb/v7e-m+fp/hard/libgcc.a(_arm_cmpdf2.o)
                0x080009dc                __gtdf2
                0x080009dc                __gedf2
                0x080009e4                __ltdf2
                0x080009e4                __ledf2
                0x080009ec                __cmpdf2
                0x080009ec                __eqdf2
                0x080009ec                __nedf2
                0x08000a68                __aeabi_cdrcmple
                0x08000a78                __aeabi_cdcmple
                0x08000a78                __aeabi_cdcmpeq
                0x08000a88                __aeabi_dcmpeq
                0x08000a9c                __aeabi_dcmplt
                0x08000ab0                __aeabi_dcmple
                0x08000ac4                __aeabi_dcmpge
                0x08000ad8                __aeabi_dcmpgt
 .text          0x08000aec       0x2c /opt/arm-gnu-toolchain-15.2.rel1-x86_64-arm-none-eabi/bin/../lib/gcc/arm-none-eabi/15.2.1/thumb/v7e-m+fp/hard/libgcc.a(_arm_unorddf2.o)
                0x08000aec                __aeabi_dcmpun
                0x08000aec                __unorddf2
 .text          0x08000b18       0x50 /opt/arm-gnu-toolchain-15.2.rel1-x86_64-arm-none-eabi/bin/../lib/gcc/arm-none-eabi/15.2.1/thumb/v7e-m+fp/hard/libgcc.a(_arm_fixdfsi.o)
                0x08000b18                __fixdfsi
                0x08000b18                __aeabi_d2iz
 .text          0x08000b68       0x30 /opt/arm-gnu-toolchain-15.2.rel1-x86_64-arm-none-eabi/bin/../lib/gcc/arm-none-eabi/15.2.1/thumb/v7e-m+fp/hard/libgcc.a(_aeabi_uldivmod.o)
                0x08000b68                __aeabi_uldivmod
 .text          0x08000b98        0x4 /opt/arm-gnu-toolchain-15.2.rel1-x86_64-arm-none-eabi/bin/../lib/gcc/arm-none-eabi/15.2.1/thumb/v7e-m+fp/hard/libgcc.a(_dvmd_tls.o)
                0x08000b98                __aeabi_ldiv0
                0x08000b98                __aeabi_idiv0
 *(.text*)
 .text.deregister_tm_clones
                0x08000b9c       0x1c /opt/arm-gnu-toolchain-15.2.rel1-x86_64-arm-none-eabi/bin/../lib/gcc/arm-none-eabi/15.2.1/thumb/v7e-m+fp/hard/crtbegin.o
 .text.register_tm_clones
                0x08000bb8       0x24 /opt/arm-gnu-toolchain-15.2.rel1-x86_64-arm-none-eabi/bin/../lib/gcc/arm-none-eabi/15.2.1/thumb/v7e-m+fp/hard/crtbegin.o
 .text.__do_global_dtors_aux
                0x08000bdc       0x28 /opt/arm-gnu-toolchain-15.2.rel1-x86_64-arm-none-eabi/bin/../lib/gcc/arm-none-eabi/15.2.1/thumb/v7e-m+fp/hard/crtbegin.o
 .text.frame_dummy
                0x08000c04       0x24 /opt/arm-gnu-toolchain-15.2.rel1-x86_64-arm-none-eabi/bin/../lib/gcc/arm-none-eabi/15.2.1/thumb/v7e-m+fp/hard/crtbegin.o
 .text.App_UpdateLEDs
                0x08000c28       0x4c build/Core/Src/main.o
 .text.startup.main
                0x08000c74      0x774 build/Core/Src/main.o
                0x08000c74                main
 .text.HAL_TIM_PeriodElapsedCallback
                0x080013e8       0x1c build/Core/Src/main.o
                0x080013e8                HAL_TIM_PeriodElapsedCallback
 .text.HAL_UART_RxCpltCallback
                0x08001404       0x1c build/Core/Src/main.o
                0x08001404                HAL_UART_RxCpltCallback
 .text.MPU6050_ReadRaw.part.0.isra.0
                0x08001420       0x94 build/Core/Src/MPU6050.o
 .text.MPU6050_ReadReg
                0x080014b4       0x48 build/Core/Src/MPU6050.o
                0x080014b4                MPU6050_ReadReg
 .text.MPU6050_Init
                0x080014fc       0xc8 build/Core/Src/MPU6050.o
                0x080014fc                MPU6050_Init
 .text.MPU6050_ConvertToPhysical
                0x080015c4       0xf0 build/Core/Src/MPU6050.o
                0x080015c4                MPU6050_ConvertToPhysical
 .text.MPU6050_ReadScaled
                0x080016b4       0x3c build/Core/Src/MPU6050.o
                0x080016b4                MPU6050_ReadScaled
 .text.CF_Init  0x080016f0       0x20 build/Core/Src/ComplementaryFilter.o
                0x080016f0                CF_Init
 .text.CF_Update
                0x08001710      0x14c build/Core/Src/ComplementaryFilter.o
                0x08001710                CF_Update
 .text.FE_ZScoreNormalize.part.0
                0x0800185c      0x100 build/Core/Src/FeatureExtractor.o
 .text.FE_Init  0x0800195c        0xc build/Core/Src/FeatureExtractor.o
                0x0800195c                FE_Init
 .text.FE_Push  0x08001968       0x58 build/Core/Src/FeatureExtractor.o
                0x08001968                FE_Push
 .text.FE_BuildFeatureVector
                0x080019c0       0x74 build/Core/Src/FeatureExtractor.o
                0x080019c0                FE_BuildFeatureVector
 *fill*         0x08001a34        0x4 
 .text.NN_Init  0x08001a38       0xec build/Core/Src/NeuralNetwork.o
                0x08001a38                NN_Init
 .text.NN_Forward
                0x08001b24      0x148 build/Core/Src/NeuralNetwork.o
                0x08001b24                NN_Forward
 .text.NN_Backward
                0x08001c6c      0x16c build/Core/Src/NeuralNetwork.o
                0x08001c6c                NN_Backward
 .text.NN_UpdateWeights
                0x08001dd8       0xa8 build/Core/Src/NeuralNetwork.o
                0x08001dd8                NN_UpdateWeights
 .text.NN_TrainStep
                0x08001e80       0x80 build/Core/Src/NeuralNetwork.o
                0x08001e80                NN_TrainStep
 .text.NN_Predict
                0x08001f00       0x40 build/Core/Src/NeuralNetwork.o
                0x08001f00                NN_Predict
 .text.NN_PrintWeightStats
                0x08001f40      0x150 build/Core/Src/NeuralNetwork.o
                0x08001f40                NN_PrintWeightStats
 .text.FLC_Init
                0x08002090       0x4c build/Core/Src/FederatedClient.o
                0x08002090                FLC_Init
 .text.FLC_SubmitSample
                0x080020dc      0x130 build/Core/Src/FederatedClient.o
                0x080020dc                FLC_SubmitSample
 .text.FLC_DoTraining
                0x0800220c      0x140 build/Core/Src/FederatedClient.o
                0x0800220c                FLC_DoTraining
 .text.FLC_TriggerUpload
                0x0800234c       0x60 build/Core/Src/FederatedClient.o
                0x0800234c                FLC_TriggerUpload
 .text.FLC_Reset
                0x080023ac       0x60 build/Core/Src/FederatedClient.o
                0x080023ac                FLC_Reset
 .text.FLC_PrintStatus
                0x0800240c       0x74 build/Core/Src/FederatedClient.o
                0x0800240c                FLC_PrintStatus
 .text.FLC_Tick
                0x08002480      0x120 build/Core/Src/FederatedClient.o
                0x08002480                FLC_Tick
 .text.Utils_LogWrite
                0x080025a0       0x10 build/Core/Src/Utils.o
                0x080025a0                Utils_LogWrite
 .text.Utils_TimerInit
                0x080025b0       0x54 build/Core/Src/Utils.o
                0x080025b0                Utils_TimerInit
 .text.Utils_VecClip
                0x08002604       0x38 build/Core/Src/Utils.o
                0x08002604                Utils_VecClip
 .text.Utils_PrintMemoryStats
                0x0800263c      0x13c build/Core/Src/Utils.o
                0x0800263c                Utils_PrintMemoryStats
 .text.Utils_SeedRNG
                0x08002778       0x14 build/Core/Src/Utils.o
                0x08002778                Utils_SeedRNG
 .text.Utils_RandF
                0x0800278c       0x2c build/Core/Src/Utils.o
                0x0800278c                Utils_RandF
 .text.HAL_InitTick
                0x080027b8       0x50 build/Drivers/STM32F4xx_HAL_Driver/Src/stm32f4xx_hal.o
                0x080027b8                HAL_InitTick
 .text.HAL_Init
                0x08002808       0x34 build/Drivers/STM32F4xx_HAL_Driver/Src/stm32f4xx_hal.o
                0x08002808                HAL_Init
 .text.HAL_IncTick
                0x0800283c       0x18 build/Drivers/STM32F4xx_HAL_Driver/Src/stm32f4xx_hal.o
                0x0800283c                HAL_IncTick
 .text.HAL_GetTick
                0x08002854        0xc build/Drivers/STM32F4xx_HAL_Driver/Src/stm32f4xx_hal.o
                0x08002854                HAL_GetTick
 .text.HAL_Delay
                0x08002860       0x24 build/Drivers/STM32F4xx_HAL_Driver/Src/stm32f4xx_hal.o
                0x08002860                HAL_Delay
 .text.HAL_NVIC_SetPriorityGrouping
                0x08002884       0x24 build/Drivers/STM32F4xx_HAL_Driver/Src/stm32f4xx_hal_cortex.o
                0x08002884                HAL_NVIC_SetPriorityGrouping
 .text.HAL_NVIC_SetPriority
                0x080028a8       0x64 build/Drivers/STM32F4xx_HAL_Driver/Src/stm32f4xx_hal_cortex.o
                0x080028a8                HAL_NVIC_SetPriority
 .text.HAL_NVIC_EnableIRQ
                0x0800290c       0x1c build/Drivers/STM32F4xx_HAL_Driver/Src/stm32f4xx_hal_cortex.o
                0x0800290c                HAL_NVIC_EnableIRQ
 .text.HAL_SYSTICK_Config
                0x08002928       0x2c build/Drivers/STM32F4xx_HAL_Driver/Src/stm32f4xx_hal_cortex.o
                0x08002928                HAL_SYSTICK_Config
 .text.HAL_RCC_OscConfig
                0x08002954      0x3d4 build/Drivers/STM32F4xx_HAL_Driver/Src/stm32f4xx_hal_rcc.o
                0x08002954                HAL_RCC_OscConfig
 .text.HAL_RCC_GetSysClockFreq
                0x08002d28       0x68 build/Drivers/STM32F4xx_HAL_Driver/Src/stm32f4xx_hal_rcc.o
                0x08002d28                HAL_RCC_GetSysClockFreq
 .text.HAL_RCC_ClockConfig
                0x08002d90      0x13c build/Drivers/STM32F4xx_HAL_Driver/Src/stm32f4xx_hal_rcc.o
                0x08002d90                HAL_RCC_ClockConfig
 .text.HAL_RCC_GetPCLK1Freq
                0x08002ecc       0x20 build/Drivers/STM32F4xx_HAL_Driver/Src/stm32f4xx_hal_rcc.o
                0x08002ecc                HAL_RCC_GetPCLK1Freq
 .text.HAL_RCC_GetPCLK2Freq
                0x08002eec       0x20 build/Drivers/STM32F4xx_HAL_Driver/Src/stm32f4xx_hal_rcc.o
                0x08002eec                HAL_RCC_GetPCLK2Freq
 .text.HAL_GPIO_Init
                0x08002f0c      0x228 build/Drivers/STM32F4xx_HAL_Driver/Src/stm32f4xx_hal_gpio.o
                0x08002f0c                HAL_GPIO_Init
 .text.HAL_GPIO_WritePin
                0x08003134        0x8 build/Drivers/STM32F4xx_HAL_Driver/Src/stm32f4xx_hal_gpio.o
                0x08003134                HAL_GPIO_WritePin
 .text.HAL_GPIO_TogglePin
                0x0800313c       0x14 build/Drivers/STM32F4xx_HAL_Driver/Src/stm32f4xx_hal_gpio.o
                0x0800313c                HAL_GPIO_TogglePin
 .text.UART_EndRxTransfer
                0x08003150       0x5c build/Drivers/STM32F4xx_HAL_Driver/Src/stm32f4xx_hal_uart.o
 .text.UART_SetConfig
                0x080031ac       0xd4 build/Drivers/STM32F4xx_HAL_Driver/Src/stm32f4xx_hal_uart.o
 .text.HAL_UART_Init
                0x08003280       0x68 build/Drivers/STM32F4xx_HAL_Driver/Src/stm32f4xx_hal_uart.o
                0x08003280                HAL_UART_Init
 .text.HAL_UART_Transmit
                0x080032e8       0xf8 build/Drivers/STM32F4xx_HAL_Driver/Src/stm32f4xx_hal_uart.o
                0x080032e8                HAL_UART_Transmit
 .text.HAL_UART_Receive_IT
                0x080033e0       0x50 build/Drivers/STM32F4xx_HAL_Driver/Src/stm32f4xx_hal_uart.o
                0x080033e0                HAL_UART_Receive_IT
 .text.HAL_UART_TxCpltCallback
                0x08003430        0x4 build/Drivers/STM32F4xx_HAL_Driver/Src/stm32f4xx_hal_uart.o
                0x08003430                HAL_UART_TxCpltCallback
 .text.HAL_UART_ErrorCallback
                0x08003434        0x4 build/Drivers/STM32F4xx_HAL_Driver/Src/stm32f4xx_hal_uart.o
                0x08003434                HAL_UART_ErrorCallback
 .text.UART_DMAAbortOnError
                0x08003438       0x10 build/Drivers/STM32F4xx_HAL_Driver/Src/stm32f4xx_hal_uart.o
 .text.HAL_UARTEx_RxEventCallback
                0x08003448        0x4 build/Drivers/STM32F4xx_HAL_Driver/Src/stm32f4xx_hal_uart.o
                0x08003448                HAL_UARTEx_RxEventCallback
 .text.UART_Receive_IT.isra.0
                0x0800344c       0xc4 build/Drivers/STM32F4xx_HAL_Driver/Src/stm32f4xx_hal_uart.o
 .text.HAL_UART_IRQHandler
                0x08003510      0x394 build/Drivers/STM32F4xx_HAL_Driver/Src/stm32f4xx_hal_uart.o
                0x08003510                HAL_UART_IRQHandler
 .text.I2C_WaitOnFlagUntilTimeout
                0x080038a4       0xb0 build/Drivers/STM32F4xx_HAL_Driver/Src/stm32f4xx_hal_i2c.o
 .text.I2C_WaitOnMasterAddressFlagUntilTimeout
                0x08003954       0xbc build/Drivers/STM32F4xx_HAL_Driver/Src/stm32f4xx_hal_i2c.o
 .text.I2C_WaitOnRXNEFlagUntilTimeout
                0x08003a10       0x70 build/Drivers/STM32F4xx_HAL_Driver/Src/stm32f4xx_hal_i2c.o
 .text.I2C_WaitOnTXEFlagUntilTimeout
                0x08003a80       0x88 build/Drivers/STM32F4xx_HAL_Driver/Src/stm32f4xx_hal_i2c.o
 .text.I2C_RequestMemoryRead
                0x08003b08      0x14c build/Drivers/STM32F4xx_HAL_Driver/Src/stm32f4xx_hal_i2c.o
 .text.HAL_I2C_Init
                0x08003c54      0x18c build/Drivers/STM32F4xx_HAL_Driver/Src/stm32f4xx_hal_i2c.o
                0x08003c54                HAL_I2C_Init
 .text.HAL_I2C_Mem_Read
                0x08003de0      0x28c build/Drivers/STM32F4xx_HAL_Driver/Src/stm32f4xx_hal_i2c.o
                0x08003de0                HAL_I2C_Mem_Read
 .text.HAL_I2C_MasterTxCpltCallback
                0x0800406c        0x4 build/Drivers/STM32F4xx_HAL_Driver/Src/stm32f4xx_hal_i2c.o
                0x0800406c                HAL_I2C_MasterTxCpltCallback
 .text.HAL_I2C_MasterRxCpltCallback
                0x08004070        0x4 build/Drivers/STM32F4xx_HAL_Driver/Src/stm32f4xx_hal_i2c.o
                0x08004070                HAL_I2C_MasterRxCpltCallback
 .text.HAL_I2C_SlaveTxCpltCallback
                0x08004074        0x4 build/Drivers/STM32F4xx_HAL_Driver/Src/stm32f4xx_hal_i2c.o
                0x08004074                HAL_I2C_SlaveTxCpltCallback
 .text.HAL_I2C_SlaveRxCpltCallback
                0x08004078        0x4 build/Drivers/STM32F4xx_HAL_Driver/Src/stm32f4xx_hal_i2c.o
                0x08004078                HAL_I2C_SlaveRxCpltCallback
 .text.HAL_I2C_AddrCallback
                0x0800407c        0x4 build/Drivers/STM32F4xx_HAL_Driver/Src/stm32f4xx_hal_i2c.o
                0x0800407c                HAL_I2C_AddrCallback
 .text.HAL_I2C_ListenCpltCallback
                0x08004080        0x4 build/Drivers/STM32F4xx_HAL_Driver/Src/stm32f4xx_hal_i2c.o
                0x08004080                HAL_I2C_ListenCpltCallback
 .text.HAL_I2C_MemTxCpltCallback
                0x08004084        0x4 build/Drivers/STM32F4xx_HAL_Driver/Src/stm32f4xx_hal_i2c.o
                0x08004084                HAL_I2C_MemTxCpltCallback
 .text.I2C_MemoryTransmit_TXE_BTF
                0x08004088       0xd4 build/Drivers/STM32F4xx_HAL_Driver/Src/stm32f4xx_hal_i2c.o
 .text.HAL_I2C_MemRxCpltCallback
                0x0800415c        0x4 build/Drivers/STM32F4xx_HAL_Driver/Src/stm32f4xx_hal_i2c.o
                0x0800415c                HAL_I2C_MemRxCpltCallback
 .text.HAL_I2C_ErrorCallback
                0x08004160        0x4 build/Drivers/STM32F4xx_HAL_Driver/Src/stm32f4xx_hal_i2c.o
                0x08004160                HAL_I2C_ErrorCallback
 .text.HAL_I2C_AbortCpltCallback
                0x08004164        0x4 build/Drivers/STM32F4xx_HAL_Driver/Src/stm32f4xx_hal_i2c.o
                0x08004164                HAL_I2C_AbortCpltCallback
 .text.I2C_DMAAbort
                0x08004168       0xe4 build/Drivers/STM32F4xx_HAL_Driver/Src/stm32f4xx_hal_i2c.o
 .text.I2C_ITError
                0x0800424c      0x170 build/Drivers/STM32F4xx_HAL_Driver/Src/stm32f4xx_hal_i2c.o
 .text.HAL_I2C_EV_IRQHandler
                0x080043bc      0xa18 build/Drivers/STM32F4xx_HAL_Driver/Src/stm32f4xx_hal_i2c.o
                0x080043bc                HAL_I2C_EV_IRQHandler
 .text.HAL_I2C_ER_IRQHandler
                0x08004dd4      0x240 build/Drivers/STM32F4xx_HAL_Driver/Src/stm32f4xx_hal_i2c.o
                0x08004dd4                HAL_I2C_ER_IRQHandler
 .text.HAL_TIM_Base_Start
                0x08005014       0x6c build/Drivers/STM32F4xx_HAL_Driver/Src/stm32f4xx_hal_tim.o
                0x08005014                HAL_TIM_Base_Start
 .text.HAL_TIM_Base_Start_IT
                0x08005080       0x78 build/Drivers/STM32F4xx_HAL_Driver/Src/stm32f4xx_hal_tim.o
                0x08005080                HAL_TIM_Base_Start_IT
 .text.HAL_TIM_OC_DelayElapsedCallback
                0x080050f8        0x4 build/Drivers/STM32F4xx_HAL_Driver/Src/stm32f4xx_hal_tim.o
                0x080050f8                HAL_TIM_OC_DelayElapsedCallback
 .text.HAL_TIM_IC_CaptureCallback
                0x080050fc        0x4 build/Drivers/STM32F4xx_HAL_Driver/Src/stm32f4xx_hal_tim.o
                0x080050fc                HAL_TIM_IC_CaptureCallback
 .text.HAL_TIM_PWM_PulseFinishedCallback
                0x08005100        0x4 build/Drivers/STM32F4xx_HAL_Driver/Src/stm32f4xx_hal_tim.o
                0x08005100                HAL_TIM_PWM_PulseFinishedCallback
 .text.HAL_TIM_TriggerCallback
                0x08005104        0x4 build/Drivers/STM32F4xx_HAL_Driver/Src/stm32f4xx_hal_tim.o
                0x08005104                HAL_TIM_TriggerCallback
 .text.HAL_TIM_IRQHandler
                0x08005108      0x140 build/Drivers/STM32F4xx_HAL_Driver/Src/stm32f4xx_hal_tim.o
                0x08005108                HAL_TIM_IRQHandler
 .text.TIM_Base_SetConfig
                0x08005248       0xec build/Drivers/STM32F4xx_HAL_Driver/Src/stm32f4xx_hal_tim.o
                0x08005248                TIM_Base_SetConfig
 .text.HAL_TIM_Base_Init
                0x08005334       0x5c build/Drivers/STM32F4xx_HAL_Driver/Src/stm32f4xx_hal_tim.o
                0x08005334                HAL_TIM_Base_Init
 .text.HAL_TIMEx_CommutCallback
                0x08005390        0x4 build/Drivers/STM32F4xx_HAL_Driver/Src/stm32f4xx_hal_tim_ex.o
                0x08005390                HAL_TIMEx_CommutCallback
 .text.HAL_TIMEx_BreakCallback
                0x08005394        0x4 build/Drivers/STM32F4xx_HAL_Driver/Src/stm32f4xx_hal_tim_ex.o
                0x08005394                HAL_TIMEx_BreakCallback
 .text.HAL_DMA_Abort
                0x08005398       0x9c build/Drivers/STM32F4xx_HAL_Driver/Src/stm32f4xx_hal_dma.o
                0x08005398                HAL_DMA_Abort
 .text.HAL_DMA_Abort_IT
                0x08005434       0x24 build/Drivers/STM32F4xx_HAL_Driver/Src/stm32f4xx_hal_dma.o
                0x08005434                HAL_DMA_Abort_IT
 .text.HAL_DMA_GetState
                0x08005458        0x8 build/Drivers/STM32F4xx_HAL_Driver/Src/stm32f4xx_hal_dma.o
                0x08005458                HAL_DMA_GetState
 .text.HAL_MspInit
                0x08005460       0x38 build/Core/Src/stm32f4xx_hal_msp.o
                0x08005460                HAL_MspInit
 .text.HAL_UART_MspInit
                0x08005498       0xf8 build/Core/Src/stm32f4xx_hal_msp.o
                0x08005498                HAL_UART_MspInit
 .text.HAL_I2C_MspInit
                0x08005590       0xa8 build/Core/Src/stm32f4xx_hal_msp.o
                0x08005590                HAL_I2C_MspInit
 .text.HAL_TIM_Base_MspInit
                0x08005638       0x68 build/Core/Src/stm32f4xx_hal_msp.o
                0x08005638                HAL_TIM_Base_MspInit
 .text.NMI_Handler
                0x080056a0        0x4 build/Core/Src/stm32f4xx_it.o
                0x080056a0                NMI_Handler
 .text.HardFault_Handler
                0x080056a4        0x4 build/Core/Src/stm32f4xx_it.o
                0x080056a4                HardFault_Handler
 .text.MemManage_Handler
                0x080056a8        0x4 build/Core/Src/stm32f4xx_it.o
                0x080056a8                MemManage_Handler
 .text.BusFault_Handler
                0x080056ac        0x4 build/Core/Src/stm32f4xx_it.o
                0x080056ac                BusFault_Handler
 .text.UsageFault_Handler
                0x080056b0        0x4 build/Core/Src/stm32f4xx_it.o
                0x080056b0                UsageFault_Handler
 .text.SVC_Handler
                0x080056b4        0x4 build/Core/Src/stm32f4xx_it.o
                0x080056b4                SVC_Handler
 .text.DebugMon_Handler
                0x080056b8        0x4 build/Core/Src/stm32f4xx_it.o
                0x080056b8                DebugMon_Handler
 .text.PendSV_Handler
                0x080056bc        0x4 build/Core/Src/stm32f4xx_it.o
                0x080056bc                PendSV_Handler
 .text.SysTick_Handler
                0x080056c0        0x4 build/Core/Src/stm32f4xx_it.o
                0x080056c0                SysTick_Handler
 .text.TIM3_IRQHandler
                0x080056c4        0xc build/Core/Src/stm32f4xx_it.o
                0x080056c4                TIM3_IRQHandler
 .text.USART1_IRQHandler
                0x080056d0        0xc build/Core/Src/stm32f4xx_it.o
                0x080056d0                USART1_IRQHandler
 .text.USART2_IRQHandler
                0x080056dc        0xc build/Core/Src/stm32f4xx_it.o
                0x080056dc                USART2_IRQHandler
 .text.I2C1_EV_IRQHandler
                0x080056e8        0xc build/Core/Src/stm32f4xx_it.o
                0x080056e8                I2C1_EV_IRQHandler
 .text.I2C1_ER_IRQHandler
                0x080056f4        0xc build/Core/Src/stm32f4xx_it.o
                0x080056f4                I2C1_ER_IRQHandler
 .text.SystemInit
                0x08005700       0x14 build/Core/Src/system_stm32f4xx.o
                0x08005700                SystemInit
 .text.Reset_Handler
                0x08005714       0x50 build/startup_stm32f405xx.o
                0x08005714                Reset_Handler
 .text.Default_Handler
                0x08005764        0x2 build/startup_stm32f405xx.o
                0x08005764                RTC_Alarm_IRQHandler
                0x08005764                HASH_RNG_IRQHandler
                0x08005764                EXTI2_IRQHandler
                0x08005764                TIM8_CC_IRQHandler
                0x08005764                TIM1_CC_IRQHandler
                0x08005764                DMA2_Stream5_IRQHandler
                0x08005764                DMA1_Stream5_IRQHandler
                0x08005764                PVD_IRQHandler
                0x08005764                SDIO_IRQHandler
                0x08005764                TAMP_STAMP_IRQHandler
                0x08005764                CAN2_RX1_IRQHandler
                0x08005764                EXTI3_IRQHandler
                0x08005764                TIM8_TRG_COM_TIM14_IRQHandler
                0x08005764                TIM1_UP_TIM10_IRQHandler
                0x08005764                TIM8_UP_TIM13_IRQHandler
                0x08005764                I2C3_ER_IRQHandler
                0x08005764                EXTI0_IRQHandler
                0x08005764                I2C2_EV_IRQHandler
                0x08005764                DMA1_Stream2_IRQHandler
                0x08005764                CAN1_RX0_IRQHandler
                0x08005764                FPU_IRQHandler
                0x08005764                OTG_HS_WKUP_IRQHandler
                0x08005764                CAN2_SCE_IRQHandler
                0x08005764                DMA2_Stream2_IRQHandler
                0x08005764                SPI1_IRQHandler
                0x08005764                TIM6_DAC_IRQHandler
                0x08005764                TIM1_BRK_TIM9_IRQHandler
                0x08005764                CAN2_RX0_IRQHandler
                0x08005764                DMA2_Stream3_IRQHandler
                0x08005764                USART6_IRQHandler
                0x08005764                USART3_IRQHandler
                0x08005764                CAN1_RX1_IRQHandler
                0x08005764                UART5_IRQHandler
                0x08005764                DMA2_Stream0_IRQHandler
                0x08005764                TIM4_IRQHandler
                0x08005764                DMA1_Stream6_IRQHandler
                0x08005764                DMA1_Stream1_IRQHandler
                0x08005764                UART4_IRQHandler
                0x08005764                RCC_IRQHandler
                0x08005764                TIM8_BRK_TIM12_IRQHandler
                0x08005764                Default_Handler
                0x08005764                EXTI15_10_IRQHandler
                0x08005764                ADC_IRQHandler
                0x08005764                DMA1_Stream7_IRQHandler
                0x08005764                TIM7_IRQHandler
                0x08005764                CAN2_TX_IRQHandler
                0x08005764                TIM5_IRQHandler
                0x08005764                DMA2_Stream7_IRQHandler
                0x08005764                I2C3_EV_IRQHandler
                0x08005764                EXTI9_5_IRQHandler
                0x08005764                RTC_WKUP_IRQHandler
                0x08005764                SPI2_IRQHandler
                0x08005764                OTG_HS_EP1_IN_IRQHandler
                0x08005764                DMA1_Stream0_IRQHandler
                0x08005764                CAN1_TX_IRQHandler
                0x08005764                EXTI4_IRQHandler
                0x08005764                FSMC_IRQHandler
                0x08005764                OTG_HS_EP1_OUT_IRQHandler
                0x08005764                WWDG_IRQHandler
                0x08005764                TIM2_IRQHandler
                0x08005764                OTG_FS_WKUP_IRQHandler
                0x08005764                TIM1_TRG_COM_TIM11_IRQHandler
                0x08005764                OTG_HS_IRQHandler
                0x08005764                EXTI1_IRQHandler
                0x08005764                I2C2_ER_IRQHandler
                0x08005764                DMA2_Stream1_IRQHandler
                0x08005764                CAN1_SCE_IRQHandler
                0x08005764                FLASH_IRQHandler
                0x08005764                DMA2_Stream4_IRQHandler
                0x08005764                OTG_FS_IRQHandler
                0x08005764                SPI3_IRQHandler
                0x08005764                DMA1_Stream4_IRQHandler
                0x08005764                DMA2_Stream6_IRQHandler
                0x08005764                DMA1_Stream3_IRQHandler
 *fill*         0x08005766        0x2 
 .text.atan2f   0x08005768        0x4 /opt/arm-gnu-toolchain-15.2.rel1-x86_64-arm-none-eabi/bin/../lib/gcc/arm-none-eabi/15.2.1/../../../../arm-none-eabi/lib/thumb/v7e-m+fp/hard/libm.a(libm_a-wf_atan2.o)
                0x08005768                atan2f
 .text.expf     0x0800576c       0x78 /opt/arm-gnu-toolchain-15.2.rel1-x86_64-arm-none-eabi/bin/../lib/gcc/arm-none-eabi/15.2.1/../../../../arm-none-eabi/lib/thumb/v7e-m+fp/hard/libm.a(libm_a-wf_exp.o)
                0x0800576c                expf
 .text.logf     0x080057e4       0x60 /opt/arm-gnu-toolchain-15.2.rel1-x86_64-arm-none-eabi/bin/../lib/gcc/arm-none-eabi/15.2.1/../../../../arm-none-eabi/lib/thumb/v7e-m+fp/hard/libm.a(libm_a-wf_log.o)
                0x080057e4                logf
 .text.sqrtf    0x08005844       0x50 /opt/arm-gnu-toolchain-15.2.rel1-x86_64-arm-none-eabi/bin/../lib/gcc/arm-none-eabi/15.2.1/../../../../arm-none-eabi/lib/thumb/v7e-m+fp/hard/libm.a(libm_a-wf_sqrt.o)
                0x08005844                sqrtf
 .text.finitef  0x08005894       0x14 /opt/arm-gnu-toolchain-15.2.rel1-x86_64-arm-none-eabi/bin/../lib/gcc/arm-none-eabi/15.2.1/../../../../arm-none-eabi/lib/thumb/v7e-m+fp/hard/libm.a(libm_a-sf_finite.o)
                0x08005894                finitef
 .text.nanf     0x080058a8        0xc /opt/arm-gnu-toolchain-15.2.rel1-x86_64-arm-none-eabi/bin/../lib/gcc/arm-none-eabi/15.2.1/../../../../arm-none-eabi/lib/thumb/v7e-m+fp/hard/libm.a(libm_a-sf_nan.o)
                0x080058a8                nanf
 .text.__ieee754_sqrtf
                0x080058b4        0x8 /opt/arm-gnu-toolchain-15.2.rel1-x86_64-arm-none-eabi/bin/../lib/gcc/arm-none-eabi/15.2.1/../../../../arm-none-eabi/lib/thumb/v7e-m+fp/hard/libm.a(libm_a-ef_sqrt.o)
                0x080058b4                __ieee754_sqrtf
 .text.__ieee754_atan2f
                0x080058bc      0x144 /opt/arm-gnu-toolchain-15.2.rel1-x86_64-arm-none-eabi/bin/../lib/gcc/arm-none-eabi/15.2.1/../../../../arm-none-eabi/lib/thumb/v7e-m+fp/hard/libm.a(libm_a-ef_atan2.o)
                0x080058bc                __ieee754_atan2f
 .text.__ieee754_expf
                0x08005a00      0x1e8 /opt/arm-gnu-toolchain-15.2.rel1-x86_64-arm-none-eabi/bin/../lib/gcc/arm-none-eabi/15.2.1/../../../../arm-none-eabi/lib/thumb/v7e-m+fp/hard/libm.a(libm_a-ef_exp.o)
                0x08005a00                __ieee754_expf
 .text.__ieee754_logf
                0x08005be8      0x1f4 /opt/arm-gnu-toolchain-15.2.rel1-x86_64-arm-none-eabi/bin/../lib/gcc/arm-none-eabi/15.2.1/../../../../arm-none-eabi/lib/thumb/v7e-m+fp/hard/libm.a(libm_a-ef_log.o)
                0x08005be8                __ieee754_logf
 .text.atanf    0x08005ddc      0x1b8 /opt/arm-gnu-toolchain-15.2.rel1-x86_64-arm-none-eabi/bin/../lib/gcc/arm-none-eabi/15.2.1/../../../../arm-none-eabi/lib/thumb/v7e-m+fp/hard/libm.a(libm_a-sf_atan.o)
                0x08005ddc                atanf
 .text.fabsf    0x08005f94       0x10 /opt/arm-gnu-toolchain-15.2.rel1-x86_64-arm-none-eabi/bin/../lib/gcc/arm-none-eabi/15.2.1/../../../../arm-none-eabi/lib/thumb/v7e-m+fp/hard/libm.a(libm_a-sf_fabs.o)
                0x08005f94                fabsf
 .text.with_errnof
                0x08005fa4       0x18 /opt/arm-gnu-toolchain-15.2.rel1-x86_64-arm-none-eabi/bin/../lib/gcc/arm-none-eabi/15.2.1/../../../../arm-none-eabi/lib/thumb/v7e-m+fp/hard/libm.a(libm_a-math_errf.o)
 .text.xflowf   0x08005fbc       0x20 /opt/arm-gnu-toolchain-15.2.rel1-x86_64-arm-none-eabi/bin/../lib/gcc/arm-none-eabi/15.2.1/../../../../arm-none-eabi/lib/thumb/v7e-m+fp/hard/libm.a(libm_a-math_errf.o)
 .text.__math_uflowf
                0x08005fdc        0xc /opt/arm-gnu-toolchain-15.2.rel1-x86_64-arm-none-eabi/bin/../lib/gcc/arm-none-eabi/15.2.1/../../../../arm-none-eabi/lib/thumb/v7e-m+fp/hard/libm.a(libm_a-math_errf.o)
                0x08005fdc                __math_uflowf
 .text.__math_oflowf
                0x08005fe8        0xc /opt/arm-gnu-toolchain-15.2.rel1-x86_64-arm-none-eabi/bin/../lib/gcc/arm-none-eabi/15.2.1/../../../../arm-none-eabi/lib/thumb/v7e-m+fp/hard/libm.a(libm_a-math_errf.o)
                0x08005fe8                __math_oflowf
 .text.__cvt    0x08005ff4       0xbe /opt/arm-gnu-toolchain-15.2.rel1-x86_64-arm-none-eabi/bin/../lib/gcc/arm-none-eabi/15.2.1/../../../../arm-none-eabi/lib/thumb/v7e-m+fp/hard/libc_nano.a(libc_a-nano-vfprintf_float.o)
                0x08005ff4                __cvt
 .text.__exponent
                0x080060b2       0x76 /opt/arm-gnu-toolchain-15.2.rel1-x86_64-arm-none-eabi/bin/../lib/gcc/arm-none-eabi/15.2.1/../../../../arm-none-eabi/lib/thumb/v7e-m+fp/hard/libc_nano.a(libc_a-nano-vfprintf_float.o)
                0x080060b2                __exponent
 .text._printf_float
                0x08006128      0x448 /opt/arm-gnu-toolchain-15.2.rel1-x86_64-arm-none-eabi/bin/../lib/gcc/arm-none-eabi/15.2.1/../../../../arm-none-eabi/lib/thumb/v7e-m+fp/hard/libc_nano.a(libc_a-nano-vfprintf_float.o)
                0x08006128                _printf_float
 .text._printf_common
                0x08006570       0xea /opt/arm-gnu-toolchain-15.2.rel1-x86_64-arm-none-eabi/bin/../lib/gcc/arm-none-eabi/15.2.1/../../../../arm-none-eabi/lib/thumb/v7e-m+fp/hard/libc_nano.a(libc_a-nano-vfprintf_i.o)
                0x08006570                _printf_common
 *fill*         0x0800665a        0x2 
 .text._printf_i
                0x0800665c      0x254 /opt/arm-gnu-toolchain-15.2.rel1-x86_64-arm-none-eabi/bin/../lib/gcc/arm-none-eabi/15.2.1/../../../../arm-none-eabi/lib/thumb/v7e-m+fp/hard/libc_nano.a(libc_a-nano-vfprintf_i.o)
                0x0800665c                _printf_i
 .text.std      0x080068b0       0x6c /opt/arm-gnu-toolchain-15.2.rel1-x86_64-arm-none-eabi/bin/../lib/gcc/arm-none-eabi/15.2.1/../../../../arm-none-eabi/lib/thumb/v7e-m+fp/hard/libc_nano.a(libc_a-findfp.o)
 .text.stdio_exit_handler
                0x0800691c       0x18 /opt/arm-gnu-toolchain-15.2.rel1-x86_64-arm-none-eabi/bin/../lib/gcc/arm-none-eabi/15.2.1/../../../../arm-none-eabi/lib/thumb/v7e-m+fp/hard/libc_nano.a(libc_a-findfp.o)
 .text.cleanup_stdio
                0x08006934       0x40 /opt/arm-gnu-toolchain-15.2.rel1-x86_64-arm-none-eabi/bin/../lib/gcc/arm-none-eabi/15.2.1/../../../../arm-none-eabi/lib/thumb/v7e-m+fp/hard/libc_nano.a(libc_a-findfp.o)
 .text.global_stdio_init.part.0
                0x08006974       0x40 /opt/arm-gnu-toolchain-15.2.rel1-x86_64-arm-none-eabi/bin/../lib/gcc/arm-none-eabi/15.2.1/../../../../arm-none-eabi/lib/thumb/v7e-m+fp/hard/libc_nano.a(libc_a-findfp.o)
 .text.__sfp_lock_acquire
                0x080069b4        0xc /opt/arm-gnu-toolchain-15.2.rel1-x86_64-arm-none-eabi/bin/../lib/gcc/arm-none-eabi/15.2.1/../../../../arm-none-eabi/lib/thumb/v7e-m+fp/hard/libc_nano.a(libc_a-findfp.o)
                0x080069b4                __sfp_lock_acquire
 .text.__sfp_lock_release
                0x080069c0        0xc /opt/arm-gnu-toolchain-15.2.rel1-x86_64-arm-none-eabi/bin/../lib/gcc/arm-none-eabi/15.2.1/../../../../arm-none-eabi/lib/thumb/v7e-m+fp/hard/libc_nano.a(libc_a-findfp.o)
                0x080069c0                __sfp_lock_release
 .text.__sinit  0x080069cc       0x30 /opt/arm-gnu-toolchain-15.2.rel1-x86_64-arm-none-eabi/bin/../lib/gcc/arm-none-eabi/15.2.1/../../../../arm-none-eabi/lib/thumb/v7e-m+fp/hard/libc_nano.a(libc_a-findfp.o)
                0x080069cc                __sinit
 .text._fwalk_sglue
                0x080069fc       0x3a /opt/arm-gnu-toolchain-15.2.rel1-x86_64-arm-none-eabi/bin/../lib/gcc/arm-none-eabi/15.2.1/../../../../arm-none-eabi/lib/thumb/v7e-m+fp/hard/libc_nano.a(libc_a-fwalk.o)
                0x080069fc                _fwalk_sglue
 *fill*         0x08006a36        0x2 
 .text.snprintf
                0x08006a38       0x64 /opt/arm-gnu-toolchain-15.2.rel1-x86_64-arm-none-eabi/bin/../lib/gcc/arm-none-eabi/15.2.1/../../../../arm-none-eabi/lib/thumb/v7e-m+fp/hard/libc_nano.a(libc_a-snprintf.o)
                0x08006a38                snprintf
                0x08006a38                sniprintf
 .text.__sread  0x08006a9c       0x22 /opt/arm-gnu-toolchain-15.2.rel1-x86_64-arm-none-eabi/bin/../lib/gcc/arm-none-eabi/15.2.1/../../../../arm-none-eabi/lib/thumb/v7e-m+fp/hard/libc_nano.a(libc_a-stdio.o)
                0x08006a9c                __sread
 .text.__swrite
                0x08006abe       0x38 /opt/arm-gnu-toolchain-15.2.rel1-x86_64-arm-none-eabi/bin/../lib/gcc/arm-none-eabi/15.2.1/../../../../arm-none-eabi/lib/thumb/v7e-m+fp/hard/libc_nano.a(libc_a-stdio.o)
                0x08006abe                __swrite
 .text.__sseek  0x08006af6       0x26 /opt/arm-gnu-toolchain-15.2.rel1-x86_64-arm-none-eabi/bin/../lib/gcc/arm-none-eabi/15.2.1/../../../../arm-none-eabi/lib/thumb/v7e-m+fp/hard/libc_nano.a(libc_a-stdio.o)
                0x08006af6                __sseek
 .text.__sclose
                0x08006b1c        0x8 /opt/arm-gnu-toolchain-15.2.rel1-x86_64-arm-none-eabi/bin/../lib/gcc/arm-none-eabi/15.2.1/../../../../arm-none-eabi/lib/thumb/v7e-m+fp/hard/libc_nano.a(libc_a-stdio.o)
                0x08006b1c                __sclose
 .text.memset   0x08006b24       0x10 /opt/arm-gnu-toolchain-15.2.rel1-x86_64-arm-none-eabi/bin/../lib/gcc/arm-none-eabi/15.2.1/../../../../arm-none-eabi/lib/thumb/v7e-m+fp/hard/libc_nano.a(libc_a-memset.o)
                0x08006b24                memset
 .text._localeconv_r
                0x08006b34        0x8 /opt/arm-gnu-toolchain-15.2.rel1-x86_64-arm-none-eabi/bin/../lib/gcc/arm-none-eabi/15.2.1/../../../../arm-none-eabi/lib/thumb/v7e-m+fp/hard/libc_nano.a(libc_a-localeconv.o)
                0x08006b34                _localeconv_r
 .text._close_r
                0x08006b3c       0x20 /opt/arm-gnu-toolchain-15.2.rel1-x86_64-arm-none-eabi/bin/../lib/gcc/arm-none-eabi/15.2.1/../../../../arm-none-eabi/lib/thumb/v7e-m+fp/hard/libc_nano.a(libc_a-closer.o)
                0x08006b3c                _close_r
 .text._lseek_r
                0x08006b5c       0x24 /opt/arm-gnu-toolchain-15.2.rel1-x86_64-arm-none-eabi/bin/../lib/gcc/arm-none-eabi/15.2.1/../../../../arm-none-eabi/lib/thumb/v7e-m+fp/hard/libc_nano.a(libc_a-lseekr.o)
                0x08006b5c                _lseek_r
 .text._read_r  0x08006b80       0x24 /opt/arm-gnu-toolchain-15.2.rel1-x86_64-arm-none-eabi/bin/../lib/gcc/arm-none-eabi/15.2.1/../../../../arm-none-eabi/lib/thumb/v7e-m+fp/hard/libc_nano.a(libc_a-readr.o)
                0x08006b80                _read_r
 .text._write_r
                0x08006ba4       0x24 /opt/arm-gnu-toolchain-15.2.rel1-x86_64-arm-none-eabi/bin/../lib/gcc/arm-none-eabi/15.2.1/../../../../arm-none-eabi/lib/thumb/v7e-m+fp/hard/libc_nano.a(libc_a-writer.o)
                0x08006ba4                _write_r
 .text.__errno  0x08006bc8        0xc /opt/arm-gnu-toolchain-15.2.rel1-x86_64-arm-none-eabi/bin/../lib/gcc/arm-none-eabi/15.2.1/../../../../arm-none-eabi/lib/thumb/v7e-m+fp/hard/libc_nano.a(libc_a-errno.o)
                0x08006bc8                __errno
 .text.__libc_init_array
                0x08006bd4       0x48 /opt/arm-gnu-toolchain-15.2.rel1-x86_64-arm-none-eabi/bin/../lib/gcc/arm-none-eabi/15.2.1/../../../../arm-none-eabi/lib/thumb/v7e-m+fp/hard/libc_nano.a(libc_a-init.o)
                0x08006bd4                __libc_init_array
 .text.__retarget_lock_init_recursive
                0x08006c1c        0x2 /opt/arm-gnu-toolchain-15.2.rel1-x86_64-arm-none-eabi/bin/../lib/gcc/arm-none-eabi/15.2.1/../../../../arm-none-eabi/lib/thumb/v7e-m+fp/hard/libc_nano.a(libc_a-lock.o)
                0x08006c1c                __retarget_lock_init_recursive
 .text.__retarget_lock_acquire_recursive
                0x08006c1e        0x2 /opt/arm-gnu-toolchain-15.2.rel1-x86_64-arm-none-eabi/bin/../lib/gcc/arm-none-eabi/15.2.1/../../../../arm-none-eabi/lib/thumb/v7e-m+fp/hard/libc_nano.a(libc_a-lock.o)
                0x08006c1e                __retarget_lock_acquire_recursive
 .text.__retarget_lock_release_recursive
                0x08006c20        0x2 /opt/arm-gnu-toolchain-15.2.rel1-x86_64-arm-none-eabi/bin/../lib/gcc/arm-none-eabi/15.2.1/../../../../arm-none-eabi/lib/thumb/v7e-m+fp/hard/libc_nano.a(libc_a-lock.o)
                0x08006c20                __retarget_lock_release_recursive
 .text.memcpy   0x08006c22       0x1c /opt/arm-gnu-toolchain-15.2.rel1-x86_64-arm-none-eabi/bin/../lib/gcc/arm-none-eabi/15.2.1/../../../../arm-none-eabi/lib/thumb/v7e-m+fp/hard/libc_nano.a(libc_a-memcpy-stub.o)
                0x08006c22                memcpy
 .text.quorem   0x08006c3e      0x110 /opt/arm-gnu-toolchain-15.2.rel1-x86_64-arm-none-eabi/bin/../lib/gcc/arm-none-eabi/15.2.1/../../../../arm-none-eabi/lib/thumb/v7e-m+fp/hard/libc_nano.a(libc_a-dtoa.o)
 *fill*         0x08006d4e        0x2 
 .text._dtoa_r  0x08006d50      0xbac /opt/arm-gnu-toolchain-15.2.rel1-x86_64-arm-none-eabi/bin/../lib/gcc/arm-none-eabi/15.2.1/../../../../arm-none-eabi/lib/thumb/v7e-m+fp/hard/libc_nano.a(libc_a-dtoa.o)
                0x08006d50                _dtoa_r
 .text._free_r  0x080078fc       0x98 /opt/arm-gnu-toolchain-15.2.rel1-x86_64-arm-none-eabi/bin/../lib/gcc/arm-none-eabi/15.2.1/../../../../arm-none-eabi/lib/thumb/v7e-m+fp/hard/libc_nano.a(libc_a-freer.o)
                0x080078fc                _free_r
 .text.malloc   0x08007994       0x10 /opt/arm-gnu-toolchain-15.2.rel1-x86_64-arm-none-eabi/bin/../lib/gcc/arm-none-eabi/15.2.1/../../../../arm-none-eabi/lib/thumb/v7e-m+fp/hard/libc_nano.a(libc_a-malloc.o)
                0x08007994                malloc
 .text.sbrk_aligned
                0x080079a4       0x44 /opt/arm-gnu-toolchain-15.2.rel1-x86_64-arm-none-eabi/bin/../lib/gcc/arm-none-eabi/15.2.1/../../../../arm-none-eabi/lib/thumb/v7e-m+fp/hard/libc_nano.a(libc_a-mallocr.o)
 .text._malloc_r
                0x080079e8       0xf8 /opt/arm-gnu-toolchain-15.2.rel1-x86_64-arm-none-eabi/bin/../lib/gcc/arm-none-eabi/15.2.1/../../../../arm-none-eabi/lib/thumb/v7e-m+fp/hard/libc_nano.a(libc_a-mallocr.o)
                0x080079e8                _malloc_r
 .text.__malloc_lock
                0x08007ae0        0xc /opt/arm-gnu-toolchain-15.2.rel1-x86_64-arm-none-eabi/bin/../lib/gcc/arm-none-eabi/15.2.1/../../../../arm-none-eabi/lib/thumb/v7e-m+fp/hard/libc_nano.a(libc_a-mlock.o)
                0x08007ae0                __malloc_lock
 .text.__malloc_unlock
                0x08007aec        0xc /opt/arm-gnu-toolchain-15.2.rel1-x86_64-arm-none-eabi/bin/../lib/gcc/arm-none-eabi/15.2.1/../../../../arm-none-eabi/lib/thumb/v7e-m+fp/hard/libc_nano.a(libc_a-mlock.o)
                0x08007aec                __malloc_unlock
 .text._Balloc  0x08007af8       0x7c /opt/arm-gnu-toolchain-15.2.rel1-x86_64-arm-none-eabi/bin/../lib/gcc/arm-none-eabi/15.2.1/../../../../arm-none-eabi/lib/thumb/v7e-m+fp/hard/libc_nano.a(libc_a-mprec.o)
                0x08007af8                _Balloc
 .text._Bfree   0x08007b74       0x44 /opt/arm-gnu-toolchain-15.2.rel1-x86_64-arm-none-eabi/bin/../lib/gcc/arm-none-eabi/15.2.1/../../../../arm-none-eabi/lib/thumb/v7e-m+fp/hard/libc_nano.a(libc_a-mprec.o)
                0x08007b74                _Bfree
 .text.__multadd
                0x08007bb8       0x8c /opt/arm-gnu-toolchain-15.2.rel1-x86_64-arm-none-eabi/bin/../lib/gcc/arm-none-eabi/15.2.1/../../../../arm-none-eabi/lib/thumb/v7e-m+fp/hard/libc_nano.a(libc_a-mprec.o)
                0x08007bb8                __multadd
 .text.__hi0bits
                0x08007c44       0x3c /opt/arm-gnu-toolchain-15.2.rel1-x86_64-arm-none-eabi/bin/../lib/gcc/arm-none-eabi/15.2.1/../../../../arm-none-eabi/lib/thumb/v7e-m+fp/hard/libc_nano.a(libc_a-mprec.o)
                0x08007c44                __hi0bits
 .text.__lo0bits
                0x08007c80       0x5c /opt/arm-gnu-toolchain-15.2.rel1-x86_64-arm-none-eabi/bin/../lib/gcc/arm-none-eabi/15.2.1/../../../../arm-none-eabi/lib/thumb/v7e-m+fp/hard/libc_nano.a(libc_a-mprec.o)
                0x08007c80                __lo0bits
 .text.__i2b    0x08007cdc       0x2c /opt/arm-gnu-toolchain-15.2.rel1-x86_64-arm-none-eabi/bin/../lib/gcc/arm-none-eabi/15.2.1/../../../../arm-none-eabi/lib/thumb/v7e-m+fp/hard/libc_nano.a(libc_a-mprec.o)
                0x08007cdc                __i2b
 .text.__multiply
                0x08007d08      0x16c /opt/arm-gnu-toolchain-15.2.rel1-x86_64-arm-none-eabi/bin/../lib/gcc/arm-none-eabi/15.2.1/../../../../arm-none-eabi/lib/thumb/v7e-m+fp/hard/libc_nano.a(libc_a-mprec.o)
                0x08007d08                __multiply
 .text.__pow5mult
                0x08007e74       0xb8 /opt/arm-gnu-toolchain-15.2.rel1-x86_64-arm-none-eabi/bin/../lib/gcc/arm-none-eabi/15.2.1/../../../../arm-none-eabi/lib/thumb/v7e-m+fp/hard/libc_nano.a(libc_a-mprec.o)
                0x08007e74                __pow5mult
 .text.__lshift
                0x08007f2c       0xe4 /opt/arm-gnu-toolchain-15.2.rel1-x86_64-arm-none-eabi/bin/../lib/gcc/arm-none-eabi/15.2.1/../../../../arm-none-eabi/lib/thumb/v7e-m+fp/hard/libc_nano.a(libc_a-mprec.o)
                0x08007f2c                __lshift
 .text.__mcmp   0x08008010       0x36 /opt/arm-gnu-toolchain-15.2.rel1-x86_64-arm-none-eabi/bin/../lib/gcc/arm-none-eabi/15.2.1/../../../../arm-none-eabi/lib/thumb/v7e-m+fp/hard/libc_nano.a(libc_a-mprec.o)
                0x08008010                __mcmp
 *fill*         0x08008046        0x2 
 .text.__mdiff  0x08008048      0x130 /opt/arm-gnu-toolchain-15.2.rel1-x86_64-arm-none-eabi/bin/../lib/gcc/arm-none-eabi/15.2.1/../../../../arm-none-eabi/lib/thumb/v7e-m+fp/hard/libc_nano.a(libc_a-mprec.o)
                0x08008048                __mdiff
 .text.__d2b    0x08008178       0xb0 /opt/arm-gnu-toolchain-15.2.rel1-x86_64-arm-none-eabi/bin/../lib/gcc/arm-none-eabi/15.2.1/../../../../arm-none-eabi/lib/thumb/v7e-m+fp/hard/libc_nano.a(libc_a-mprec.o)
                0x08008178                __d2b
 .text.__ssputs_r
                0x08008228       0xc0 /opt/arm-gnu-toolchain-15.2.rel1-x86_64-arm-none-eabi/bin/../lib/gcc/arm-none-eabi/15.2.1/../../../../arm-none-eabi/lib/thumb/v7e-m+fp/hard/libc_nano.a(libc_a-nano-svfprintf.o)
                0x08008228                __ssputs_r
 .text._svfprintf_r
                0x080082e8      0x1f0 /opt/arm-gnu-toolchain-15.2.rel1-x86_64-arm-none-eabi/bin/../lib/gcc/arm-none-eabi/15.2.1/../../../../arm-none-eabi/lib/thumb/v7e-m+fp/hard/libc_nano.a(libc_a-nano-svfprintf.o)
                0x080082e8                _svfprintf_r
                0x080082e8                _svfiprintf_r
 .text.__sflush_r
                0x080084d8      0x100 /opt/arm-gnu-toolchain-15.2.rel1-x86_64-arm-none-eabi/bin/../lib/gcc/arm-none-eabi/15.2.1/../../../../arm-none-eabi/lib/thumb/v7e-m+fp/hard/libc_nano.a(libc_a-fflush.o)
                0x080084d8                __sflush_r
 .text._fflush_r
                0x080085d8       0x50 /opt/arm-gnu-toolchain-15.2.rel1-x86_64-arm-none-eabi/bin/../lib/gcc/arm-none-eabi/15.2.1/../../../../arm-none-eabi/lib/thumb/v7e-m+fp/hard/libc_nano.a(libc_a-fflush.o)
                0x080085d8                _fflush_r
 .text.memmove  0x08008628       0x32 /opt/arm-gnu-toolchain-15.2.rel1-x86_64-arm-none-eabi/bin/../lib/gcc/arm-none-eabi/15.2.1/../../../../arm-none-eabi/lib/thumb/v7e-m+fp/hard/libc_nano.a(libc_a-memmove.o)
                0x08008628                memmove
 *fill*         0x0800865a        0x2 
 .text._sbrk_r  0x0800865c       0x20 /opt/arm-gnu-toolchain-15.2.rel1-x86_64-arm-none-eabi/bin/../lib/gcc/arm-none-eabi/15.2.1/../../../../arm-none-eabi/lib/thumb/v7e-m+fp/hard/libc_nano.a(libc_a-sbrkr.o)
                0x0800865c                _sbrk_r
 .text.__assert_func
                0x0800867c       0x3c /opt/arm-gnu-toolchain-15.2.rel1-x86_64-arm-none-eabi/bin/../lib/gcc/arm-none-eabi/15.2.1/../../../../arm-none-eabi/lib/thumb/v7e-m+fp/hard/libc_nano.a(libc_a-assert.o)
                0x0800867c                __assert_func
 .text._calloc_r
                0x080086b8       0x28 /opt/arm-gnu-toolchain-15.2.rel1-x86_64-arm-none-eabi/bin/../lib/gcc/arm-none-eabi/15.2.1/../../../../arm-none-eabi/lib/thumb/v7e-m+fp/hard/libc_nano.a(libc_a-callocr.o)
                0x080086b8                _calloc_r
 .text.__ascii_mbtowc
                0x080086e0       0x24 /opt/arm-gnu-toolchain-15.2.rel1-x86_64-arm-none-eabi/bin/../lib/gcc/arm-none-eabi/15.2.1/../../../../arm-none-eabi/lib/thumb/v7e-m+fp/hard/libc_nano.a(libc_a-mbtowc_r.o)
                0x080086e0                __ascii_mbtowc
 .text._realloc_r
                0x08008704       0x5c /opt/arm-gnu-toolchain-15.2.rel1-x86_64-arm-none-eabi/bin/../lib/gcc/arm-none-eabi/15.2.1/../../../../arm-none-eabi/lib/thumb/v7e-m+fp/hard/libc_nano.a(libc_a-reallocr.o)
                0x08008704                _realloc_r
 .text.__ascii_wctomb
                0x08008760       0x1a /opt/arm-gnu-toolchain-15.2.rel1-x86_64-arm-none-eabi/bin/../lib/gcc/arm-none-eabi/15.2.1/../../../../arm-none-eabi/lib/thumb/v7e-m+fp/hard/libc_nano.a(libc_a-wctomb_r.o)
                0x08008760                __ascii_wctomb
 *fill*         0x0800877a        0x2 
 .text.fprintf  0x0800877c       0x24 /opt/arm-gnu-toolchain-15.2.rel1-x86_64-arm-none-eabi/bin/../lib/gcc/arm-none-eabi/15.2.1/../../../../arm-none-eabi/lib/thumb/v7e-m+fp/hard/libc_nano.a(libc_a-fprintf.o)
                0x0800877c                fprintf
                0x0800877c                fiprintf
 .text.abort    0x080087a0        0xe /opt/arm-gnu-toolchain-15.2.rel1-x86_64-arm-none-eabi/bin/../lib/gcc/arm-none-eabi/15.2.1/../../../../arm-none-eabi/lib/thumb/v7e-m+fp/hard/libc_nano.a(libc_a-abort.o)
                0x080087a0                abort
 .text._malloc_usable_size_r
                0x080087ae       0x10 /opt/arm-gnu-toolchain-15.2.rel1-x86_64-arm-none-eabi/bin/../lib/gcc/arm-none-eabi/15.2.1/../../../../arm-none-eabi/lib/thumb/v7e-m+fp/hard/libc_nano.a(libc_a-msizer.o)
                0x080087ae                _malloc_usable_size_r
 .text.__sfputc_r
                0x080087be       0x2a /opt/arm-gnu-toolchain-15.2.rel1-x86_64-arm-none-eabi/bin/../lib/gcc/arm-none-eabi/15.2.1/../../../../arm-none-eabi/lib/thumb/v7e-m+fp/hard/libc_nano.a(libc_a-nano-vfprintf.o)
 .text.__sfputs_r
                0x080087e8       0x24 /opt/arm-gnu-toolchain-15.2.rel1-x86_64-arm-none-eabi/bin/../lib/gcc/arm-none-eabi/15.2.1/../../../../arm-none-eabi/lib/thumb/v7e-m+fp/hard/libc_nano.a(libc_a-nano-vfprintf.o)
                0x080087e8                __sfputs_r
 .text._vfprintf_r
                0x0800880c      0x228 /opt/arm-gnu-toolchain-15.2.rel1-x86_64-arm-none-eabi/bin/../lib/gcc/arm-none-eabi/15.2.1/../../../../arm-none-eabi/lib/thumb/v7e-m+fp/hard/libc_nano.a(libc_a-nano-vfprintf.o)
                0x0800880c                _vfiprintf_r
                0x0800880c                _vfprintf_r
 .text.__swbuf_r
                0x08008a34       0x7a /opt/arm-gnu-toolchain-15.2.rel1-x86_64-arm-none-eabi/bin/../lib/gcc/arm-none-eabi/15.2.1/../../../../arm-none-eabi/lib/thumb/v7e-m+fp/hard/libc_nano.a(libc_a-wbuf.o)
                0x08008a34                __swbuf_r
 *fill*         0x08008aae        0x2 
 .text.__swsetup_r
                0x08008ab0       0xa8 /opt/arm-gnu-toolchain-15.2.rel1-x86_64-arm-none-eabi/bin/../lib/gcc/arm-none-eabi/15.2.1/../../../../arm-none-eabi/lib/thumb/v7e-m+fp/hard/libc_nano.a(libc_a-wsetup.o)
                0x08008ab0                __swsetup_r
 .text._raise_r
                0x08008b58       0x50 /opt/arm-gnu-toolchain-15.2.rel1-x86_64-arm-none-eabi/bin/../lib/gcc/arm-none-eabi/15.2.1/../../../../arm-none-eabi/lib/thumb/v7e-m+fp/hard/libc_nano.a(libc_a-signal.o)
                0x08008b58                _raise_r
 .text.raise    0x08008ba8       0x10 /opt/arm-gnu-toolchain-15.2.rel1-x86_64-arm-none-eabi/bin/../lib/gcc/arm-none-eabi/15.2.1/../../../../arm-none-eabi/lib/thumb/v7e-m+fp/hard/libc_nano.a(libc_a-signal.o)
                0x08008ba8                raise
 .text._kill_r  0x08008bb8       0x24 /opt/arm-gnu-toolchain-15.2.rel1-x86_64-arm-none-eabi/bin/../lib/gcc/arm-none-eabi/15.2.1/../../../../arm-none-eabi/lib/thumb/v7e-m+fp/hard/libc_nano.a(libc_a-signalr.o)
                0x08008bb8                _kill_r
 .text._getpid_r
                0x08008bdc        0x4 /opt/arm-gnu-toolchain-15.2.rel1-x86_64-arm-none-eabi/bin/../lib/gcc/arm-none-eabi/15.2.1/../../../../arm-none-eabi/lib/thumb/v7e-m+fp/hard/libc_nano.a(libc_a-signalr.o)
                0x08008bdc                _getpid_r
 .text.__swhatbuf_r
                0x08008be0       0x48 /opt/arm-gnu-toolchain-15.2.rel1-x86_64-arm-none-eabi/bin/../lib/gcc/arm-none-eabi/15.2.1/../../../../arm-none-eabi/lib/thumb/v7e-m+fp/hard/libc_nano.a(libc_a-makebuf.o)
                0x08008be0                __swhatbuf_r
 .text.__smakebuf_r
                0x08008c28       0x72 /opt/arm-gnu-toolchain-15.2.rel1-x86_64-arm-none-eabi/bin/../lib/gcc/arm-none-eabi/15.2.1/../../../../arm-none-eabi/lib/thumb/v7e-m+fp/hard/libc_nano.a(libc_a-makebuf.o)
                0x08008c28                __smakebuf_r
 *fill*         0x08008c9a        0x2 
 .text._fstat_r
                0x08008c9c       0x24 /opt/arm-gnu-toolchain-15.2.rel1-x86_64-arm-none-eabi/bin/../lib/gcc/arm-none-eabi/15.2.1/../../../../arm-none-eabi/lib/thumb/v7e-m+fp/hard/libc_nano.a(libc_a-fstatr.o)
                0x08008c9c                _fstat_r
 .text._isatty_r
                0x08008cc0       0x20 /opt/arm-gnu-toolchain-15.2.rel1-x86_64-arm-none-eabi/bin/../lib/gcc/arm-none-eabi/15.2.1/../../../../arm-none-eabi/lib/thumb/v7e-m+fp/hard/libc_nano.a(libc_a-isattyr.o)
                0x08008cc0                _isatty_r
 .text.__udivmoddi4
                0x08008ce0      0x320 /opt/arm-gnu-toolchain-15.2.rel1-x86_64-arm-none-eabi/bin/../lib/gcc/arm-none-eabi/15.2.1/thumb/v7e-m+fp/hard/libgcc.a(_udivmoddi4.o)
                0x08008ce0                __udivmoddi4
 .text._close   0x08009000       0x10 /opt/arm-gnu-toolchain-15.2.rel1-x86_64-arm-none-eabi/bin/../lib/gcc/arm-none-eabi/15.2.1/../../../../arm-none-eabi/lib/thumb/v7e-m+fp/hard/libnosys.a(close.o)
                0x08009000                _close
 .text._fstat   0x08009010       0x10 /opt/arm-gnu-toolchain-15.2.rel1-x86_64-arm-none-eabi/bin/../lib/gcc/arm-none-eabi/15.2.1/../../../../arm-none-eabi/lib/thumb/v7e-m+fp/hard/libnosys.a(fstat.o)
                0x08009010                _fstat
 .text._getpid  0x08009020       0x10 /opt/arm-gnu-toolchain-15.2.rel1-x86_64-arm-none-eabi/bin/../lib/gcc/arm-none-eabi/15.2.1/../../../../arm-none-eabi/lib/thumb/v7e-m+fp/hard/libnosys.a(getpid.o)
                0x08009020                _getpid
 .text._isatty  0x08009030       0x10 /opt/arm-gnu-toolchain-15.2.rel1-x86_64-arm-none-eabi/bin/../lib/gcc/arm-none-eabi/15.2.1/../../../../arm-none-eabi/lib/thumb/v7e-m+fp/hard/libnosys.a(isatty.o)
                0x08009030                _isatty
 .text._kill    0x08009040       0x10 /opt/arm-gnu-toolchain-15.2.rel1-x86_64-arm-none-eabi/bin/../lib/gcc/arm-none-eabi/15.2.1/../../../../arm-none-eabi/lib/thumb/v7e-m+fp/hard/libnosys.a(kill.o)
                0x08009040                _kill
 .text._lseek   0x08009050       0x10 /opt/arm-gnu-toolchain-15.2.rel1-x86_64-arm-none-eabi/bin/../lib/gcc/arm-none-eabi/15.2.1/../../../../arm-none-eabi/lib/thumb/v7e-m+fp/hard/libnosys.a(lseek.o)
                0x08009050                _lseek
 .text._read    0x08009060       0x10 /opt/arm-gnu-toolchain-15.2.rel1-x86_64-arm-none-eabi/bin/../lib/gcc/arm-none-eabi/15.2.1/../../../../arm-none-eabi/lib/thumb/v7e-m+fp/hard/libnosys.a(read.o)
                0x08009060                _read
 .text._sbrk    0x08009070       0x1c /opt/arm-gnu-toolchain-15.2.rel1-x86_64-arm-none-eabi/bin/../lib/gcc/arm-none-eabi/15.2.1/../../../../arm-none-eabi/lib/thumb/v7e-m+fp/hard/libnosys.a(sbrk.o)
                0x08009070                _sbrk
 .text._write   0x0800908c       0x10 /opt/arm-gnu-toolchain-15.2.rel1-x86_64-arm-none-eabi/bin/../lib/gcc/arm-none-eabi/15.2.1/../../../../arm-none-eabi/lib/thumb/v7e-m+fp/hard/libnosys.a(write.o)
                0x0800908c                _write
 .text._exit    0x0800909c        0x4 /opt/arm-gnu-toolchain-15.2.rel1-x86_64-arm-none-eabi/bin/../lib/gcc/arm-none-eabi/15.2.1/../../../../arm-none-eabi/lib/thumb/v7e-m+fp/hard/libnosys.a(_exit.o)
                0x0800909c                _exit
 *(.glue_7)
 .glue_7        0x080090a0        0x0 linker stubs
 *(.glue_7t)
 .glue_7t       0x080090a0        0x0 linker stubs
 *(.eh_frame)
 .eh_frame      0x080090a0        0x0 /opt/arm-gnu-toolchain-15.2.rel1-x86_64-arm-none-eabi/bin/../lib/gcc/arm-none-eabi/15.2.1/thumb/v7e-m+fp/hard/crtbegin.o
 *(.init)
 .init          0x080090a0        0x4 /opt/arm-gnu-toolchain-15.2.rel1-x86_64-arm-none-eabi/bin/../lib/gcc/arm-none-eabi/15.2.1/thumb/v7e-m+fp/hard/crti.o
                0x080090a0                _init
 .init          0x080090a4        0x8 /opt/arm-gnu-toolchain-15.2.rel1-x86_64-arm-none-eabi/bin/../lib/gcc/arm-none-eabi/15.2.1/thumb/v7e-m+fp/hard/crtn.o
 *(.fini)
 .fini          0x080090ac        0x4 /opt/arm-gnu-toolchain-15.2.rel1-x86_64-arm-none-eabi/bin/../lib/gcc/arm-none-eabi/15.2.1/thumb/v7e-m+fp/hard/crti.o
                0x080090ac                _fini
 .fini          0x080090b0        0x8 /opt/arm-gnu-toolchain-15.2.rel1-x86_64-arm-none-eabi/bin/../lib/gcc/arm-none-eabi/15.2.1/thumb/v7e-m+fp/hard/crtn.o
                0x080090b8                        . = ALIGN (0x4)
                0x080090b8                        _etext = .

.vfp11_veneer   0x080090b8        0x0
 .vfp11_veneer  0x080090b8        0x0 linker stubs

.v4_bx          0x080090b8        0x0
 .v4_bx         0x080090b8        0x0 linker stubs

.iplt           0x080090b8        0x0
 .iplt          0x080090b8        0x0 /opt/arm-gnu-toolchain-15.2.rel1-x86_64-arm-none-eabi/bin/../lib/gcc/arm-none-eabi/15.2.1/thumb/v7e-m+fp/hard/crtbegin.o

.rodata         0x080090b8      0xd04
                0x080090b8                        . = ALIGN (0x4)
 *(.rodata)
 *(.rodata*)
 .rodata.main.str1.4
                0x080090b8      0x90d build/Core/Src/main.o
                                0x27c (size before relaxing)
 .rodata.MPU6050_ReadRaw.part.0.isra.0.str1.4
                0x080099c5        0x0 build/Core/Src/MPU6050.o
                                 0x2a (size before relaxing)
 .rodata.MPU6050_ReadReg.str1.4
                0x080099c5        0x0 build/Core/Src/MPU6050.o
                                 0x2e (size before relaxing)
 .rodata.MPU6050_Init.str1.4
                0x080099c5        0x0 build/Core/Src/MPU6050.o
                                 0xa1 (size before relaxing)
 .rodata.NN_Init.str1.4
                0x080099c5        0x0 build/Core/Src/NeuralNetwork.o
                                 0x3e (size before relaxing)
 .rodata.NN_PrintWeightStats.str1.4
                0x080099c5        0x0 build/Core/Src/NeuralNetwork.o
                                 0xaa (size before relaxing)
 .rodata.FLC_StateStr.str1.4
                0x080099c5        0x0 build/Core/Src/FederatedClient.o
                                  0x8 (size before relaxing)
 .rodata.FLC_Init.str1.4
                0x080099c5        0x0 build/Core/Src/FederatedClient.o
                                 0x77 (size before relaxing)
 .rodata.FLC_SubmitSample.str1.4
                0x080099c5        0x0 build/Core/Src/FederatedClient.o
                                 0xb3 (size before relaxing)
 .rodata.FLC_DoTraining.str1.4
                0x080099c5        0x0 build/Core/Src/FederatedClient.o
                                 0xe3 (size before relaxing)
 .rodata.FLC_TriggerUpload.str1.4
                0x080099c5        0x0 build/Core/Src/FederatedClient.o
                                 0x24 (size before relaxing)
 .rodata.FLC_Reset.str1.4
                0x080099c5        0x0 build/Core/Src/FederatedClient.o
                                 0x1a (size before relaxing)
 .rodata.FLC_PrintStatus.str1.4
                0x080099c5        0x0 build/Core/Src/FederatedClient.o
                                 0x4f (size before relaxing)
 .rodata.FLC_Tick.str1.4
                0x080099c5        0x0 build/Core/Src/FederatedClient.o
                                 0x8d (size before relaxing)
 .rodata.str1.4
                0x080099c5        0x0 build/Core/Src/FederatedClient.o
                                 0x3e (size before relaxing)
 *fill*         0x080099c5        0x3 
 .rodata.CSWTCH.2
                0x080099c8       0x18 build/Core/Src/FederatedClient.o
 .rodata.Utils_TimerInit.str1.4
                0x080099e0        0x0 build/Core/Src/Utils.o
                                 0x27 (size before relaxing)
 .rodata.Utils_PrintMemoryStats.str1.4
                0x080099e0        0x0 build/Core/Src/Utils.o
                                0x105 (size before relaxing)
 .rodata.APBPrescTable
                0x080099e0        0x8 build/Core/Src/system_stm32f4xx.o
                0x080099e0                APBPrescTable
 .rodata.AHBPrescTable
                0x080099e8       0x10 build/Core/Src/system_stm32f4xx.o
                0x080099e8                AHBPrescTable
 .rodata.logf.str1.4
                0x080099f8        0x0 /opt/arm-gnu-toolchain-15.2.rel1-x86_64-arm-none-eabi/bin/../lib/gcc/arm-none-eabi/15.2.1/../../../../arm-none-eabi/lib/thumb/v7e-m+fp/hard/libm.a(libm_a-wf_log.o)
                                  0x1 (size before relaxing)
 .rodata.CSWTCH.7
                0x080099f8        0xc /opt/arm-gnu-toolchain-15.2.rel1-x86_64-arm-none-eabi/bin/../lib/gcc/arm-none-eabi/15.2.1/../../../../arm-none-eabi/lib/thumb/v7e-m+fp/hard/libm.a(libm_a-ef_atan2.o)
 .rodata.CSWTCH.6
                0x08009a04        0xc /opt/arm-gnu-toolchain-15.2.rel1-x86_64-arm-none-eabi/bin/../lib/gcc/arm-none-eabi/15.2.1/../../../../arm-none-eabi/lib/thumb/v7e-m+fp/hard/libm.a(libm_a-ef_atan2.o)
 .rodata.ln2LO  0x08009a10        0x8 /opt/arm-gnu-toolchain-15.2.rel1-x86_64-arm-none-eabi/bin/../lib/gcc/arm-none-eabi/15.2.1/../../../../arm-none-eabi/lib/thumb/v7e-m+fp/hard/libm.a(libm_a-ef_exp.o)
 .rodata.ln2HI  0x08009a18        0x8 /opt/arm-gnu-toolchain-15.2.rel1-x86_64-arm-none-eabi/bin/../lib/gcc/arm-none-eabi/15.2.1/../../../../arm-none-eabi/lib/thumb/v7e-m+fp/hard/libm.a(libm_a-ef_exp.o)
 .rodata.halF   0x08009a20        0x8 /opt/arm-gnu-toolchain-15.2.rel1-x86_64-arm-none-eabi/bin/../lib/gcc/arm-none-eabi/15.2.1/../../../../arm-none-eabi/lib/thumb/v7e-m+fp/hard/libm.a(libm_a-ef_exp.o)
 .rodata.atanlo
                0x08009a28       0x10 /opt/arm-gnu-toolchain-15.2.rel1-x86_64-arm-none-eabi/bin/../lib/gcc/arm-none-eabi/15.2.1/../../../../arm-none-eabi/lib/thumb/v7e-m+fp/hard/libm.a(libm_a-sf_atan.o)
 .rodata.atanhi
                0x08009a38       0x10 /opt/arm-gnu-toolchain-15.2.rel1-x86_64-arm-none-eabi/bin/../lib/gcc/arm-none-eabi/15.2.1/../../../../arm-none-eabi/lib/thumb/v7e-m+fp/hard/libm.a(libm_a-sf_atan.o)
 .rodata._printf_float.str1.1
                0x08009a48      0x173 /opt/arm-gnu-toolchain-15.2.rel1-x86_64-arm-none-eabi/bin/../lib/gcc/arm-none-eabi/15.2.1/../../../../arm-none-eabi/lib/thumb/v7e-m+fp/hard/libc_nano.a(libc_a-nano-vfprintf_float.o)
                                 0x12 (size before relaxing)
 .rodata._printf_i.str1.1
                0x08009bbb        0x0 /opt/arm-gnu-toolchain-15.2.rel1-x86_64-arm-none-eabi/bin/../lib/gcc/arm-none-eabi/15.2.1/../../../../arm-none-eabi/lib/thumb/v7e-m+fp/hard/libc_nano.a(libc_a-nano-vfprintf_i.o)
                                 0x22 (size before relaxing)
 .rodata._dtoa_r.str1.1
                0x08009bbb        0x0 /opt/arm-gnu-toolchain-15.2.rel1-x86_64-arm-none-eabi/bin/../lib/gcc/arm-none-eabi/15.2.1/../../../../arm-none-eabi/lib/thumb/v7e-m+fp/hard/libc_nano.a(libc_a-dtoa.o)
                                 0x90 (size before relaxing)
 .rodata._Balloc.str1.1
                0x08009bbb        0x0 /opt/arm-gnu-toolchain-15.2.rel1-x86_64-arm-none-eabi/bin/../lib/gcc/arm-none-eabi/15.2.1/../../../../arm-none-eabi/lib/thumb/v7e-m+fp/hard/libc_nano.a(libc_a-mprec.o)
                                 0x71 (size before relaxing)
 .rodata.__multadd.str1.1
                0x08009bbb        0x0 /opt/arm-gnu-toolchain-15.2.rel1-x86_64-arm-none-eabi/bin/../lib/gcc/arm-none-eabi/15.2.1/../../../../arm-none-eabi/lib/thumb/v7e-m+fp/hard/libc_nano.a(libc_a-mprec.o)
                                 0x11 (size before relaxing)
 *fill*         0x08009bbb        0x1 
 .rodata.p05.0  0x08009bbc        0xc /opt/arm-gnu-toolchain-15.2.rel1-x86_64-arm-none-eabi/bin/../lib/gcc/arm-none-eabi/15.2.1/../../../../arm-none-eabi/lib/thumb/v7e-m+fp/hard/libc_nano.a(libc_a-mprec.o)
 .rodata.__mprec_bigtens
                0x08009bc8       0x28 /opt/arm-gnu-toolchain-15.2.rel1-x86_64-arm-none-eabi/bin/../lib/gcc/arm-none-eabi/15.2.1/../../../../arm-none-eabi/lib/thumb/v7e-m+fp/hard/libc_nano.a(libc_a-mprec.o)
                0x08009bc8                __mprec_bigtens
 .rodata.__mprec_tens
                0x08009bf0       0xc8 /opt/arm-gnu-toolchain-15.2.rel1-x86_64-arm-none-eabi/bin/../lib/gcc/arm-none-eabi/15.2.1/../../../../arm-none-eabi/lib/thumb/v7e-m+fp/hard/libc_nano.a(libc_a-mprec.o)
                0x08009bf0                __mprec_tens
 .rodata._svfprintf_r.str1.1
                0x08009cb8        0x0 /opt/arm-gnu-toolchain-15.2.rel1-x86_64-arm-none-eabi/bin/../lib/gcc/arm-none-eabi/15.2.1/../../../../arm-none-eabi/lib/thumb/v7e-m+fp/hard/libc_nano.a(libc_a-nano-svfprintf.o)
                                 0x11 (size before relaxing)
 .rodata._setlocale_r.str1.1
                0x08009cb8        0x0 /opt/arm-gnu-toolchain-15.2.rel1-x86_64-arm-none-eabi/bin/../lib/gcc/arm-none-eabi/15.2.1/../../../../arm-none-eabi/lib/thumb/v7e-m+fp/hard/libc_nano.a(libc_a-locale.o)
                                  0x9 (size before relaxing)
 .rodata.str1.1
                0x08009cb8        0x0 /opt/arm-gnu-toolchain-15.2.rel1-x86_64-arm-none-eabi/bin/../lib/gcc/arm-none-eabi/15.2.1/../../../../arm-none-eabi/lib/thumb/v7e-m+fp/hard/libc_nano.a(libc_a-locale.o)
                                  0x2 (size before relaxing)
 .rodata.__assert_func.str1.1
                0x08009cb8        0x0 /opt/arm-gnu-toolchain-15.2.rel1-x86_64-arm-none-eabi/bin/../lib/gcc/arm-none-eabi/15.2.1/../../../../arm-none-eabi/lib/thumb/v7e-m+fp/hard/libc_nano.a(libc_a-assert.o)
                                 0x3d (size before relaxing)
 .rodata._ctype_
                0x08009cb8      0x101 /opt/arm-gnu-toolchain-15.2.rel1-x86_64-arm-none-eabi/bin/../lib/gcc/arm-none-eabi/15.2.1/../../../../arm-none-eabi/lib/thumb/v7e-m+fp/hard/libc_nano.a(libc_a-ctype_.o)
                0x08009cb8                _ctype_
 .rodata._vfprintf_r.str1.1
                0x08009db9        0x0 /opt/arm-gnu-toolchain-15.2.rel1-x86_64-arm-none-eabi/bin/../lib/gcc/arm-none-eabi/15.2.1/../../../../arm-none-eabi/lib/thumb/v7e-m+fp/hard/libc_nano.a(libc_a-nano-vfprintf.o)
                                 0x11 (size before relaxing)
                0x08009dbc                        . = ALIGN (0x4)
 *fill*         0x08009db9        0x3 

.ARM.extab
 *(.ARM.extab* .gnu.linkonce.armextab.*)

.ARM            0x08009dbc        0x8
                0x08009dbc                        __exidx_start = .
 *(.ARM.exidx*)
 .ARM.exidx     0x08009dbc        0x8 /opt/arm-gnu-toolchain-15.2.rel1-x86_64-arm-none-eabi/bin/../lib/gcc/arm-none-eabi/15.2.1/../../../../arm-none-eabi/lib/thumb/v7e-m+fp/hard/libc_nano.a(libc_a-memchr.o)
 .ARM.exidx     0x08009dc4        0x0 /opt/arm-gnu-toolchain-15.2.rel1-x86_64-arm-none-eabi/bin/../lib/gcc/arm-none-eabi/15.2.1/../../../../arm-none-eabi/lib/thumb/v7e-m+fp/hard/libc_nano.a(libc_a-strlen.o)
                                  0x8 (size before relaxing)
 .ARM.exidx.text.__udivmoddi4
                0x08009dc4        0x0 /opt/arm-gnu-toolchain-15.2.rel1-x86_64-arm-none-eabi/bin/../lib/gcc/arm-none-eabi/15.2.1/thumb/v7e-m+fp/hard/libgcc.a(_udivmoddi4.o)
                                  0x8 (size before relaxing)
                0x08009dc4                        __exidx_end = .

.rel.dyn        0x08009dc4        0x0
 .rel.iplt      0x08009dc4        0x0 /opt/arm-gnu-toolchain-15.2.rel1-x86_64-arm-none-eabi/bin/../lib/gcc/arm-none-eabi/15.2.1/thumb/v7e-m+fp/hard/crtbegin.o

.preinit_array  0x08009dc4        0x0
                0x08009dc4                        PROVIDE (__preinit_array_start = .)
 *(.preinit_array*)
                0x08009dc4                        PROVIDE (__preinit_array_end = .)

.init_array     0x08009dc4        0x4
                0x08009dc4                        PROVIDE (__init_array_start = .)
 *(SORT_BY_NAME(.init_array.*))
 *(.init_array*)
 .init_array    0x08009dc4        0x4 /opt/arm-gnu-toolchain-15.2.rel1-x86_64-arm-none-eabi/bin/../lib/gcc/arm-none-eabi/15.2.1/thumb/v7e-m+fp/hard/crtbegin.o
                0x08009dc8                        PROVIDE (__init_array_end = .)

.fini_array     0x08009dc8        0x4
                [!provide]                        PROVIDE (__fini_array_start = .)
 *(SORT_BY_NAME(.fini_array.*))
 *(.fini_array*)
 .fini_array    0x08009dc8        0x4 /opt/arm-gnu-toolchain-15.2.rel1-x86_64-arm-none-eabi/bin/../lib/gcc/arm-none-eabi/15.2.1/thumb/v7e-m+fp/hard/crtbegin.o
                [!provide]                        PROVIDE (__fini_array_end = .)
                0x08009dcc                        _sidata = LOADADDR (.data)

.data           0x20000000      0x1d8 load address 0x08009dcc
                0x20000000                        . = ALIGN (0x4)
                0x20000000                        _sdata = .
 *(.data)
 *(.data*)
 .data._lcg_state
                0x20000000        0x4 build/Core/Src/Utils.o
 .data.uwTickFreq
                0x20000004        0x1 build/Drivers/STM32F4xx_HAL_Driver/Src/stm32f4xx_hal.o
                0x20000004                uwTickFreq
 *fill*         0x20000005        0x3 
 .data.uwTickPrio
                0x20000008        0x4 build/Drivers/STM32F4xx_HAL_Driver/Src/stm32f4xx_hal.o
                0x20000008                uwTickPrio
 .data.SystemCoreClock
                0x2000000c        0x4 build/Core/Src/system_stm32f4xx.o
                0x2000000c                SystemCoreClock
 .data.__sglue  0x20000010        0xc /opt/arm-gnu-toolchain-15.2.rel1-x86_64-arm-none-eabi/bin/../lib/gcc/arm-none-eabi/15.2.1/../../../../arm-none-eabi/lib/thumb/v7e-m+fp/hard/libc_nano.a(libc_a-findfp.o)
                0x20000010                __sglue
 .data._impure_ptr
                0x2000001c        0x4 /opt/arm-gnu-toolchain-15.2.rel1-x86_64-arm-none-eabi/bin/../lib/gcc/arm-none-eabi/15.2.1/../../../../arm-none-eabi/lib/thumb/v7e-m+fp/hard/libc_nano.a(libc_a-impure.o)
                0x2000001c                _impure_ptr
 .data._impure_data
                0x20000020       0x4c /opt/arm-gnu-toolchain-15.2.rel1-x86_64-arm-none-eabi/bin/../lib/gcc/arm-none-eabi/15.2.1/../../../../arm-none-eabi/lib/thumb/v7e-m+fp/hard/libc_nano.a(libc_a-impure.o)
                0x20000020                _impure_data
 .data.__global_locale
                0x2000006c      0x16c /opt/arm-gnu-toolchain-15.2.rel1-x86_64-arm-none-eabi/bin/../lib/gcc/arm-none-eabi/15.2.1/../../../../arm-none-eabi/lib/thumb/v7e-m+fp/hard/libc_nano.a(libc_a-locale.o)
                0x2000006c                __global_locale
                0x200001d8                        . = ALIGN (0x4)
                0x200001d8                        _edata = .
                0x08009fa4                        _siccmram = LOADADDR (.ccmram)

.tm_clone_table
                0x200001d8        0x0 load address 0x08009fa4
 .tm_clone_table
                0x200001d8        0x0 /opt/arm-gnu-toolchain-15.2.rel1-x86_64-arm-none-eabi/bin/../lib/gcc/arm-none-eabi/15.2.1/thumb/v7e-m+fp/hard/crtbegin.o
 .tm_clone_table
                0x200001d8        0x0 /opt/arm-gnu-toolchain-15.2.rel1-x86_64-arm-none-eabi/bin/../lib/gcc/arm-none-eabi/15.2.1/thumb/v7e-m+fp/hard/crtend.o

.igot.plt       0x200001d8        0x0 load address 0x08009fa4
 .igot.plt      0x200001d8        0x0 /opt/arm-gnu-toolchain-15.2.rel1-x86_64-arm-none-eabi/bin/../lib/gcc/arm-none-eabi/15.2.1/thumb/v7e-m+fp/hard/crtbegin.o

.ccmram         0x10000000        0x0 load address 0x08009fa4
                0x10000000                        . = ALIGN (0x4)
                0x10000000                        _sccmram = .
 *(.ccmram)
 *(.ccmram*)
                0x10000000                        . = ALIGN (0x4)
                0x10000000                        _eccmram = .

.bss            0x200001d8    0x16140
                0x200001d8                        . = ALIGN (0x4)
                0x200001d8                        _sbss = .
 *(.bss)
 *(.bss*)
 .bss.completed.1
                0x200001d8        0x1 /opt/arm-gnu-toolchain-15.2.rel1-x86_64-arm-none-eabi/bin/../lib/gcc/arm-none-eabi/15.2.1/thumb/v7e-m+fp/hard/crtbegin.o
 *fill*         0x200001d9        0x3 
 .bss.object.0  0x200001dc       0x18 /opt/arm-gnu-toolchain-15.2.rel1-x86_64-arm-none-eabi/bin/../lib/gcc/arm-none-eabi/15.2.1/thumb/v7e-m+fp/hard/crtbegin.o
 .bss.s_current_label
                0x200001f4        0x1 build/Core/Src/main.o
 .bss.g_uart_rx_ready
                0x200001f5        0x1 build/Core/Src/main.o
                0x200001f5                g_uart_rx_ready
 .bss.g_uart_rx_byte
                0x200001f6        0x1 build/Core/Src/main.o
                0x200001f6                g_uart_rx_byte
 .bss.g_sample_flag
                0x200001f7        0x1 build/Core/Src/main.o
                0x200001f7                g_sample_flag
 .bss.s_feature_vec
                0x200001f8      0x7d0 build/Core/Src/main.o
 .bss.s_cf_out  0x200009c8       0x14 build/Core/Src/main.o
 .bss.s_imu_data
                0x200009dc       0x1c build/Core/Src/main.o
 .bss.s_flc     0x200009f8     0x4e48 build/Core/Src/main.o
 .bss.s_nn      0x20005840     0xfd4c build/Core/Src/main.o
 .bss.s_fe      0x2001558c      0xa0c build/Core/Src/main.o
 .bss.s_cf_state
                0x20015f98       0x14 build/Core/Src/main.o
 .bss.s_mpu     0x20015fac       0x20 build/Core/Src/main.o
 .bss.htim3     0x20015fcc       0x48 build/Core/Src/main.o
                0x20015fcc                htim3
 .bss.htim2     0x20016014       0x48 build/Core/Src/main.o
                0x20016014                htim2
 *fill*         0x2001605c        0x4 
 .bss.huart2    0x20016060       0x48 build/Core/Src/main.o
                0x20016060                huart2
 .bss.huart1    0x200160a8       0x48 build/Core/Src/main.o
                0x200160a8                huart1
 .bss.hi2c1     0x200160f0       0x54 build/Core/Src/main.o
                0x200160f0                hi2c1
 .bss._utils_log_buf
                0x20016144       0x80 build/Core/Src/Utils.o
                0x20016144                _utils_log_buf
 .bss.uwTick    0x200161c4        0x4 build/Drivers/STM32F4xx_HAL_Driver/Src/stm32f4xx_hal.o
                0x200161c4                uwTick
 .bss.__sf      0x200161c8      0x138 /opt/arm-gnu-toolchain-15.2.rel1-x86_64-arm-none-eabi/bin/../lib/gcc/arm-none-eabi/15.2.1/../../../../arm-none-eabi/lib/thumb/v7e-m+fp/hard/libc_nano.a(libc_a-findfp.o)
                0x200161c8                __sf
 .bss.__stdio_exit_handler
                0x20016300        0x4 /opt/arm-gnu-toolchain-15.2.rel1-x86_64-arm-none-eabi/bin/../lib/gcc/arm-none-eabi/15.2.1/../../../../arm-none-eabi/lib/thumb/v7e-m+fp/hard/libc_nano.a(libc_a-findfp.o)
                0x20016300                __stdio_exit_handler
 .bss.errno     0x20016304        0x4 /opt/arm-gnu-toolchain-15.2.rel1-x86_64-arm-none-eabi/bin/../lib/gcc/arm-none-eabi/15.2.1/../../../../arm-none-eabi/lib/thumb/v7e-m+fp/hard/libc_nano.a(libc_a-reent.o)
                0x20016304                errno
 .bss.__lock___malloc_recursive_mutex
                0x20016308        0x1 /opt/arm-gnu-toolchain-15.2.rel1-x86_64-arm-none-eabi/bin/../lib/gcc/arm-none-eabi/15.2.1/../../../../arm-none-eabi/lib/thumb/v7e-m+fp/hard/libc_nano.a(libc_a-lock.o)
                0x20016308                __lock___malloc_recursive_mutex
 .bss.__lock___sfp_recursive_mutex
                0x20016309        0x1 /opt/arm-gnu-toolchain-15.2.rel1-x86_64-arm-none-eabi/bin/../lib/gcc/arm-none-eabi/15.2.1/../../../../arm-none-eabi/lib/thumb/v7e-m+fp/hard/libc_nano.a(libc_a-lock.o)
                0x20016309                __lock___sfp_recursive_mutex
 *fill*         0x2001630a        0x2 
 .bss.__malloc_sbrk_start
                0x2001630c        0x4 /opt/arm-gnu-toolchain-15.2.rel1-x86_64-arm-none-eabi/bin/../lib/gcc/arm-none-eabi/15.2.1/../../../../arm-none-eabi/lib/thumb/v7e-m+fp/hard/libc_nano.a(libc_a-mallocr.o)
                0x2001630c                __malloc_sbrk_start
 .bss.__malloc_free_list
                0x20016310        0x4 /opt/arm-gnu-toolchain-15.2.rel1-x86_64-arm-none-eabi/bin/../lib/gcc/arm-none-eabi/15.2.1/../../../../arm-none-eabi/lib/thumb/v7e-m+fp/hard/libc_nano.a(libc_a-mallocr.o)
                0x20016310                __malloc_free_list
 .bss.heap_end.0
                0x20016314        0x4 /opt/arm-gnu-toolchain-15.2.rel1-x86_64-arm-none-eabi/bin/../lib/gcc/arm-none-eabi/15.2.1/../../../../arm-none-eabi/lib/thumb/v7e-m+fp/hard/libnosys.a(sbrk.o)
 *(COMMON)
                0x20016318                        . = ALIGN (0x4)
                0x20016318                        _ebss = .
                0x20016318                        _end = _ebss

._user_heap_stack
                0x20016318      0x800
                0x20016318                        . = ALIGN (0x8)
                0x20016318                        PROVIDE (end = .)
                0x20016318                        . = (. + _Min_Heap_Size)
                0x20016b18                        . = (. + _Min_Stack_Size)
 *fill*         0x20016318      0x800 
                0x20016b18                        . = ALIGN (0x8)

/DISCARD/
 libc.a(*)
 libm.a(*)
 libgcc.a(*)

.ARM.attributes
                0x00000000       0x30
 *(.ARM.attributes)
 .ARM.attributes
                0x00000000       0x22 /opt/arm-gnu-toolchain-15.2.rel1-x86_64-arm-none-eabi/bin/../lib/gcc/arm-none-eabi/15.2.1/thumb/v7e-m+fp/hard/crti.o
 .ARM.attributes
                0x00000022       0x34 /opt/arm-gnu-toolchain-15.2.rel1-x86_64-arm-none-eabi/bin/../lib/gcc/arm-none-eabi/15.2.1/thumb/v7e-m+fp/hard/crtbegin.o
 .ARM.attributes
                0x00000056       0x34 build/Core/Src/main.o
 .ARM.attributes
                0x0000008a       0x34 build/Core/Src/MPU6050.o
 .ARM.attributes
                0x000000be       0x34 build/Core/Src/ComplementaryFilter.o
 .ARM.attributes
                0x000000f2       0x34 build/Core/Src/FeatureExtractor.o
 .ARM.attributes
                0x00000126       0x34 build/Core/Src/NeuralNetwork.o
 .ARM.attributes
                0x0000015a       0x34 build/Core/Src/FederatedClient.o
 .ARM.attributes
                0x0000018e       0x34 build/Core/Src/Utils.o
 .ARM.attributes
                0x000001c2       0x34 build/Drivers/STM32F4xx_HAL_Driver/Src/stm32f4xx_hal.o
 .ARM.attributes
                0x000001f6       0x34 build/Drivers/STM32F4xx_HAL_Driver/Src/stm32f4xx_hal_cortex.o
 .ARM.attributes
                0x0000022a       0x34 build/Drivers/STM32F4xx_HAL_Driver/Src/stm32f4xx_hal_rcc.o
 .ARM.attributes
                0x0000025e       0x34 build/Drivers/STM32F4xx_HAL_Driver/Src/stm32f4xx_hal_gpio.o
 .ARM.attributes
                0x00000292       0x34 build/Drivers/STM32F4xx_HAL_Driver/Src/stm32f4xx_hal_uart.o
 .ARM.attributes
                0x000002c6       0x34 build/Drivers/STM32F4xx_HAL_Driver/Src/stm32f4xx_hal_i2c.o
 .ARM.attributes
                0x000002fa       0x34 build/Drivers/STM32F4xx_HAL_Driver/Src/stm32f4xx_hal_tim.o
 .ARM.attributes
                0x0000032e       0x34 build/Drivers/STM32F4xx_HAL_Driver/Src/stm32f4xx_hal_tim_ex.o
 .ARM.attributes
                0x00000362       0x34 build/Drivers/STM32F4xx_HAL_Driver/Src/stm32f4xx_hal_dma.o
 .ARM.attributes
                0x00000396       0x34 build/Core/Src/stm32f4xx_hal_msp.o
 .ARM.attributes
                0x000003ca       0x34 build/Core/Src/stm32f4xx_it.o
 .ARM.attributes
                0x000003fe       0x34 build/Core/Src/system_stm32f4xx.o
 .ARM.attributes
                0x00000432       0x21 build/startup_stm32f405xx.o
 .ARM.attributes
                0x00000453       0x34 /opt/arm-gnu-toolchain-15.2.rel1-x86_64-arm-none-eabi/bin/../lib/gcc/arm-none-eabi/15.2.1/../../../../arm-none-eabi/lib/thumb/v7e-m+fp/hard/libm.a(libm_a-wf_atan2.o)
 .ARM.attributes
                0x00000487       0x34 /opt/arm-gnu-toolchain-15.2.rel1-x86_64-arm-none-eabi/bin/../lib/gcc/arm-none-eabi/15.2.1/../../../../arm-none-eabi/lib/thumb/v7e-m+fp/hard/libm.a(libm_a-wf_exp.o)
 .ARM.attributes
                0x000004bb       0x34 /opt/arm-gnu-toolchain-15.2.rel1-x86_64-arm-none-eabi/bin/../lib/gcc/arm-none-eabi/15.2.1/../../../../arm-none-eabi/lib/thumb/v7e-m+fp/hard/libm.a(libm_a-wf_log.o)
 .ARM.attributes
                0x000004ef       0x34 /opt/arm-gnu-toolchain-15.2.rel1-x86_64-arm-none-eabi/bin/../lib/gcc/arm-none-eabi/15.2.1/../../../../arm-none-eabi/lib/thumb/v7e-m+fp/hard/libm.a(libm_a-wf_sqrt.o)
 .ARM.attributes
                0x00000523       0x34 /opt/arm-gnu-toolchain-15.2.rel1-x86_64-arm-none-eabi/bin/../lib/gcc/arm-none-eabi/15.2.1/../../../../arm-none-eabi/lib/thumb/v7e-m+fp/hard/libm.a(libm_a-sf_finite.o)
 .ARM.attributes
                0x00000557       0x34 /opt/arm-gnu-toolchain-15.2.rel1-x86_64-arm-none-eabi/bin/../lib/gcc/arm-none-eabi/15.2.1/../../../../arm-none-eabi/lib/thumb/v7e-m+fp/hard/libm.a(libm_a-sf_nan.o)
 .ARM.attributes
                0x0000058b       0x34 /opt/arm-gnu-toolchain-15.2.rel1-x86_64-arm-none-eabi/bin/../lib/gcc/arm-none-eabi/15.2.1/../../../../arm-none-eabi/lib/thumb/v7e-m+fp/hard/libm.a(libm_a-ef_sqrt.o)
 .ARM.attributes
                0x000005bf       0x34 /opt/arm-gnu-toolchain-15.2.rel1-x86_64-arm-none-eabi/bin/../lib/gcc/arm-none-eabi/15.2.1/../../../../arm-none-eabi/lib/thumb/v7e-m+fp/hard/libm.a(libm_a-ef_atan2.o)
 .ARM.attributes
                0x000005f3       0x34 /opt/arm-gnu-toolchain-15.2.rel1-x86_64-arm-none-eabi/bin/../lib/gcc/arm-none-eabi/15.2.1/../../../../arm-none-eabi/lib/thumb/v7e-m+fp/hard/libm.a(libm_a-ef_exp.o)
 .ARM.attributes
                0x00000627       0x34 /opt/arm-gnu-toolchain-15.2.rel1-x86_64-arm-none-eabi/bin/../lib/gcc/arm-none-eabi/15.2.1/../../../../arm-none-eabi/lib/thumb/v7e-m+fp/hard/libm.a(libm_a-ef_log.o)
 .ARM.attributes
                0x0000065b       0x34 /opt/arm-gnu-toolchain-15.2.rel1-x86_64-arm-none-eabi/bin/../lib/gcc/arm-none-eabi/15.2.1/../../../../arm-none-eabi/lib/thumb/v7e-m+fp/hard/libm.a(libm_a-sf_atan.o)
 .ARM.attributes
                0x0000068f       0x34 /opt/arm-gnu-toolchain-15.2.rel1-x86_64-arm-none-eabi/bin/../lib/gcc/arm-none-eabi/15.2.1/../../../../arm-none-eabi/lib/thumb/v7e-m+fp/hard/libm.a(libm_a-sf_fabs.o)
 .ARM.attributes
                0x000006c3       0x34 /opt/arm-gnu-toolchain-15.2.rel1-x86_64-arm-none-eabi/bin/../lib/gcc/arm-none-eabi/15.2.1/../../../../arm-none-eabi/lib/thumb/v7e-m+fp/hard/libm.a(libm_a-math_errf.o)
 .ARM.attributes
                0x000006f7       0x34 /opt/arm-gnu-toolchain-15.2.rel1-x86_64-arm-none-eabi/bin/../lib/gcc/arm-none-eabi/15.2.1/../../../../arm-none-eabi/lib/thumb/v7e-m+fp/hard/libc_nano.a(libc_a-nano-vfprintf_float.o)
 .ARM.attributes
                0x0000072b       0x34 /opt/arm-gnu-toolchain-15.2.rel1-x86_64-arm-none-eabi/bin/../lib/gcc/arm-none-eabi/15.2.1/../../../../arm-none-eabi/lib/thumb/v7e-m+fp/hard/libc_nano.a(libc_a-nano-vfprintf_i.o)
 .ARM.attributes
                0x0000075f       0x34 /opt/arm-gnu-toolchain-15.2.rel1-x86_64-arm-none-eabi/bin/../lib/gcc/arm-none-eabi/15.2.1/../../../../arm-none-eabi/lib/thumb/v7e-m+fp/hard/libc_nano.a(libc_a-findfp.o)
 .ARM.attributes
                0x00000793       0x34 /opt/arm-gnu-toolchain-15.2.rel1-x86_64-arm-none-eabi/bin/../lib/gcc/arm-none-eabi/15.2.1/../../../../arm-none-eabi/lib/thumb/v7e-m+fp/hard/libc_nano.a(libc_a-fwalk.o)
 .ARM.attributes
                0x000007c7       0x34 /opt/arm-gnu-toolchain-15.2.rel1-x86_64-arm-none-eabi/bin/../lib/gcc/arm-none-eabi/15.2.1/../../../../arm-none-eabi/lib/thumb/v7e-m+fp/hard/libc_nano.a(libc_a-snprintf.o)
 .ARM.attributes
                0x000007fb       0x34 /opt/arm-gnu-toolchain-15.2.rel1-x86_64-arm-none-eabi/bin/../lib/gcc/arm-none-eabi/15.2.1/../../../../arm-none-eabi/lib/thumb/v7e-m+fp/hard/libc_nano.a(libc_a-stdio.o)
 .ARM.attributes
                0x0000082f       0x34 /opt/arm-gnu-toolchain-15.2.rel1-x86_64-arm-none-eabi/bin/../lib/gcc/arm-none-eabi/15.2.1/../../../../arm-none-eabi/lib/thumb/v7e-m+fp/hard/libc_nano.a(libc_a-memset.o)
 .ARM.attributes
                0x00000863       0x34 /opt/arm-gnu-toolchain-15.2.rel1-x86_64-arm-none-eabi/bin/../lib/gcc/arm-none-eabi/15.2.1/../../../../arm-none-eabi/lib/thumb/v7e-m+fp/hard/libc_nano.a(libc_a-localeconv.o)
 .ARM.attributes
                0x00000897       0x34 /opt/arm-gnu-toolchain-15.2.rel1-x86_64-arm-none-eabi/bin/../lib/gcc/arm-none-eabi/15.2.1/../../../../arm-none-eabi/lib/thumb/v7e-m+fp/hard/libc_nano.a(libc_a-closer.o)
 .ARM.attributes
                0x000008cb       0x34 /opt/arm-gnu-toolchain-15.2.rel1-x86_64-arm-none-eabi/bin/../lib/gcc/arm-none-eabi/15.2.1/../../../../arm-none-eabi/lib/thumb/v7e-m+fp/hard/libc_nano.a(libc_a-reent.o)
 .ARM.attributes
                0x000008ff       0x34 /opt/arm-gnu-toolchain-15.2.rel1-x86_64-arm-none-eabi/bin/../lib/gcc/arm-none-eabi/15.2.1/../../../../arm-none-eabi/lib/thumb/v7e-m+fp/hard/libc_nano.a(libc_a-impure.o)
 .ARM.attributes
                0x00000933       0x34 /opt/arm-gnu-toolchain-15.2.rel1-x86_64-arm-none-eabi/bin/../lib/gcc/arm-none-eabi/15.2.1/../../../../arm-none-eabi/lib/thumb/v7e-m+fp/hard/libc_nano.a(libc_a-lseekr.o)
 .ARM.attributes
                0x00000967       0x34 /opt/arm-gnu-toolchain-15.2.rel1-x86_64-arm-none-eabi/bin/../lib/gcc/arm-none-eabi/15.2.1/../../../../arm-none-eabi/lib/thumb/v7e-m+fp/hard/libc_nano.a(libc_a-readr.o)
 .ARM.attributes
                0x0000099b       0x34 /opt/arm-gnu-toolchain-15.2.rel1-x86_64-arm-none-eabi/bin/../lib/gcc/arm-none-eabi/15.2.1/../../../../arm-none-eabi/lib/thumb/v7e-m+fp/hard/libc_nano.a(libc_a-writer.o)
 .ARM.attributes
                0x000009cf       0x34 /opt/arm-gnu-toolchain-15.2.rel1-x86_64-arm-none-eabi/bin/../lib/gcc/arm-none-eabi/15.2.1/../../../../arm-none-eabi/lib/thumb/v7e-m+fp/hard/libc_nano.a(libc_a-errno.o)
 .ARM.attributes
                0x00000a03       0x34 /opt/arm-gnu-toolchain-15.2.rel1-x86_64-arm-none-eabi/bin/../lib/gcc/arm-none-eabi/15.2.1/../../../../arm-none-eabi/lib/thumb/v7e-m+fp/hard/libc_nano.a(libc_a-init.o)
 .ARM.attributes
                0x00000a37       0x34 /opt/arm-gnu-toolchain-15.2.rel1-x86_64-arm-none-eabi/bin/../lib/gcc/arm-none-eabi/15.2.1/../../../../arm-none-eabi/lib/thumb/v7e-m+fp/hard/libc_nano.a(libc_a-lock.o)
 .ARM.attributes
                0x00000a6b       0x1c /opt/arm-gnu-toolchain-15.2.rel1-x86_64-arm-none-eabi/bin/../lib/gcc/arm-none-eabi/15.2.1/../../../../arm-none-eabi/lib/thumb/v7e-m+fp/hard/libc_nano.a(libc_a-memchr.o)
 .ARM.attributes
                0x00000a87       0x34 /opt/arm-gnu-toolchain-15.2.rel1-x86_64-arm-none-eabi/bin/../lib/gcc/arm-none-eabi/15.2.1/../../../../arm-none-eabi/lib/thumb/v7e-m+fp/hard/libc_nano.a(libc_a-memcpy-stub.o)
 .ARM.attributes
                0x00000abb       0x17 /opt/arm-gnu-toolchain-15.2.rel1-x86_64-arm-none-eabi/bin/../lib/gcc/arm-none-eabi/15.2.1/../../../../arm-none-eabi/lib/thumb/v7e-m+fp/hard/libc_nano.a(libc_a-strlen.o)
 .ARM.attributes
                0x00000ad2       0x34 /opt/arm-gnu-toolchain-15.2.rel1-x86_64-arm-none-eabi/bin/../lib/gcc/arm-none-eabi/15.2.1/../../../../arm-none-eabi/lib/thumb/v7e-m+fp/hard/libc_nano.a(libc_a-dtoa.o)
 .ARM.attributes
                0x00000b06       0x34 /opt/arm-gnu-toolchain-15.2.rel1-x86_64-arm-none-eabi/bin/../lib/gcc/arm-none-eabi/15.2.1/../../../../arm-none-eabi/lib/thumb/v7e-m+fp/hard/libc_nano.a(libc_a-freer.o)
 .ARM.attributes
                0x00000b3a       0x34 /opt/arm-gnu-toolchain-15.2.rel1-x86_64-arm-none-eabi/bin/../lib/gcc/arm-none-eabi/15.2.1/../../../../arm-none-eabi/lib/thumb/v7e-m+fp/hard/libc_nano.a(libc_a-malloc.o)
 .ARM.attributes
                0x00000b6e       0x34 /opt/arm-gnu-toolchain-15.2.rel1-x86_64-arm-none-eabi/bin/../lib/gcc/arm-none-eabi/15.2.1/../../../../arm-none-eabi/lib/thumb/v7e-m+fp/hard/libc_nano.a(libc_a-mallocr.o)
 .ARM.attributes
                0x00000ba2       0x34 /opt/arm-gnu-toolchain-15.2.rel1-x86_64-arm-none-eabi/bin/../lib/gcc/arm-none-eabi/15.2.1/../../../../arm-none-eabi/lib/thumb/v7e-m+fp/hard/libc_nano.a(libc_a-mlock.o)
 .ARM.attributes
                0x00000bd6       0x34 /opt/arm-gnu-toolchain-15.2.rel1-x86_64-arm-none-eabi/bin/../lib/gcc/arm-none-eabi/15.2.1/../../../../arm-none-eabi/lib/thumb/v7e-m+fp/hard/libc_nano.a(libc_a-mprec.o)
 .ARM.attributes
                0x00000c0a       0x34 /opt/arm-gnu-toolchain-15.2.rel1-x86_64-arm-none-eabi/bin/../lib/gcc/arm-none-eabi/15.2.1/../../../../arm-none-eabi/lib/thumb/v7e-m+fp/hard/libc_nano.a(libc_a-nano-svfprintf.o)
 .ARM.attributes
                0x00000c3e       0x34 /opt/arm-gnu-toolchain-15.2.rel1-x86_64-arm-none-eabi/bin/../lib/gcc/arm-none-eabi/15.2.1/../../../../arm-none-eabi/lib/thumb/v7e-m+fp/hard/libc_nano.a(libc_a-fflush.o)
 .ARM.attributes
                0x00000c72       0x34 /opt/arm-gnu-toolchain-15.2.rel1-x86_64-arm-none-eabi/bin/../lib/gcc/arm-none-eabi/15.2.1/../../../../arm-none-eabi/lib/thumb/v7e-m+fp/hard/libc_nano.a(libc_a-memmove.o)
 .ARM.attributes